Component: ARM Compiler 5.06 update 6 (build 750) Tool: armlink [4d35ed]

==============================================================================

Section Cross References

    startup_stm32f103xb.o(STACK) refers (Special) to heapauxi.o(.text) for __use_two_region_memory
    startup_stm32f103xb.o(HEAP) refers (Special) to heapauxi.o(.text) for __use_two_region_memory
    startup_stm32f103xb.o(RESET) refers (Special) to heapauxi.o(.text) for __use_two_region_memory
    startup_stm32f103xb.o(RESET) refers to startup_stm32f103xb.o(STACK) for __initial_sp
    startup_stm32f103xb.o(RESET) refers to startup_stm32f103xb.o(.text) for Reset_Handler
    startup_stm32f103xb.o(RESET) refers to stm32f1xx_it.o(i.NMI_Handler) for NMI_Handler
    startup_stm32f103xb.o(RESET) refers to stm32f1xx_it.o(i.HardFault_Handler) for HardFault_Handler
    startup_stm32f103xb.o(RESET) refers to stm32f1xx_it.o(i.MemManage_Handler) for MemManage_Handler
    startup_stm32f103xb.o(RESET) refers to stm32f1xx_it.o(i.BusFault_Handler) for BusFault_Handler
    startup_stm32f103xb.o(RESET) refers to stm32f1xx_it.o(i.UsageFault_Handler) for UsageFault_Handler
    startup_stm32f103xb.o(RESET) refers to stm32f1xx_it.o(i.SVC_Handler) for SVC_Handler
    startup_stm32f103xb.o(RESET) refers to stm32f1xx_it.o(i.DebugMon_Handler) for DebugMon_Handler
    startup_stm32f103xb.o(RESET) refers to stm32f1xx_it.o(i.PendSV_Handler) for PendSV_Handler
    startup_stm32f103xb.o(RESET) refers to stm32f1xx_it.o(i.SysTick_Handler) for SysTick_Handler
    startup_stm32f103xb.o(RESET) refers to stm32f1xx_it.o(i.DMA1_Channel3_IRQHandler) for DMA1_Channel3_IRQHandler
    startup_stm32f103xb.o(RESET) refers to stm32f1xx_it.o(i.DMA1_Channel4_IRQHandler) for DMA1_Channel4_IRQHandler
    startup_stm32f103xb.o(RESET) refers to stm32f1xx_it.o(i.DMA1_Channel5_IRQHandler) for DMA1_Channel5_IRQHandler
    startup_stm32f103xb.o(RESET) refers to stm32f1xx_it.o(i.EXTI9_5_IRQHandler) for EXTI9_5_IRQHandler
    startup_stm32f103xb.o(RESET) refers to stm32f1xx_it.o(i.TIM3_IRQHandler) for TIM3_IRQHandler
    startup_stm32f103xb.o(RESET) refers to stm32f1xx_it.o(i.SPI1_IRQHandler) for SPI1_IRQHandler
    startup_stm32f103xb.o(RESET) refers to stm32f1xx_it.o(i.USART1_IRQHandler) for USART1_IRQHandler
    startup_stm32f103xb.o(RESET) refers to stm32f1xx_it.o(i.EXTI15_10_IRQHandler) for EXTI15_10_IRQHandler
    startup_stm32f103xb.o(.text) refers (Special) to heapauxi.o(.text) for __use_two_region_memory
    startup_stm32f103xb.o(.text) refers to system_stm32f1xx.o(i.SystemInit) for SystemInit
    startup_stm32f103xb.o(.text) refers to __main.o(!!!main) for __main
    startup_stm32f103xb.o(.text) refers to startup_stm32f103xb.o(HEAP) for Heap_Mem
    startup_stm32f103xb.o(.text) refers to startup_stm32f103xb.o(STACK) for Stack_Mem
    main.o(i.HAL_GPIO_EXTI_Callback) refers to stm32f1xx_hal.o(i.HAL_GetTick) for HAL_GetTick
    main.o(i.HAL_GPIO_EXTI_Callback) refers to main.o(.data) for last_interrupt_time
    main.o(i.HAL_GPIO_EXTI_Callback) refers to main.o(.bss) for Wave
    main.o(i.HAL_TIM_PeriodElapsedCallback) refers to main.o(.data) for wave_counter
    main.o(i.HAL_TIM_PeriodElapsedCallback) refers to main.o(.bss) for Wave
    main.o(i.HAL_TIM_PeriodElapsedCallback) refers to tim.o(.bss) for htim2
    main.o(i.SPI_Flash_PageWrite) refers to main.o(i.SPI_Flash_WriteEnable) for SPI_Flash_WriteEnable
    main.o(i.SPI_Flash_PageWrite) refers to stm32f1xx_hal_gpio.o(i.HAL_GPIO_WritePin) for HAL_GPIO_WritePin
    main.o(i.SPI_Flash_PageWrite) refers to stm32f1xx_hal_spi.o(i.HAL_SPI_Transmit) for HAL_SPI_Transmit
    main.o(i.SPI_Flash_PageWrite) refers to main.o(i.SPI_Flash_WaitForWriteEnd) for SPI_Flash_WaitForWriteEnd
    main.o(i.SPI_Flash_PageWrite) refers to spi.o(.bss) for hspi1
    main.o(i.SPI_Flash_ReadData) refers to stm32f1xx_hal_gpio.o(i.HAL_GPIO_WritePin) for HAL_GPIO_WritePin
    main.o(i.SPI_Flash_ReadData) refers to stm32f1xx_hal_spi.o(i.HAL_SPI_Transmit) for HAL_SPI_Transmit
    main.o(i.SPI_Flash_ReadData) refers to stm32f1xx_hal_spi.o(i.HAL_SPI_Receive) for HAL_SPI_Receive
    main.o(i.SPI_Flash_ReadData) refers to spi.o(.bss) for hspi1
    main.o(i.SPI_Flash_SectorErase) refers to main.o(i.SPI_Flash_WriteEnable) for SPI_Flash_WriteEnable
    main.o(i.SPI_Flash_SectorErase) refers to stm32f1xx_hal_gpio.o(i.HAL_GPIO_WritePin) for HAL_GPIO_WritePin
    main.o(i.SPI_Flash_SectorErase) refers to stm32f1xx_hal_spi.o(i.HAL_SPI_Transmit) for HAL_SPI_Transmit
    main.o(i.SPI_Flash_SectorErase) refers to main.o(i.SPI_Flash_WaitForWriteEnd) for SPI_Flash_WaitForWriteEnd
    main.o(i.SPI_Flash_SectorErase) refers to spi.o(.bss) for hspi1
    main.o(i.SPI_Flash_WaitForWriteEnd) refers to stm32f1xx_hal_gpio.o(i.HAL_GPIO_WritePin) for HAL_GPIO_WritePin
    main.o(i.SPI_Flash_WaitForWriteEnd) refers to stm32f1xx_hal_spi.o(i.HAL_SPI_Transmit) for HAL_SPI_Transmit
    main.o(i.SPI_Flash_WaitForWriteEnd) refers to stm32f1xx_hal_spi.o(i.HAL_SPI_Receive) for HAL_SPI_Receive
[...]
    ..\Drivers\STM32F1xx_HAL_Driver\Src\stm32f1xx_hal_pwr.c 0x00000000   Number         0  stm32f1xx_hal_pwr.o ABSOLUTE
    ..\Drivers\STM32F1xx_HAL_Driver\Src\stm32f1xx_hal_rcc.c 0x00000000   Number         0  stm32f1xx_hal_rcc.o ABSOLUTE
    ..\Drivers\STM32F1xx_HAL_Driver\Src\stm32f1xx_hal_rcc_ex.c 0x00000000   Number         0  stm32f1xx_hal_rcc_ex.o ABSOLUTE
    ..\Drivers\STM32F1xx_HAL_Driver\Src\stm32f1xx_hal_spi.c 0x00000000   Number         0  stm32f1xx_hal_spi.o ABSOLUTE
    ..\Drivers\STM32F1xx_HAL_Driver\Src\stm32f1xx_hal_tim.c 0x00000000   Number         0  stm32f1xx_hal_tim.o ABSOLUTE
    ..\Drivers\STM32F1xx_HAL_Driver\Src\stm32f1xx_hal_tim_ex.c 0x00000000   Number         0  stm32f1xx_hal_tim_ex.o ABSOLUTE
    ..\Drivers\STM32F1xx_HAL_Driver\Src\stm32f1xx_hal_uart.c 0x00000000   Number         0  stm32f1xx_hal_uart.o ABSOLUTE
    dc.s                                     0x00000000   Number         0  dc.o ABSOLUTE
    startup_stm32f103xb.s                    0x00000000   Number         0  startup_stm32f103xb.o ABSOLUTE
    RESET                                    0x08000000   Section      236  startup_stm32f103xb.o(RESET)
    !!!main                                  0x080000ec   Section        8  __main.o(!!!main)
    !!!scatter                               0x080000f4   Section       52  __scatter.o(!!!scatter)
    !!dczerorl2                              0x08000128   Section       90  __dczerorl2.o(!!dczerorl2)
    !!handler_zi                             0x08000184   Section       28  __scatter_zi.o(!!handler_zi)
    .ARM.Collect$$libinit$$00000000          0x080001a0   Section        2  libinit.o(.ARM.Collect$$libinit$$00000000)
    .ARM.Collect$$libinit$$00000002          0x080001a2   Section        0  libinit2.o(.ARM.Collect$$libinit$$00000002)
    .ARM.Collect$$libinit$$00000004          0x080001a2   Section        0  libinit2.o(.ARM.Collect$$libinit$$00000004)
    .ARM.Collect$$libinit$$0000000A          0x080001a2   Section        0  libinit2.o(.ARM.Collect$$libinit$$0000000A)
    .ARM.Collect$$libinit$$0000000C          0x080001a2   Section        0  libinit2.o(.ARM.Collect$$libinit$$0000000C)
    .ARM.Collect$$libinit$$0000000E          0x080001a2   Section        0  libinit2.o(.ARM.Collect$$libinit$$0000000E)
    .ARM.Collect$$libinit$$00000011          0x080001a2   Section        0  libinit2.o(.ARM.Collect$$libinit$$00000011)
    .ARM.Collect$$libinit$$00000013          0x080001a2   Section        0  libinit2.o(.ARM.Collect$$libinit$$00000013)
    .ARM.Collect$$libinit$$00000015          0x080001a2   Section        0  libinit2.o(.ARM.Collect$$libinit$$00000015)
    .ARM.Collect$$libinit$$00000017          0x080001a2   Section        0  libinit2.o(.ARM.Collect$$libinit$$00000017)
    .ARM.Collect$$libinit$$00000019          0x080001a2   Section        0  libinit2.o(.ARM.Collect$$libinit$$00000019)
    .ARM.Collect$$libinit$$0000001B          0x080001a2   Section        0  libinit2.o(.ARM.Collect$$libinit$$0000001B)
    .ARM.Collect$$libinit$$0000001D          0x080001a2   Section        0  libinit2.o(.ARM.Collect$$libinit$$0000001D)
    .ARM.Collect$$libinit$$0000001F          0x080001a2   Section        0  libinit2.o(.ARM.Collect$$libinit$$0000001F)
    .ARM.Collect$$libinit$$00000021          0x080001a2   Section        0  libinit2.o(.ARM.Collect$$libinit$$00000021)
    .ARM.Collect$$libinit$$00000023          0x080001a2   Section        0  libinit2.o(.ARM.Collect$$libinit$$00000023)
    .ARM.Collect$$libinit$$00000025          0x080001a2   Section        0  libinit2.o(.ARM.Collect$$libinit$$00000025)
    .ARM.Collect$$libinit$$0000002C          0x080001a2   Section        0  libinit2.o(.ARM.Collect$$libinit$$0000002C)
    .ARM.Collect$$libinit$$0000002E          0x080001a2   Section        0  libinit2.o(.ARM.Collect$$libinit$$0000002E)
    .ARM.Collect$$libinit$$00000030          0x080001a2   Section        0  libinit2.o(.ARM.Collect$$libinit$$00000030)
    .ARM.Collect$$libinit$$00000032          0x080001a2   Section        0  libinit2.o(.ARM.Collect$$libinit$$00000032)
    .ARM.Collect$$libinit$$00000033          0x080001a2   Section        2  libinit2.o(.ARM.Collect$$libinit$$00000033)
    .ARM.Collect$$libshutdown$$00000000      0x080001a4   Section        2  libshutdown.o(.ARM.Collect$$libshutdown$$00000000)
    .ARM.Collect$$libshutdown$$00000002      0x080001a6   Section        0  libshutdown2.o(.ARM.Collect$$libshutdown$$00000002)
    .ARM.Collect$$libshutdown$$00000004      0x080001a6   Section        0  libshutdown2.o(.ARM.Collect$$libshutdown$$00000004)
    .ARM.Collect$$libshutdown$$00000007      0x080001a6   Section        0  libshutdown2.o(.ARM.Collect$$libshutdown$$00000007)
    .ARM.Collect$$libshutdown$$0000000A      0x080001a6   Section        0  libshutdown2.o(.ARM.Collect$$libshutdown$$0000000A)
    .ARM.Collect$$libshutdown$$0000000C      0x080001a6   Section        0  libshutdown2.o(.ARM.Collect$$libshutdown$$0000000C)
    .ARM.Collect$$libshutdown$$0000000F      0x080001a6   Section        0  libshutdown2.o(.ARM.Collect$$libshutdown$$0000000F)
    .ARM.Collect$$libshutdown$$00000010      0x080001a6   Section        2  libshutdown2.o(.ARM.Collect$$libshutdown$$00000010)
    .ARM.Collect$$rtentry$$00000000          0x080001a8   Section        0  __rtentry.o(.ARM.Collect$$rtentry$$00000000)
    .ARM.Collect$$rtentry$$00000002          0x080001a8   Section        0  __rtentry2.o(.ARM.Collect$$rtentry$$00000002)
    .ARM.Collect$$rtentry$$00000004          0x080001a8   Section        6  __rtentry4.o(.ARM.Collect$$rtentry$$00000004)
    .ARM.Collect$$rtentry$$00000009          0x080001ae   Section        0  __rtentry2.o(.ARM.Collect$$rtentry$$00000009)
    .ARM.Collect$$rtentry$$0000000A          0x080001ae   Section        4  __rtentry2.o(.ARM.Collect$$rtentry$$0000000A)
    .ARM.Collect$$rtentry$$0000000C          0x080001b2   Section        0  __rtentry2.o(.ARM.Collect$$rtentry$$0000000C)
    .ARM.Collect$$rtentry$$0000000D          0x080001b2   Section        8  __rtentry2.o(.ARM.Collect$$rtentry$$0000000D)
    .ARM.Collect$$rtexit$$00000000           0x080001ba   Section        2  rtexit.o(.ARM.Collect$$rtexit$$00000000)
    .ARM.Collect$$rtexit$$00000002           0x080001bc   Section        0  rtexit2.o(.ARM.Collect$$rtexit$$00000002)
    .ARM.Collect$$rtexit$$00000003           0x080001bc   Section        4  rtexit2.o(.ARM.Collect$$rtexit$$00000003)
    .ARM.Collect$$rtexit$$00000004           0x080001c0   Section        6  rtexit2.o(.ARM.Collect$$rtexit$$00000004)
    .text                                    0x080001c8   Section       64  startup_stm32f103xb.o(.text)
    .text                                    0x08000208   Section      100  rt_memcpy_w.o(.text)
    .text                                    0x0800026c   Section       78  rt_memclr_w.o(.text)
    .text                                    0x080002ba   Section        0  heapauxi.o(.text)
    .text                                    0x080002c0   Section        0  _rserrno.o(.text)
    .text                                    0x080002d8   Section        8  rt_errno_addr_intlibspace.o(.text)
    .text                                    0x080002e0   Section        8  libspace.o(.text)
    .text                                    0x080002e8   Section       74  sys_stackheap_outer.o(.text)
    .text                                    0x08000332   Section        0  exit.o(.text)
    .text                                    0x08000344   Section        0  sys_exit.o(.text)
    .text                                    0x08000350   Section        2  use_no_semi.o(.text)
    .text                                    0x08000352   Section        0  indicate_semi.o(.text)
    i.BusFault_Handler                       0x08000352   Section        0  stm32f1xx_it.o(i.BusFault_Handler)
    i.DMA1_Channel3_IRQHandler               0x08000358   Section        0  stm32f1xx_it.o(i.DMA1_Channel3_IRQHandler)
    i.DMA1_Channel4_IRQHandler               0x08000368   Section        0  stm32f1xx_it.o(i.DMA1_Channel4_IRQHandler)
    i.DMA1_Channel5_IRQHandler               0x08000378   Section        0  stm32f1xx_it.o(i.DMA1_Channel5_IRQHandler)
    i.DebugMon_Handler                       0x08000388   Section        0  stm32f1xx_it.o(i.DebugMon_Handler)
    i.EXTI15_10_IRQHandler                   0x0800038a   Section        0  stm32f1xx_it.o(i.EXTI15_10_IRQHandler)
    i.EXTI9_5_IRQHandler                     0x08000396   Section        0  stm32f1xx_it.o(i.EXTI9_5_IRQHandler)
    i.Error_Handler                          0x080003a2   Section        0  main.o(i.Error_Handler)
    i.HAL_DMA_Abort                          0x080003a8   Section        0  stm32f1xx_hal_dma.o(i.HAL_DMA_Abort)
    i.HAL_DMA_Abort_IT                       0x08000400   Section        0  stm32f1xx_hal_dma.o(i.HAL_DMA_Abort_IT)
    i.HAL_DMA_IRQHandler                     0x080004b0   Section        0  stm32f1xx_hal_dma.o(i.HAL_DMA_IRQHandler)
    i.HAL_DMA_Init                           0x0800064c   Section        0  stm32f1xx_hal_dma.o(i.HAL_DMA_Init)
    i.HAL_Delay                              0x080006b4   Section        0  stm32f1xx_hal.o(i.HAL_Delay)
    i.HAL_GPIO_EXTI_Callback                 0x080006dc   Section        0  main.o(i.HAL_GPIO_EXTI_Callback)
    i.HAL_GPIO_EXTI_IRQHandler               0x08000790   Section        0  stm32f1xx_hal_gpio.o(i.HAL_GPIO_EXTI_IRQHandler)
    i.HAL_GPIO_Init                          0x080007ac   Section        0  stm32f1xx_hal_gpio.o(i.HAL_GPIO_Init)
    i.HAL_GPIO_WritePin                      0x08000acc   Section        0  stm32f1xx_hal_gpio.o(i.HAL_GPIO_WritePin)
    i.HAL_GetTick                            0x08000ad8   Section        0  stm32f1xx_hal.o(i.HAL_GetTick)
    i.HAL_IncTick                            0x08000ae4   Section        0  stm32f1xx_hal.o(i.HAL_IncTick)
    i.HAL_Init                               0x08000afc   Section        0  stm32f1xx_hal.o(i.HAL_Init)
    i.HAL_InitTick                           0x08000b24   Section        0  stm32f1xx_hal.o(i.HAL_InitTick)
    i.HAL_MspInit                            0x08000b70   Section        0  stm32f1xx_hal_msp.o(i.HAL_MspInit)
    i.HAL_NVIC_EnableIRQ                     0x08000bc4   Section        0  stm32f1xx_hal_cortex.o(i.HAL_NVIC_EnableIRQ)
    i.HAL_NVIC_SetPriority                   0x08000be4   Section        0  stm32f1xx_hal_cortex.o(i.HAL_NVIC_SetPriority)
    i.HAL_NVIC_SetPriorityGrouping           0x08000c60   Section        0  stm32f1xx_hal_cortex.o(i.HAL_NVIC_SetPriorityGrouping)
    i.HAL_RCC_ClockConfig                    0x08000c88   Section        0  stm32f1xx_hal_rcc.o(i.HAL_RCC_ClockConfig)
    i.HAL_RCC_GetHCLKFreq                    0x08000e14   Section        0  stm32f1xx_hal_rcc.o(i.HAL_RCC_GetHCLKFreq)
    i.HAL_RCC_GetPCLK1Freq                   0x08000e20   Section        0  stm32f1xx_hal_rcc.o(i.HAL_RCC_GetPCLK1Freq)
    i.HAL_RCC_GetPCLK2Freq                   0x08000e40   Section        0  stm32f1xx_hal_rcc.o(i.HAL_RCC_GetPCLK2Freq)
    i.HAL_RCC_GetSysClockFreq                0x08000e60   Section        0  stm32f1xx_hal_rcc.o(i.HAL_RCC_GetSysClockFreq)
    i.HAL_RCC_OscConfig                      0x08000ed0   Section        0  stm32f1xx_hal_rcc.o(i.HAL_RCC_OscConfig)
    i.HAL_SPI_ErrorCallback                  0x08001334   Section        0  stm32f1xx_hal_spi.o(i.HAL_SPI_ErrorCallback)
    i.HAL_SPI_IRQHandler                     0x08001338   Section        0  stm32f1xx_hal_spi.o(i.HAL_SPI_IRQHandler)
    i.HAL_SPI_Init                           0x0800146c   Section        0  stm32f1xx_hal_spi.o(i.HAL_SPI_Init)
    i.HAL_SPI_MspInit                        0x0800152c   Section        0  spi.o(i.HAL_SPI_MspInit)
    i.HAL_SPI_Receive                        0x08001600   Section        0  stm32f1xx_hal_spi.o(i.HAL_SPI_Receive)
    i.HAL_SPI_Transmit                       0x08001782   Section        0  stm32f1xx_hal_spi.o(i.HAL_SPI_Transmit)
    i.HAL_SPI_TransmitReceive                0x08001940   Section        0  stm32f1xx_hal_spi.o(i.HAL_SPI_TransmitReceive)
    i.HAL_SYSTICK_Config                     0x08001b88   Section        0  stm32f1xx_hal_cortex.o(i.HAL_SYSTICK_Config)
    i.HAL_TIMEx_BreakCallback                0x08001bbc   Section        0  stm32f1xx_hal_tim_ex.o(i.HAL_TIMEx_BreakCallback)
    i.HAL_TIMEx_CommutCallback               0x08001bbe   Section        0  stm32f1xx_hal_tim_ex.o(i.HAL_TIMEx_CommutCallback)
    i.HAL_TIMEx_MasterConfigSynchronization  0x08001bc0   Section        0  stm32f1xx_hal_tim_ex.o(i.HAL_TIMEx_MasterConfigSynchronization)
    i.HAL_TIM_Base_Init                      0x08001c44   Section        0  stm32f1xx_hal_tim.o(i.HAL_TIM_Base_Init)
    i.HAL_TIM_Base_MspInit                   0x08001cac   Section        0  tim.o(i.HAL_TIM_Base_MspInit)
    i.HAL_TIM_Base_Start_IT                  0x08001d14   Section        0  stm32f1xx_hal_tim.o(i.HAL_TIM_Base_Start_IT)
    i.HAL_TIM_ConfigClockSource              0x08001d8c   Section        0  stm32f1xx_hal_tim.o(i.HAL_TIM_ConfigClockSource)
    i.HAL_TIM_Encoder_Init                   0x08001e98   Section        0  stm32f1xx_hal_tim.o(i.HAL_TIM_Encoder_Init)
    i.HAL_TIM_Encoder_MspInit                0x08001f5c   Section        0  tim.o(i.HAL_TIM_Encoder_MspInit)
    i.HAL_TIM_Encoder_Start                  0x08001fd0   Section        0  stm32f1xx_hal_tim.o(i.HAL_TIM_Encoder_Start)
    i.HAL_TIM_IC_CaptureCallback             0x0800209c   Section        0  stm32f1xx_hal_tim.o(i.HAL_TIM_IC_CaptureCallback)
    i.HAL_TIM_IRQHandler                     0x0800209e   Section        0  stm32f1xx_hal_tim.o(i.HAL_TIM_IRQHandler)
    i.HAL_TIM_MspPostInit                    0x0800220c   Section        0  tim.o(i.HAL_TIM_MspPostInit)
    i.HAL_TIM_OC_DelayElapsedCallback        0x08002260   Section        0  stm32f1xx_hal_tim.o(i.HAL_TIM_OC_DelayElapsedCallback)
    i.HAL_TIM_PWM_ConfigChannel              0x08002262   Section        0  stm32f1xx_hal_tim.o(i.HAL_TIM_PWM_ConfigChannel)
    i.HAL_TIM_PWM_Init                       0x08002366   Section        0  stm32f1xx_hal_tim.o(i.HAL_TIM_PWM_Init)
    i.HAL_TIM_PWM_MspInit                    0x080023cc   Section        0  stm32f1xx_hal_tim.o(i.HAL_TIM_PWM_MspInit)
    i.HAL_TIM_PWM_PulseFinishedCallback      0x080023ce   Section        0  stm32f1xx_hal_tim.o(i.HAL_TIM_PWM_PulseFinishedCallback)
    i.HAL_TIM_PWM_Start                      0x080023d0   Section        0  stm32f1xx_hal_tim.o(i.HAL_TIM_PWM_Start)
    i.HAL_TIM_PWM_Stop                       0x080024a4   Section        0  stm32f1xx_hal_tim.o(i.HAL_TIM_PWM_Stop)
    i.HAL_TIM_PeriodElapsedCallback          0x08002540   Section        0  main.o(i.HAL_TIM_PeriodElapsedCallback)
    i.HAL_TIM_TriggerCallback                0x080025b0   Section        0  stm32f1xx_hal_tim.o(i.HAL_TIM_TriggerCallback)
    i.HAL_UARTEx_RxEventCallback             0x080025b2   Section        0  stm32f1xx_hal_uart.o(i.HAL_UARTEx_RxEventCallback)
    i.HAL_UART_ErrorCallback                 0x080025b4   Section        0  stm32f1xx_hal_uart.o(i.HAL_UART_ErrorCallback)
    i.HAL_UART_IRQHandler                    0x080025b8   Section        0  stm32f1xx_hal_uart.o(i.HAL_UART_IRQHandler)
    i.HAL_UART_Init                          0x0800289c   Section        0  stm32f1xx_hal_uart.o(i.HAL_UART_Init)
    i.HAL_UART_MspInit                       0x08002914   Section        0  usart.o(i.HAL_UART_MspInit)
    i.HAL_UART_RxCpltCallback                0x08002a24   Section        0  stm32f1xx_hal_uart.o(i.HAL_UART_RxCpltCallback)
    i.HAL_UART_TxCpltCallback                0x08002a26   Section        0  stm32f1xx_hal_uart.o(i.HAL_UART_TxCpltCallback)
    i.HardFault_Handler                      0x08002a28   Section        0  stm32f1xx_it.o(i.HardFault_Handler)
    i.MX_DMA_Init                            0x08002a2c   Section        0  dma.o(i.MX_DMA_Init)
    i.MX_GPIO_Init                           0x08002a80   Section        0  gpio.o(i.MX_GPIO_Init)
    i.MX_SPI1_Init                           0x08002bf0   Section        0  spi.o(i.MX_SPI1_Init)
    i.MX_TIM2_Init                           0x08002c34   Section        0  tim.o(i.MX_TIM2_Init)
    i.MX_TIM3_Init                           0x08002cfc   Section        0  tim.o(i.MX_TIM3_Init)
    i.MX_TIM4_Init                           0x08002d68   Section        0  tim.o(i.MX_TIM4_Init)
    i.MX_USART1_UART_Init                    0x08002de8   Section        0  usart.o(i.MX_USART1_UART_Init)
    i.MemManage_Handler                      0x08002e20   Section        0  stm32f1xx_it.o(i.MemManage_Handler)
    i.NMI_Handler                            0x08002e24   Section        0  stm32f1xx_it.o(i.NMI_Handler)
    i.PendSV_Handler                         0x08002e28   Section        0  stm32f1xx_it.o(i.PendSV_Handler)
    i.RCC_Delay                              0x08002e2c   Section        0  stm32f1xx_hal_rcc.o(i.RCC_Delay)
    RCC_Delay                                0x08002e2d   Thumb Code    36  stm32f1xx_hal_rcc.o(i.RCC_Delay)
    i.SPI1_IRQHandler                        0x08002e54   Section        0  stm32f1xx_it.o(i.SPI1_IRQHandler)
    i.SPI_DMAAbortOnError                    0x08002e64   Section        0  stm32f1xx_hal_spi.o(i.SPI_DMAAbortOnError)
    SPI_DMAAbortOnError                      0x08002e65   Thumb Code    20  stm32f1xx_hal_spi.o(i.SPI_DMAAbortOnError)
    i.SPI_EndRxTransaction                   0x08002e78   Section        0  stm32f1xx_hal_spi.o(i.SPI_EndRxTransaction)
    SPI_EndRxTransaction                     0x08002e79   Thumb Code   120  stm32f1xx_hal_spi.o(i.SPI_EndRxTransaction)
    i.SPI_EndRxTxTransaction                 0x08002ef0   Section        0  stm32f1xx_hal_spi.o(i.SPI_EndRxTxTransaction)
    SPI_EndRxTxTransaction                   0x08002ef1   Thumb Code    68  stm32f1xx_hal_spi.o(i.SPI_EndRxTxTransaction)
    i.SPI_Flash_PageWrite                    0x08002f34   Section        0  main.o(i.SPI_Flash_PageWrite)
    i.SPI_Flash_ReadData                     0x08002f9c   Section        0  main.o(i.SPI_Flash_ReadData)
    i.SPI_Flash_SectorErase                  0x08002ffc   Section        0  main.o(i.SPI_Flash_SectorErase)
    i.SPI_Flash_WaitForWriteEnd              0x08003050   Section        0  main.o(i.SPI_Flash_WaitForWriteEnd)
    i.SPI_Flash_WriteEnable                  0x080030a4   Section        0  main.o(i.SPI_Flash_WriteEnable)
    i.SPI_WaitFlagStateUntilTimeout          0x080030dc   Section        0  stm32f1xx_hal_spi.o(i.SPI_WaitFlagStateUntilTimeout)
    SPI_WaitFlagStateUntilTimeout            0x080030dd   Thumb Code   210  stm32f1xx_hal_spi.o(i.SPI_WaitFlagStateUntilTimeout)
    i.SVC_Handler                            0x080031b4   Section        0  stm32f1xx_it.o(i.SVC_Handler)
    i.SysTick_Handler                        0x080031b6   Section        0  stm32f1xx_it.o(i.SysTick_Handler)
    i.SystemClock_Config                     0x080031be   Section        0  main.o(i.SystemClock_Config)
    i.SystemInit                             0x08003224   Section        0  system_stm32f1xx.o(i.SystemInit)
    i.TIM3_IRQHandler                        0x08003228   Section        0  stm32f1xx_it.o(i.TIM3_IRQHandler)
    i.TIM_Base_SetConfig                     0x08003238   Section        0  stm32f1xx_hal_tim.o(i.TIM_Base_SetConfig)
    i.TIM_CCxChannelCmd                      0x080032bc   Section        0  stm32f1xx_hal_tim.o(i.TIM_CCxChannelCmd)
    i.TIM_ETR_SetConfig                      0x080032de   Section        0  stm32f1xx_hal_tim.o(i.TIM_ETR_SetConfig)
    i.TIM_ITRx_SetConfig                     0x080032f4   Section        0  stm32f1xx_hal_tim.o(i.TIM_ITRx_SetConfig)
    TIM_ITRx_SetConfig                       0x080032f5   Thumb Code    18  stm32f1xx_hal_tim.o(i.TIM_ITRx_SetConfig)
    i.TIM_OC1_SetConfig                      0x08003308   Section        0  stm32f1xx_hal_tim.o(i.TIM_OC1_SetConfig)
    TIM_OC1_SetConfig                        0x08003309   Thumb Code    90  stm32f1xx_hal_tim.o(i.TIM_OC1_SetConfig)
    i.TIM_OC2_SetConfig                      0x08003368   Section        0  stm32f1xx_hal_tim.o(i.TIM_OC2_SetConfig)
    i.TIM_OC3_SetConfig                      0x080033d0   Section        0  stm32f1xx_hal_tim.o(i.TIM_OC3_SetConfig)
    TIM_OC3_SetConfig                        0x080033d1   Thumb Code    98  stm32f1xx_hal_tim.o(i.TIM_OC3_SetConfig)
    i.TIM_OC4_SetConfig                      0x08003438   Section        0  stm32f1xx_hal_tim.o(i.TIM_OC4_SetConfig)
    TIM_OC4_SetConfig                        0x08003439   Thumb Code    68  stm32f1xx_hal_tim.o(i.TIM_OC4_SetConfig)
    i.TIM_TI1_ConfigInputStage               0x08003480   Section        0  stm32f1xx_hal_tim.o(i.TIM_TI1_ConfigInputStage)
    TIM_TI1_ConfigInputStage                 0x08003481   Thumb Code    38  stm32f1xx_hal_tim.o(i.TIM_TI1_ConfigInputStage)
    i.TIM_TI2_ConfigInputStage               0x080034a6   Section        0  stm32f1xx_hal_tim.o(i.TIM_TI2_ConfigInputStage)
    TIM_TI2_ConfigInputStage                 0x080034a7   Thumb Code    40  stm32f1xx_hal_tim.o(i.TIM_TI2_ConfigInputStage)
    i.UART_DMAAbortOnError                   0x080034ce   Section        0  stm32f1xx_hal_uart.o(i.UART_DMAAbortOnError)
    UART_DMAAbortOnError                     0x080034cf   Thumb Code    20  stm32f1xx_hal_uart.o(i.UART_DMAAbortOnError)
    i.UART_EndRxTransfer                     0x080034e2   Section        0  stm32f1xx_hal_uart.o(i.UART_EndRxTransfer)
    UART_EndRxTransfer                       0x080034e3   Thumb Code   108  stm32f1xx_hal_uart.o(i.UART_EndRxTransfer)
    i.UART_EndTransmit_IT                    0x0800354e   Section        0  stm32f1xx_hal_uart.o(i.UART_EndTransmit_IT)
    UART_EndTransmit_IT                      0x0800354f   Thumb Code    32  stm32f1xx_hal_uart.o(i.UART_EndTransmit_IT)
    i.UART_Receive_IT                        0x0800356e   Section        0  stm32f1xx_hal_uart.o(i.UART_Receive_IT)
    UART_Receive_IT                          0x0800356f   Thumb Code   252  stm32f1xx_hal_uart.o(i.UART_Receive_IT)
    i.UART_SetConfig                         0x0800366c   Section        0  stm32f1xx_hal_uart.o(i.UART_SetConfig)
    UART_SetConfig                           0x0800366d   Thumb Code   248  stm32f1xx_hal_uart.o(i.UART_SetConfig)
    i.UART_Transmit_IT                       0x08003768   Section        0  stm32f1xx_hal_uart.o(i.UART_Transmit_IT)
    UART_Transmit_IT                         0x08003769   Thumb Code    96  stm32f1xx_hal_uart.o(i.UART_Transmit_IT)
    i.USART1_IRQHandler                      0x080037c8   Section        0  stm32f1xx_it.o(i.USART1_IRQHandler)
    i.UsageFault_Handler                     0x080037d8   Section        0  stm32f1xx_it.o(i.UsageFault_Handler)
    i.__ARM_fpclassify                       0x080037dc   Section        0  fpclassify.o(i.__ARM_fpclassify)
    i.__NVIC_GetPriorityGrouping             0x08003804   Section        0  stm32f1xx_hal_cortex.o(i.__NVIC_GetPriorityGrouping)
    __NVIC_GetPriorityGrouping               0x08003805   Thumb Code    10  stm32f1xx_hal_cortex.o(i.__NVIC_GetPriorityGrouping)
    i.__NVIC_SetPriority                     0x08003814   Section        0  stm32f1xx_hal_cortex.o(i.__NVIC_SetPriority)
    __NVIC_SetPriority                       0x08003815   Thumb Code    32  stm32f1xx_hal_cortex.o(i.__NVIC_SetPriority)
    i.__kernel_poly                          0x0800383c   Section        0  poly.o(i.__kernel_poly)
    i.__mathlib_dbl_divzero                  0x080038e8   Section        0  dunder.o(i.__mathlib_dbl_divzero)
    i.__mathlib_dbl_infnan2                  0x080038f8   Section        0  dunder.o(i.__mathlib_dbl_infnan2)
    i.__mathlib_dbl_invalid                  0x080038fc   Section        0  dunder.o(i.__mathlib_dbl_invalid)
    i.__mathlib_dbl_overflow                 0x08003908   Section        0  dunder.o(i.__mathlib_dbl_overflow)
    i.__mathlib_dbl_underflow                0x08003918   Section        0  dunder.o(i.__mathlib_dbl_underflow)
    i.main                                   0x08003928   Section        0  main.o(i.main)
    i.pow                                    0x08003b8c   Section        0  pow.o(i.pow)
    i.sqrt                                   0x08004564   Section        0  sqrt.o(i.sqrt)
    x$fpl$dadd                               0x080045b0   Section      336  daddsub_clz.o(x$fpl$dadd)
    _dadd1                                   0x080045c1   Thumb Code     0  daddsub_clz.o(x$fpl$dadd)
    x$fpl$dcheck1                            0x08004700   Section       16  dcheck1.o(x$fpl$dcheck1)
    x$fpl$dcmpinf                            0x08004710   Section       24  dcmpi.o(x$fpl$dcmpinf)
    x$fpl$ddiv                               0x08004728   Section      688  ddiv.o(x$fpl$ddiv)
    ddiv_entry                               0x0800472f   Thumb Code     0  ddiv.o(x$fpl$ddiv)
    x$fpl$dfix                               0x080049d8   Section       94  dfix.o(x$fpl$dfix)
    x$fpl$dflt                               0x08004a36   Section       46  dflt_clz.o(x$fpl$dflt)
    x$fpl$dleqf                              0x08004a64   Section      120  dleqf.o(x$fpl$dleqf)
    x$fpl$dmul                               0x08004adc   Section      340  dmul.o(x$fpl$dmul)
    x$fpl$dnaninf                            0x08004c30   Section      156  dnaninf.o(x$fpl$dnaninf)
    x$fpl$dretinf                            0x08004ccc   Section       12  dretinf.o(x$fpl$dretinf)
    x$fpl$drleqf                             0x08004cd8   Section      108  drleqf.o(x$fpl$drleqf)
    x$fpl$drsb                               0x08004d44   Section       22  daddsub_clz.o(x$fpl$drsb)
    x$fpl$dsqrt                              0x08004d5c   Section      460  dsqrt_noumaal.o(x$fpl$dsqrt)
    x$fpl$dsub                               0x08004f28   Section      468  daddsub_clz.o(x$fpl$dsub)
    _dsub1                                   0x08004f39   Thumb Code     0  daddsub_clz.o(x$fpl$dsub)
    x$fpl$retnan                             0x080050fc   Section      100  retnan.o(x$fpl$retnan)
    x$fpl$scalbn                             0x08005160   Section       92  scalbn.o(x$fpl$scalbn)
    x$fpl$trapveneer                         0x080051bc   Section       48  trapv.o(x$fpl$trapveneer)
    .constdata                               0x080051ec   Section       18  stm32f1xx_hal_rcc.o(.constdata)
    x$fpl$usenofp                            0x080051ec   Section        0  usenofp.o(x$fpl$usenofp)
    aPLLMULFactorTable                       0x080051ec   Data          16  stm32f1xx_hal_rcc.o(.constdata)
    aPredivFactorTable                       0x080051fc   Data           2  stm32f1xx_hal_rcc.o(.constdata)
    .constdata                               0x080051fe   Section       24  system_stm32f1xx.o(.constdata)
    .constdata                               0x08005218   Section      136  pow.o(.constdata)
    bp                                       0x08005218   Data          16  pow.o(.constdata)
    dp_h                                     0x08005228   Data          16  pow.o(.constdata)
    dp_l                                     0x08005238   Data          16  pow.o(.constdata)
    L                                        0x08005248   Data          48  pow.o(.constdata)
    P                                        0x08005278   Data          40  pow.o(.constdata)
    .constdata                               0x080052a0   Section        8  qnan.o(.constdata)
    .data                                    0x20000000   Section      662  main.o(.data)
    freq                                     0x20000010   Data           4  main.o(.data)
    count_S                                  0x20000014   Data           4  main.o(.data)
    encoder                                  0x20000290   Data           2  main.o(.data)
    last_encoder                             0x20000292   Data           2  main.o(.data)
    wave_counter                             0x20000294   Data           2  main.o(.data)
    .data                                    0x20000298   Section        9  stm32f1xx_hal.o(.data)
    .data                                    0x200002a4   Section        4  system_stm32f1xx.o(.data)
    .bss                                     0x200002a8   Section       28  main.o(.bss)
    .bss                                     0x200002c4   Section      156  spi.o(.bss)
    .bss                                     0x20000360   Section      216  tim.o(.bss)
    .bss                                     0x20000438   Section      208  usart.o(.bss)
    .bss                                     0x20000508   Section       96  libspace.o(.bss)
    HEAP                                     0x20000568   Section      512  startup_stm32f103xb.o(HEAP)
    Heap_Mem                                 0x20000568   Data         512  startup_stm32f103xb.o(HEAP)
    STACK                                    0x20000768   Section     1024  startup_stm32f103xb.o(STACK)
    Stack_Mem                                0x20000768   Data        1024  startup_stm32f103xb.o(STACK)
    __initial_sp                             0x20000b68   Data           0  startup_stm32f103xb.o(STACK)

    Global Symbols

    Symbol Name                              Value     Ov Type        Size  Object(Section)

    BuildAttributes$$THM_ISAv4$P$D$K$B$S$PE$A:L22UL41UL21$X:L11$S22US41US21$IEEE1$IW$USESV6$~STKCKD$USESV7$~SHL$OTIME$ROPI$IEEEX$EBA8$UX$STANDARDLIB$REQ8$PRES8$EABIv2 0x00000000   Number         0  anon$$obj.o ABSOLUTE
    __ARM_use_no_argv                        0x00000000   Number         0  main.o ABSOLUTE
    __ARM_exceptions_init                     - Undefined Weak Reference
    __alloca_initialize                       - Undefined Weak Reference
    __arm_preinit_                            - Undefined Weak Reference
    __cpp_initialize__aeabi_                  - Undefined Weak Reference
    __cxa_finalize                            - Undefined Weak Reference
    __rt_locale                               - Undefined Weak Reference
    __sigvec_lookup                           - Undefined Weak Reference
    _atexit_init                              - Undefined Weak Reference
    _call_atexit_fns                          - Undefined Weak Reference
    _clock_init                               - Undefined Weak Reference
    _fp_trap_init                             - Undefined Weak Reference
    _fp_trap_shutdown                         - Undefined Weak Reference
    _get_lc_collate                           - Undefined Weak Reference
    _get_lc_ctype                             - Undefined Weak Reference
    _get_lc_monetary                          - Undefined Weak Reference
    _get_lc_numeric                           - Undefined Weak Reference
    _get_lc_time                              - Undefined Weak Reference
    _getenv_init                              - Undefined Weak Reference
    _handle_redirection                       - Undefined Weak Reference
    _init_alloc                               - Undefined Weak Reference
    _init_user_alloc                          - Undefined Weak Reference
    _initio                                   - Undefined Weak Reference
    _rand_init                                - Undefined Weak Reference
    _signal_finish                            - Undefined Weak Reference
    _signal_init                              - Undefined Weak Reference
    _terminate_alloc                          - Undefined Weak Reference
    _terminate_user_alloc                     - Undefined Weak Reference
    _terminateio                              - Undefined Weak Reference
    __Vectors_Size                           0x000000ec   Number         0  startup_stm32f103xb.o ABSOLUTE
    __Vectors                                0x08000000   Data           4  startup_stm32f103xb.o(RESET)
    __Vectors_End                            0x080000ec   Data           0  startup_stm32f103xb.o(RESET)
    __main                                   0x080000ed   Thumb Code     8  __main.o(!!!main)
    __scatterload                            0x080000f5   Thumb Code     0  __scatter.o(!!!scatter)
    __scatterload_rt2                        0x080000f5   Thumb Code    44  __scatter.o(!!!scatter)
    __scatterload_rt2_thumb_only             0x080000f5   Thumb Code     0  __scatter.o(!!!scatter)
    __scatterload_null                       0x08000103   Thumb Code     0  __scatter.o(!!!scatter)
    __decompress                             0x08000129   Thumb Code    90  __dczerorl2.o(!!dczerorl2)
    __decompress1                            0x08000129   Thumb Code     0  __dczerorl2.o(!!dczerorl2)
    __scatterload_zeroinit                   0x08000185   Thumb Code    28  __scatter_zi.o(!!handler_zi)
    __rt_lib_init                            0x080001a1   Thumb Code     0  libinit.o(.ARM.Collect$$libinit$$00000000)
    __rt_lib_init_alloca_1                   0x080001a3   Thumb Code     0  libinit2.o(.ARM.Collect$$libinit$$0000002E)
    __rt_lib_init_argv_1                     0x080001a3   Thumb Code     0  libinit2.o(.ARM.Collect$$libinit$$0000002C)
    __rt_lib_init_atexit_1                   0x080001a3   Thumb Code     0  libinit2.o(.ARM.Collect$$libinit$$0000001B)
    __rt_lib_init_clock_1                    0x080001a3   Thumb Code     0  libinit2.o(.ARM.Collect$$libinit$$00000021)
    __rt_lib_init_cpp_1                      0x080001a3   Thumb Code     0  libinit2.o(.ARM.Collect$$libinit$$00000032)
    __rt_lib_init_exceptions_1               0x080001a3   Thumb Code     0  libinit2.o(.ARM.Collect$$libinit$$00000030)
    __rt_lib_init_fp_1                       0x080001a3   Thumb Code     0  libinit2.o(.ARM.Collect$$libinit$$00000002)
    __rt_lib_init_fp_trap_1                  0x080001a3   Thumb Code     0  libinit2.o(.ARM.Collect$$libinit$$0000001F)
    __rt_lib_init_getenv_1                   0x080001a3   Thumb Code     0  libinit2.o(.ARM.Collect$$libinit$$00000023)
    __rt_lib_init_heap_1                     0x080001a3   Thumb Code     0  libinit2.o(.ARM.Collect$$libinit$$0000000A)
    __rt_lib_init_lc_collate_1               0x080001a3   Thumb Code     0  libinit2.o(.ARM.Collect$$libinit$$00000011)
    __rt_lib_init_lc_ctype_1                 0x080001a3   Thumb Code     0  libinit2.o(.ARM.Collect$$libinit$$00000013)
    __rt_lib_init_lc_monetary_1              0x080001a3   Thumb Code     0  libinit2.o(.ARM.Collect$$libinit$$00000015)
    __rt_lib_init_lc_numeric_1               0x080001a3   Thumb Code     0  libinit2.o(.ARM.Collect$$libinit$$00000017)
    __rt_lib_init_lc_time_1                  0x080001a3   Thumb Code     0  libinit2.o(.ARM.Collect$$libinit$$00000019)
    __rt_lib_init_preinit_1                  0x080001a3   Thumb Code     0  libinit2.o(.ARM.Collect$$libinit$$00000004)
    __rt_lib_init_rand_1                     0x080001a3   Thumb Code     0  libinit2.o(.ARM.Collect$$libinit$$0000000E)
    __rt_lib_init_return                     0x080001a3   Thumb Code     0  libinit2.o(.ARM.Collect$$libinit$$00000033)
    __rt_lib_init_signal_1                   0x080001a3   Thumb Code     0  libinit2.o(.ARM.Collect$$libinit$$0000001D)
    __rt_lib_init_stdio_1                    0x080001a3   Thumb Code     0  libinit2.o(.ARM.Collect$$libinit$$00000025)
    __rt_lib_init_user_alloc_1               0x080001a3   Thumb Code     0  libinit2.o(.ARM.Collect$$libinit$$0000000C)
    __rt_lib_shutdown                        0x080001a5   Thumb Code     0  libshutdown.o(.ARM.Collect$$libshutdown$$00000000)
    __rt_lib_shutdown_cpp_1                  0x080001a7   Thumb Code     0  libshutdown2.o(.ARM.Collect$$libshutdown$$00000002)
    __rt_lib_shutdown_fp_trap_1              0x080001a7   Thumb Code     0  libshutdown2.o(.ARM.Collect$$libshutdown$$00000007)
    __rt_lib_shutdown_heap_1                 0x080001a7   Thumb Code     0  libshutdown2.o(.ARM.Collect$$libshutdown$$0000000F)
    __rt_lib_shutdown_return                 0x080001a7   Thumb Code     0  libshutdown2.o(.ARM.Collect$$libshutdown$$00000010)
    __rt_lib_shutdown_signal_1               0x080001a7   Thumb Code     0  libshutdown2.o(.ARM.Collect$$libshutdown$$0000000A)
    __rt_lib_shutdown_stdio_1                0x080001a7   Thumb Code     0  libshutdown2.o(.ARM.Collect$$libshutdown$$00000004)
    __rt_lib_shutdown_user_alloc_1           0x080001a7   Thumb Code     0  libshutdown2.o(.ARM.Collect$$libshutdown$$0000000C)
    __rt_entry                               0x080001a9   Thumb Code     0  __rtentry.o(.ARM.Collect$$rtentry$$00000000)
    __rt_entry_presh_1                       0x080001a9   Thumb Code     0  __rtentry2.o(.ARM.Collect$$rtentry$$00000002)
    __rt_entry_sh                            0x080001a9   Thumb Code     0  __rtentry4.o(.ARM.Collect$$rtentry$$00000004)
    __rt_entry_li                            0x080001af   Thumb Code     0  __rtentry2.o(.ARM.Collect$$rtentry$$0000000A)
    __rt_entry_postsh_1                      0x080001af   Thumb Code     0  __rtentry2.o(.ARM.Collect$$rtentry$$00000009)
    __rt_entry_main                          0x080001b3   Thumb Code     0  __rtentry2.o(.ARM.Collect$$rtentry$$0000000D)
    __rt_entry_postli_1                      0x080001b3   Thumb Code     0  __rtentry2.o(.ARM.Collect$$rtentry$$0000000C)
    __rt_exit                                0x080001bb   Thumb Code     0  rtexit.o(.ARM.Collect$$rtexit$$00000000)
    __rt_exit_ls                             0x080001bd   Thumb Code     0  rtexit2.o(.ARM.Collect$$rtexit$$00000003)
    __rt_exit_prels_1                        0x080001bd   Thumb Code     0  rtexit2.o(.ARM.Collect$$rtexit$$00000002)
    __rt_exit_exit                           0x080001c1   Thumb Code     0  rtexit2.o(.ARM.Collect$$rtexit$$00000004)
    Reset_Handler                            0x080001c9   Thumb Code     8  startup_stm32f103xb.o(.text)
    ADC1_2_IRQHandler                        0x080001e3   Thumb Code     0  startup_stm32f103xb.o(.text)
    CAN1_RX1_IRQHandler                      0x080001e3   Thumb Code     0  startup_stm32f103xb.o(.text)
    CAN1_SCE_IRQHandler                      0x080001e3   Thumb Code     0  startup_stm32f103xb.o(.text)
    DMA1_Channel1_IRQHandler                 0x080001e3   Thumb Code     0  startup_stm32f103xb.o(.text)
    DMA1_Channel2_IRQHandler                 0x080001e3   Thumb Code     0  startup_stm32f103xb.o(.text)
    DMA1_Channel6_IRQHandler                 0x080001e3   Thumb Code     0  startup_stm32f103xb.o(.text)
    DMA1_Channel7_IRQHandler                 0x080001e3   Thumb Code     0  startup_stm32f103xb.o(.text)
    EXTI0_IRQHandler                         0x080001e3   Thumb Code     0  startup_stm32f103xb.o(.text)
    EXTI1_IRQHandler                         0x080001e3   Thumb Code     0  startup_stm32f103xb.o(.text)
    EXTI2_IRQHandler                         0x080001e3   Thumb Code     0  startup_stm32f103xb.o(.text)
    EXTI3_IRQHandler                         0x080001e3   Thumb Code     0  startup_stm32f103xb.o(.text)
    EXTI4_IRQHandler                         0x080001e3   Thumb Code     0  startup_stm32f103xb.o(.text)
    FLASH_IRQHandler                         0x080001e3   Thumb Code     0  startup_stm32f103xb.o(.text)
    I2C1_ER_IRQHandler                       0x080001e3   Thumb Code     0  startup_stm32f103xb.o(.text)
    I2C1_EV_IRQHandler                       0x080001e3   Thumb Code     0  startup_stm32f103xb.o(.text)
    I2C2_ER_IRQHandler                       0x080001e3   Thumb Code     0  startup_stm32f103xb.o(.text)
    I2C2_EV_IRQHandler                       0x080001e3   Thumb Code     0  startup_stm32f103xb.o(.text)
    PVD_IRQHandler                           0x080001e3   Thumb Code     0  startup_stm32f103xb.o(.text)
    RCC_IRQHandler                           0x080001e3   Thumb Code     0  startup_stm32f103xb.o(.text)
    RTC_Alarm_IRQHandler                     0x080001e3   Thumb Code     0  startup_stm32f103xb.o(.text)
    RTC_IRQHandler                           0x080001e3   Thumb Code     0  startup_stm32f103xb.o(.text)
    SPI2_IRQHandler                          0x080001e3   Thumb Code     0  startup_stm32f103xb.o(.text)
    TAMPER_IRQHandler                        0x080001e3   Thumb Code     0  startup_stm32f103xb.o(.text)
    TIM1_BRK_IRQHandler                      0x080001e3   Thumb Code     0  startup_stm32f103xb.o(.text)
    TIM1_CC_IRQHandler                       0x080001e3   Thumb Code     0  startup_stm32f103xb.o(.text)
    TIM1_TRG_COM_IRQHandler                  0x080001e3   Thumb Code     0  startup_stm32f103xb.o(.text)
    TIM1_UP_IRQHandler                       0x080001e3   Thumb Code     0  startup_stm32f103xb.o(.text)
    TIM2_IRQHandler                          0x080001e3   Thumb Code     0  startup_stm32f103xb.o(.text)
    TIM4_IRQHandler                          0x080001e3   Thumb Code     0  startup_stm32f103xb.o(.text)
    USART2_IRQHandler                        0x080001e3   Thumb Code     0  startup_stm32f103xb.o(.text)
    USART3_IRQHandler                        0x080001e3   Thumb Code     0  startup_stm32f103xb.o(.text)
    USBWakeUp_IRQHandler                     0x080001e3   Thumb Code     0  startup_stm32f103xb.o(.text)
    USB_HP_CAN1_TX_IRQHandler                0x080001e3   Thumb Code     0  startup_stm32f103xb.o(.text)
    USB_LP_CAN1_RX0_IRQHandler               0x080001e3   Thumb Code     0  startup_stm32f103xb.o(.text)
    WWDG_IRQHandler                          0x080001e3   Thumb Code     0  startup_stm32f103xb.o(.text)
    __user_initial_stackheap                 0x080001e5   Thumb Code     0  startup_stm32f103xb.o(.text)
    __aeabi_memcpy4                          0x08000209   Thumb Code     0  rt_memcpy_w.o(.text)
    __aeabi_memcpy8                          0x08000209   Thumb Code     0  rt_memcpy_w.o(.text)
    __rt_memcpy_w                            0x08000209   Thumb Code   100  rt_memcpy_w.o(.text)
    _memcpy_lastbytes_aligned                0x08000251   Thumb Code     0  rt_memcpy_w.o(.text)
    __aeabi_memclr4                          0x0800026d   Thumb Code     0  rt_memclr_w.o(.text)
    __aeabi_memclr8                          0x0800026d   Thumb Code     0  rt_memclr_w.o(.text)
    __rt_memclr_w                            0x0800026d   Thumb Code    78  rt_memclr_w.o(.text)
    _memset_w                                0x08000271   Thumb Code     0  rt_memclr_w.o(.text)
    __use_two_region_memory                  0x080002bb   Thumb Code     2  heapauxi.o(.text)
    __rt_heap_escrow$2region                 0x080002bd   Thumb Code     2  heapauxi.o(.text)
    __rt_heap_expand$2region                 0x080002bf   Thumb Code     2  heapauxi.o(.text)
    __read_errno                             0x080002c1   Thumb Code    10  _rserrno.o(.text)
    __set_errno                              0x080002cb   Thumb Code    12  _rserrno.o(.text)
    __aeabi_errno_addr                       0x080002d9   Thumb Code     8  rt_errno_addr_intlibspace.o(.text)
    __errno$intlibspace                      0x080002d9   Thumb Code     0  rt_errno_addr_intlibspace.o(.text)
    __rt_errno_addr$intlibspace              0x080002d9   Thumb Code     0  rt_errno_addr_intlibspace.o(.text)
    __user_libspace                          0x080002e1   Thumb Code     8  libspace.o(.text)
    __user_perproc_libspace                  0x080002e1   Thumb Code     0  libspace.o(.text)
    __user_perthread_libspace                0x080002e1   Thumb Code     0  libspace.o(.text)
    __user_setup_stackheap                   0x080002e9   Thumb Code    74  sys_stackheap_outer.o(.text)
    exit                                     0x08000333   Thumb Code    18  exit.o(.text)
    _sys_exit                                0x08000345   Thumb Code     8  sys_exit.o(.text)
    __I$use$semihosting                      0x08000351   Thumb Code     0  use_no_semi.o(.text)
    __use_no_semihosting_swi                 0x08000351   Thumb Code     2  use_no_semi.o(.text)
    BusFault_Handler                         0x08000353   Thumb Code     4  stm32f1xx_it.o(i.BusFault_Handler)
    __semihosting_library_function           0x08000353   Thumb Code     0  indicate_semi.o(.text)
    DMA1_Channel3_IRQHandler                 0x08000359   Thumb Code    10  stm32f1xx_it.o(i.DMA1_Channel3_IRQHandler)
    DMA1_Channel4_IRQHandler                 0x08000369   Thumb Code    10  stm32f1xx_it.o(i.DMA1_Channel4_IRQHandler)
    DMA1_Channel5_IRQHandler                 0x08000379   Thumb Code    10  stm32f1xx_it.o(i.DMA1_Channel5_IRQHandler)
    DebugMon_Handler                         0x08000389   Thumb Code     2  stm32f1xx_it.o(i.DebugMon_Handler)
    EXTI15_10_IRQHandler                     0x0800038b   Thumb Code    12  stm32f1xx_it.o(i.EXTI15_10_IRQHandler)
    EXTI9_5_IRQHandler                       0x08000397   Thumb Code    12  stm32f1xx_it.o(i.EXTI9_5_IRQHandler)
    Error_Handler                            0x080003a3   Thumb Code     6  main.o(i.Error_Handler)
    HAL_DMA_Abort                            0x080003a9   Thumb Code    86  stm32f1xx_hal_dma.o(i.HAL_DMA_Abort)
    HAL_DMA_Abort_IT                         0x08000401   Thumb Code   172  stm32f1xx_hal_dma.o(i.HAL_DMA_Abort_IT)
    HAL_DMA_IRQHandler                       0x080004b1   Thumb Code   408  stm32f1xx_hal_dma.o(i.HAL_DMA_IRQHandler)
    HAL_DMA_Init                             0x0800064d   Thumb Code   100  stm32f1xx_hal_dma.o(i.HAL_DMA_Init)
    HAL_Delay                                0x080006b5   Thumb Code    36  stm32f1xx_hal.o(i.HAL_Delay)
    HAL_GPIO_EXTI_Callback                   0x080006dd   Thumb Code   156  main.o(i.HAL_GPIO_EXTI_Callback)
    HAL_GPIO_EXTI_IRQHandler                 0x08000791   Thumb Code    24  stm32f1xx_hal_gpio.o(i.HAL_GPIO_EXTI_IRQHandler)
    HAL_GPIO_Init                            0x080007ad   Thumb Code   766  stm32f1xx_hal_gpio.o(i.HAL_GPIO_Init)
    HAL_GPIO_WritePin                        0x08000acd   Thumb Code    12  stm32f1xx_hal_gpio.o(i.HAL_GPIO_WritePin)
    HAL_GetTick                              0x08000ad9   Thumb Code     6  stm32f1xx_hal.o(i.HAL_GetTick)
    HAL_IncTick                              0x08000ae5   Thumb Code    16  stm32f1xx_hal.o(i.HAL_IncTick)
    HAL_Init                                 0x08000afd   Thumb Code    34  stm32f1xx_hal.o(i.HAL_Init)
    HAL_InitTick                             0x08000b25   Thumb Code    64  stm32f1xx_hal.o(i.HAL_InitTick)
    HAL_MspInit                              0x08000b71   Thumb Code    76  stm32f1xx_hal_msp.o(i.HAL_MspInit)
    HAL_NVIC_EnableIRQ                       0x08000bc5   Thumb Code    32  stm32f1xx_hal_cortex.o(i.HAL_NVIC_EnableIRQ)
    HAL_NVIC_SetPriority                     0x08000be5   Thumb Code   124  stm32f1xx_hal_cortex.o(i.HAL_NVIC_SetPriority)
    HAL_NVIC_SetPriorityGrouping             0x08000c61   Thumb Code    32  stm32f1xx_hal_cortex.o(i.HAL_NVIC_SetPriorityGrouping)
    HAL_RCC_ClockConfig                      0x08000c89   Thumb Code   376  stm32f1xx_hal_rcc.o(i.HAL_RCC_ClockConfig)
    HAL_RCC_GetHCLKFreq                      0x08000e15   Thumb Code     6  stm32f1xx_hal_rcc.o(i.HAL_RCC_GetHCLKFreq)
    HAL_RCC_GetPCLK1Freq                     0x08000e21   Thumb Code    22  stm32f1xx_hal_rcc.o(i.HAL_RCC_GetPCLK1Freq)
    HAL_RCC_GetPCLK2Freq                     0x08000e41   Thumb Code    22  stm32f1xx_hal_rcc.o(i.HAL_RCC_GetPCLK2Freq)
    HAL_RCC_GetSysClockFreq                  0x08000e61   Thumb Code    92  stm32f1xx_hal_rcc.o(i.HAL_RCC_GetSysClockFreq)
    HAL_RCC_OscConfig                        0x08000ed1   Thumb Code  1114  stm32f1xx_hal_rcc.o(i.HAL_RCC_OscConfig)
    HAL_SPI_ErrorCallback                    0x08001335   Thumb Code     2  stm32f1xx_hal_spi.o(i.HAL_SPI_ErrorCallback)
    HAL_SPI_IRQHandler                       0x08001339   Thumb Code   304  stm32f1xx_hal_spi.o(i.HAL_SPI_IRQHandler)
    HAL_SPI_Init                             0x0800146d   Thumb Code   190  stm32f1xx_hal_spi.o(i.HAL_SPI_Init)
    HAL_SPI_MspInit                          0x0800152d   Thumb Code   190  spi.o(i.HAL_SPI_MspInit)
    HAL_SPI_Receive                          0x08001601   Thumb Code   386  stm32f1xx_hal_spi.o(i.HAL_SPI_Receive)
    HAL_SPI_Transmit                         0x08001783   Thumb Code   446  stm32f1xx_hal_spi.o(i.HAL_SPI_Transmit)
    HAL_SPI_TransmitReceive                  0x08001941   Thumb Code   584  stm32f1xx_hal_spi.o(i.HAL_SPI_TransmitReceive)
    HAL_SYSTICK_Config                       0x08001b89   Thumb Code    52  stm32f1xx_hal_cortex.o(i.HAL_SYSTICK_Config)
    HAL_TIMEx_BreakCallback                  0x08001bbd   Thumb Code     2  stm32f1xx_hal_tim_ex.o(i.HAL_TIMEx_BreakCallback)
    HAL_TIMEx_CommutCallback                 0x08001bbf   Thumb Code     2  stm32f1xx_hal_tim_ex.o(i.HAL_TIMEx_CommutCallback)
    HAL_TIMEx_MasterConfigSynchronization    0x08001bc1   Thumb Code   118  stm32f1xx_hal_tim_ex.o(i.HAL_TIMEx_MasterConfigSynchronization)
    HAL_TIM_Base_Init                        0x08001c45   Thumb Code   102  stm32f1xx_hal_tim.o(i.HAL_TIM_Base_Init)
    HAL_TIM_Base_MspInit                     0x08001cad   Thumb Code    94  tim.o(i.HAL_TIM_Base_MspInit)
    HAL_TIM_Base_Start_IT                    0x08001d15   Thumb Code   106  stm32f1xx_hal_tim.o(i.HAL_TIM_Base_Start_IT)
    HAL_TIM_ConfigClockSource                0x08001d8d   Thumb Code   268  stm32f1xx_hal_tim.o(i.HAL_TIM_ConfigClockSource)
    HAL_TIM_Encoder_Init                     0x08001e99   Thumb Code   196  stm32f1xx_hal_tim.o(i.HAL_TIM_Encoder_Init)
    HAL_TIM_Encoder_MspInit                  0x08001f5d   Thumb Code   102  tim.o(i.HAL_TIM_Encoder_MspInit)
    HAL_TIM_Encoder_Start                    0x08001fd1   Thumb Code   204  stm32f1xx_hal_tim.o(i.HAL_TIM_Encoder_Start)
    HAL_TIM_IC_CaptureCallback               0x0800209d   Thumb Code     2  stm32f1xx_hal_tim.o(i.HAL_TIM_IC_CaptureCallback)
    HAL_TIM_IRQHandler                       0x0800209f   Thumb Code   364  stm32f1xx_hal_tim.o(i.HAL_TIM_IRQHandler)
    HAL_TIM_MspPostInit                      0x0800220d   Thumb Code    74  tim.o(i.HAL_TIM_MspPostInit)
    HAL_TIM_OC_DelayElapsedCallback          0x08002261   Thumb Code     2  stm32f1xx_hal_tim.o(i.HAL_TIM_OC_DelayElapsedCallback)
    HAL_TIM_PWM_ConfigChannel                0x08002263   Thumb Code   260  stm32f1xx_hal_tim.o(i.HAL_TIM_PWM_ConfigChannel)
    HAL_TIM_PWM_Init                         0x08002367   Thumb Code   102  stm32f1xx_hal_tim.o(i.HAL_TIM_PWM_Init)
    HAL_TIM_PWM_MspInit                      0x080023cd   Thumb Code     2  stm32f1xx_hal_tim.o(i.HAL_TIM_PWM_MspInit)
    HAL_TIM_PWM_PulseFinishedCallback        0x080023cf   Thumb Code     2  stm32f1xx_hal_tim.o(i.HAL_TIM_PWM_PulseFinishedCallback)
    HAL_TIM_PWM_Start                        0x080023d1   Thumb Code   198  stm32f1xx_hal_tim.o(i.HAL_TIM_PWM_Start)
    HAL_TIM_PWM_Stop                         0x080024a5   Thumb Code   152  stm32f1xx_hal_tim.o(i.HAL_TIM_PWM_Stop)
    HAL_TIM_PeriodElapsedCallback            0x08002541   Thumb Code    90  main.o(i.HAL_TIM_PeriodElapsedCallback)
    HAL_TIM_TriggerCallback                  0x080025b1   Thumb Code     2  stm32f1xx_hal_tim.o(i.HAL_TIM_TriggerCallback)
    HAL_UARTEx_RxEventCallback               0x080025b3   Thumb Code     2  stm32f1xx_hal_uart.o(i.HAL_UARTEx_RxEventCallback)
    HAL_UART_ErrorCallback                   0x080025b5   Thumb Code     2  stm32f1xx_hal_uart.o(i.HAL_UART_ErrorCallback)
    HAL_UART_IRQHandler                      0x080025b9   Thumb Code   736  stm32f1xx_hal_uart.o(i.HAL_UART_IRQHandler)
    HAL_UART_Init                            0x0800289d   Thumb Code   118  stm32f1xx_hal_uart.o(i.HAL_UART_Init)
    HAL_UART_MspInit                         0x08002915   Thumb Code   248  usart.o(i.HAL_UART_MspInit)
    HAL_UART_RxCpltCallback                  0x08002a25   Thumb Code     2  stm32f1xx_hal_uart.o(i.HAL_UART_RxCpltCallback)
    HAL_UART_TxCpltCallback                  0x08002a27   Thumb Code     2  stm32f1xx_hal_uart.o(i.HAL_UART_TxCpltCallback)
    HardFault_Handler                        0x08002a29   Thumb Code     4  stm32f1xx_it.o(i.HardFault_Handler)
    MX_DMA_Init                              0x08002a2d   Thumb Code    80  dma.o(i.MX_DMA_Init)
    MX_GPIO_Init                             0x08002a81   Thumb Code   348  gpio.o(i.MX_GPIO_Init)
    MX_SPI1_Init                             0x08002bf1   Thumb Code    60  spi.o(i.MX_SPI1_Init)
    MX_TIM2_Init                             0x08002c35   Thumb Code   194  tim.o(i.MX_TIM2_Init)
    MX_TIM3_Init                             0x08002cfd   Thumb Code   100  tim.o(i.MX_TIM3_Init)
    MX_TIM4_Init                             0x08002d69   Thumb Code   120  tim.o(i.MX_TIM4_Init)
    MX_USART1_UART_Init                      0x08002de9   Thumb Code    46  usart.o(i.MX_USART1_UART_Init)
    MemManage_Handler                        0x08002e21   Thumb Code     4  stm32f1xx_it.o(i.MemManage_Handler)
    NMI_Handler                              0x08002e25   Thumb Code     4  stm32f1xx_it.o(i.NMI_Handler)
    PendSV_Handler                           0x08002e29   Thumb Code     2  stm32f1xx_it.o(i.PendSV_Handler)
    SPI1_IRQHandler                          0x08002e55   Thumb Code    10  stm32f1xx_it.o(i.SPI1_IRQHandler)
    SPI_Flash_PageWrite                      0x08002f35   Thumb Code    90  main.o(i.SPI_Flash_PageWrite)
    SPI_Flash_ReadData                       0x08002f9d   Thumb Code    82  main.o(i.SPI_Flash_ReadData)
    SPI_Flash_SectorErase                    0x08002ffd   Thumb Code    72  main.o(i.SPI_Flash_SectorErase)
    SPI_Flash_WaitForWriteEnd                0x08003051   Thumb Code    74  main.o(i.SPI_Flash_WaitForWriteEnd)
    SPI_Flash_WriteEnable                    0x080030a5   Thumb Code    46  main.o(i.SPI_Flash_WriteEnable)
    SVC_Handler                              0x080031b5   Thumb Code     2  stm32f1xx_it.o(i.SVC_Handler)
    SysTick_Handler                          0x080031b7   Thumb Code     8  stm32f1xx_it.o(i.SysTick_Handler)
    SystemClock_Config                       0x080031bf   Thumb Code   102  main.o(i.SystemClock_Config)
    SystemInit                               0x08003225   Thumb Code     2  system_stm32f1xx.o(i.SystemInit)
    TIM3_IRQHandler                          0x08003229   Thumb Code    10  stm32f1xx_it.o(i.TIM3_IRQHandler)
    TIM_Base_SetConfig                       0x08003239   Thumb Code   120  stm32f1xx_hal_tim.o(i.TIM_Base_SetConfig)
    TIM_CCxChannelCmd                        0x080032bd   Thumb Code    34  stm32f1xx_hal_tim.o(i.TIM_CCxChannelCmd)
    TIM_ETR_SetConfig                        0x080032df   Thumb Code    22  stm32f1xx_hal_tim.o(i.TIM_ETR_SetConfig)
    TIM_OC2_SetConfig                        0x08003369   Thumb Code   100  stm32f1xx_hal_tim.o(i.TIM_OC2_SetConfig)
    USART1_IRQHandler                        0x080037c9   Thumb Code    10  stm32f1xx_it.o(i.USART1_IRQHandler)
    UsageFault_Handler                       0x080037d9   Thumb Code     4  stm32f1xx_it.o(i.UsageFault_Handler)
    __ARM_fpclassify                         0x080037dd   Thumb Code    40  fpclassify.o(i.__ARM_fpclassify)
    __kernel_poly                            0x0800383d   Thumb Code   170  poly.o(i.__kernel_poly)
    __mathlib_dbl_divzero                    0x080038e9   Thumb Code    12  dunder.o(i.__mathlib_dbl_divzero)
    __mathlib_dbl_infnan2                    0x080038f9   Thumb Code     4  dunder.o(i.__mathlib_dbl_infnan2)
    __mathlib_dbl_invalid                    0x080038fd   Thumb Code    12  dunder.o(i.__mathlib_dbl_invalid)
    __mathlib_dbl_overflow                   0x08003909   Thumb Code    14  dunder.o(i.__mathlib_dbl_overflow)
    __mathlib_dbl_underflow                  0x08003919   Thumb Code    10  dunder.o(i.__mathlib_dbl_underflow)
    main                                     0x08003929   Thumb Code   514  main.o(i.main)
    pow                                      0x08003b8d   Thumb Code  2512  pow.o(i.pow)
    sqrt                                     0x08004565   Thumb Code    76  sqrt.o(i.sqrt)
    __aeabi_dadd                             0x080045b1   Thumb Code     0  daddsub_clz.o(x$fpl$dadd)
    _dadd                                    0x080045b1   Thumb Code   332  daddsub_clz.o(x$fpl$dadd)
    __fpl_dcheck_NaN1                        0x08004701   Thumb Code    10  dcheck1.o(x$fpl$dcheck1)
    __fpl_dcmp_Inf                           0x08004711   Thumb Code    24  dcmpi.o(x$fpl$dcmpinf)
    __aeabi_ddiv                             0x08004729   Thumb Code     0  ddiv.o(x$fpl$ddiv)
    _ddiv                                    0x08004729   Thumb Code   552  ddiv.o(x$fpl$ddiv)
    __aeabi_d2iz                             0x080049d9   Thumb Code     0  dfix.o(x$fpl$dfix)
    _dfix                                    0x080049d9   Thumb Code    94  dfix.o(x$fpl$dfix)
    __aeabi_i2d                              0x08004a37   Thumb Code     0  dflt_clz.o(x$fpl$dflt)
    _dflt                                    0x08004a37   Thumb Code    46  dflt_clz.o(x$fpl$dflt)
    __aeabi_cdcmple                          0x08004a65   Thumb Code     0  dleqf.o(x$fpl$dleqf)
    _dcmple                                  0x08004a65   Thumb Code   120  dleqf.o(x$fpl$dleqf)
    __fpl_dcmple_InfNaN                      0x08004ac7   Thumb Code     0  dleqf.o(x$fpl$dleqf)
    __aeabi_dmul                             0x08004add   Thumb Code     0  dmul.o(x$fpl$dmul)
    _dmul                                    0x08004add   Thumb Code   332  dmul.o(x$fpl$dmul)
    __fpl_dnaninf                            0x08004c31   Thumb Code   156  dnaninf.o(x$fpl$dnaninf)
    __fpl_dretinf                            0x08004ccd   Thumb Code    12  dretinf.o(x$fpl$dretinf)
    __aeabi_cdrcmple                         0x08004cd9   Thumb Code     0  drleqf.o(x$fpl$drleqf)
    _drcmple                                 0x08004cd9   Thumb Code   108  drleqf.o(x$fpl$drleqf)
    __aeabi_drsub                            0x08004d45   Thumb Code     0  daddsub_clz.o(x$fpl$drsb)
    _drsb                                    0x08004d45   Thumb Code    22  daddsub_clz.o(x$fpl$drsb)
    _dsqrt                                   0x08004d5d   Thumb Code   456  dsqrt_noumaal.o(x$fpl$dsqrt)
    __aeabi_dsub                             0x08004f29   Thumb Code     0  daddsub_clz.o(x$fpl$dsub)
    _dsub                                    0x08004f29   Thumb Code   464  daddsub_clz.o(x$fpl$dsub)
    __fpl_return_NaN                         0x080050fd   Thumb Code   100  retnan.o(x$fpl$retnan)
    __ARM_scalbn                             0x08005161   Thumb Code    92  scalbn.o(x$fpl$scalbn)
    __fpl_cmpreturn                          0x080051bd   Thumb Code    48  trapv.o(x$fpl$trapveneer)
    __I$use$fp                               0x080051ec   Number         0  usenofp.o(x$fpl$usenofp)
    AHBPrescTable                            0x080051fe   Data          16  system_stm32f1xx.o(.constdata)
    APBPrescTable                            0x0800520e   Data           8  system_stm32f1xx.o(.constdata)
    __mathlib_zero                           0x080052a0   Data           8  qnan.o(.constdata)
    Region$$Table$$Base                      0x080052a8   Number         0  anon$$obj.o(Region$$Table)
    Region$$Table$$Limit                     0x080052c8   Number         0  anon$$obj.o(Region$$Table)
    volume                                   0x20000000   Data           2  main.o(.data)
    pitch                                    0x20000002   Data           1  main.o(.data)
    last_interrupt_time                      0x20000004   Data           4  main.o(.data)
    current_time                             0x20000008   Data           4  main.o(.data)
    func                                     0x2000000c   Data           1  main.o(.data)
    percentage                               0x20000018   Data           1  main.o(.data)
    scale                                    0x2000001c   Data           4  main.o(.data)
    Music_Score                              0x20000020   Data         624  main.o(.data)
    uwTick                                   0x20000298   Data           4  stm32f1xx_hal.o(.data)
    uwTickPrio                               0x2000029c   Data           4  stm32f1xx_hal.o(.data)
    uwTickFreq                               0x200002a0   Data           1  stm32f1xx_hal.o(.data)
    SystemCoreClock                          0x200002a4   Data           4  system_stm32f1xx.o(.data)
    Wave                                     0x200002a8   Data          10  main.o(.bss)
    datt                                     0x200002b2   Data          18  main.o(.bss)
    hspi1                                    0x200002c4   Data          88  spi.o(.bss)
    hdma_spi1_tx                             0x2000031c   Data          68  spi.o(.bss)
    htim2                                    0x20000360   Data          72  tim.o(.bss)
    htim3                                    0x200003a8   Data          72  tim.o(.bss)
    htim4                                    0x200003f0   Data          72  tim.o(.bss)
    huart1                                   0x20000438   Data          72  usart.o(.bss)
    hdma_usart1_rx                           0x20000480   Data          68  usart.o(.bss)
    hdma_usart1_tx                           0x200004c4   Data          68  usart.o(.bss)
    __libspace_start                         0x20000508   Data          96  libspace.o(.bss)
    __temporary_stack_top$libspace           0x20000568   Data           0  libspace.o(.bss)



==============================================================================

Memory Map of the image

  Image Entry point : 0x080000ed

  Load Region LR_IROM1 (Base: 0x08000000, Size: 0x00005570, Max: 0x00010000, ABSOLUTE, COMPRESSED[0x00005394])

    Execution Region ER_IROM1 (Exec base: 0x08000000, Load base: 0x08000000, Size: 0x000052c8, Max: 0x00010000, ABSOLUTE)

    Exec Addr    Load Addr    Size         Type   Attr      Idx    E Section Name        Object

    0x08000000   0x08000000   0x000000ec   Data   RO            3    RESET               startup_stm32f103xb.o
    0x080000ec   0x080000ec   0x00000008   Code   RO         3430  * !!!main             c_w.l(__main.o)
    0x080000f4   0x080000f4   0x00000034   Code   RO         3676    !!!scatter          c_w.l(__scatter.o)
    0x08000128   0x08000128   0x0000005a   Code   RO         3674    !!dczerorl2         c_w.l(__dczerorl2.o)
    0x08000182   0x08000182   0x00000002   PAD
    0x08000184   0x08000184   0x0000001c   Code   RO         3678    !!handler_zi        c_w.l(__scatter_zi.o)
    0x080001a0   0x080001a0   0x00000002   Code   RO         3541    .ARM.Collect$$libinit$$00000000  c_w.l(libinit.o)
    0x080001a2   0x080001a2   0x00000000   Code   RO         3549    .ARM.Collect$$libinit$$00000002  c_w.l(libinit2.o)
    0x080001a2   0x080001a2   0x00000000   Code   RO         3551    .ARM.Collect$$libinit$$00000004  c_w.l(libinit2.o)
    0x080001a2   0x080001a2   0x00000000   Code   RO         3554    .ARM.Collect$$libinit$$0000000A  c_w.l(libinit2.o)
    0x080001a2   0x080001a2   0x00000000   Code   RO         3556    .ARM.Collect$$libinit$$0000000C  c_w.l(libinit2.o)
    0x080001a2   0x080001a2   0x00000000   Code   RO         3558    .ARM.Collect$$libinit$$0000000E  c_w.l(libinit2.o)
    0x080001a2   0x080001a2   0x00000000   Code   RO         3561    .ARM.Collect$$libinit$$00000011  c_w.l(libinit2.o)
    0x080001a2   0x080001a2   0x00000000   Code   RO         3563    .ARM.Collect$$libinit$$00000013  c_w.l(libinit2.o)
    0x080001a2   0x080001a2   0x00000000   Code   RO         3565    .ARM.Collect$$libinit$$00000015  c_w.l(libinit2.o)
    0x080001a2   0x080001a2   0x00000000   Code   RO         3567    .ARM.Collect$$libinit$$00000017  c_w.l(libinit2.o)
    0x080001a2   0x080001a2   0x00000000   Code   RO         3569    .ARM.Collect$$libinit$$00000019  c_w.l(libinit2.o)
    0x080001a2   0x080001a2   0x00000000   Code   RO         3571    .ARM.Collect$$libinit$$0000001B  c_w.l(libinit2.o)
    0x080001a2   0x080001a2   0x00000000   Code   RO         3573    .ARM.Collect$$libinit$$0000001D  c_w.l(libinit2.o)
    0x080001a2   0x080001a2   0x00000000   Code   RO         3575    .ARM.Collect$$libinit$$0000001F  c_w.l(libinit2.o)
    0x080001a2   0x080001a2   0x00000000   Code   RO         3577    .ARM.Collect$$libinit$$00000021  c_w.l(libinit2.o)
    0x080001a2   0x080001a2   0x00000000   Code   RO         3579    .ARM.Collect$$libinit$$00000023  c_w.l(libinit2.o)
    0x080001a2   0x080001a2   0x00000000   Code   RO         3581    .ARM.Collect$$libinit$$00000025  c_w.l(libinit2.o)
    0x080001a2   0x080001a2   0x00000000   Code   RO         3585    .ARM.Collect$$libinit$$0000002C  c_w.l(libinit2.o)
    0x080001a2   0x080001a2   0x00000000   Code   RO         3587    .ARM.Collect$$libinit$$0000002E  c_w.l(libinit2.o)
    0x080001a2   0x080001a2   0x00000000   Code   RO         3589    .ARM.Collect$$libinit$$00000030  c_w.l(libinit2.o)
    0x080001a2   0x080001a2   0x00000000   Code   RO         3591    .ARM.Collect$$libinit$$00000032  c_w.l(libinit2.o)
    0x080001a2   0x080001a2   0x00000002   Code   RO         3592    .ARM.Collect$$libinit$$00000033  c_w.l(libinit2.o)
    0x080001a4   0x080001a4   0x00000002   Code   RO         3614    .ARM.Collect$$libshutdown$$00000000  c_w.l(libshutdown.o)
    0x080001a6   0x080001a6   0x00000000   Code   RO         3627    .ARM.Collect$$libshutdown$$00000002  c_w.l(libshutdown2.o)
    0x080001a6   0x080001a6   0x00000000   Code   RO         3629    .ARM.Collect$$libshutdown$$00000004  c_w.l(libshutdown2.o)
    0x080001a6   0x080001a6   0x00000000   Code   RO         3632    .ARM.Collect$$libshutdown$$00000007  c_w.l(libshutdown2.o)
    0x080001a6   0x080001a6   0x00000000   Code   RO         3635    .ARM.Collect$$libshutdown$$0000000A  c_w.l(libshutdown2.o)
    0x080001a6   0x080001a6   0x00000000   Code   RO         3637    .ARM.Collect$$libshutdown$$0000000C  c_w.l(libshutdown2.o)
    0x080001a6   0x080001a6   0x00000000   Code   RO         3640    .ARM.Collect$$libshutdown$$0000000F  c_w.l(libshutdown2.o)
    0x080001a6   0x080001a6   0x00000002   Code   RO         3641    .ARM.Collect$$libshutdown$$00000010  c_w.l(libshutdown2.o)
    0x080001a8   0x080001a8   0x00000000   Code   RO         3464    .ARM.Collect$$rtentry$$00000000  c_w.l(__rtentry.o)
    0x080001a8   0x080001a8   0x00000000   Code   RO         3504    .ARM.Collect$$rtentry$$00000002  c_w.l(__rtentry2.o)
    0x080001a8   0x080001a8   0x00000006   Code   RO         3516    .ARM.Collect$$rtentry$$00000004  c_w.l(__rtentry4.o)
    0x080001ae   0x080001ae   0x00000000   Code   RO         3506    .ARM.Collect$$rtentry$$00000009  c_w.l(__rtentry2.o)
    0x080001ae   0x080001ae   0x00000004   Code   RO         3507    .ARM.Collect$$rtentry$$0000000A  c_w.l(__rtentry2.o)
    0x080001b2   0x080001b2   0x00000000   Code   RO         3509    .ARM.Collect$$rtentry$$0000000C  c_w.l(__rtentry2.o)
    0x080001b2   0x080001b2   0x00000008   Code   RO         3510    .ARM.Collect$$rtentry$$0000000D  c_w.l(__rtentry2.o)
    0x080001ba   0x080001ba   0x00000002   Code   RO         3546    .ARM.Collect$$rtexit$$00000000  c_w.l(rtexit.o)
    0x080001bc   0x080001bc   0x00000000   Code   RO         3596    .ARM.Collect$$rtexit$$00000002  c_w.l(rtexit2.o)
    0x080001bc   0x080001bc   0x00000004   Code   RO         3597    .ARM.Collect$$rtexit$$00000003  c_w.l(rtexit2.o)
    0x080001c0   0x080001c0   0x00000006   Code   RO         3598    .ARM.Collect$$rtexit$$00000004  c_w.l(rtexit2.o)
    0x080001c6   0x080001c6   0x00000002   PAD
    0x080001c8   0x080001c8   0x00000040   Code   RO            4    .text               startup_stm32f103xb.o
    0x08000208   0x08000208   0x00000064   Code   RO         3424    .text               c_w.l(rt_memcpy_w.o)
    0x0800026c   0x0800026c   0x0000004e   Code   RO         3426    .text               c_w.l(rt_memclr_w.o)
    0x080002ba   0x080002ba   0x00000006   Code   RO         3428    .text               c_w.l(heapauxi.o)
    0x080002c0   0x080002c0   0x00000016   Code   RO         3465    .text               c_w.l(_rserrno.o)
    0x080002d6   0x080002d6   0x00000002   PAD
    0x080002d8   0x080002d8   0x00000008   Code   RO         3521    .text               c_w.l(rt_errno_addr_intlibspace.o)
    0x080002e0   0x080002e0   0x00000008   Code   RO         3529    .text               c_w.l(libspace.o)
    0x080002e8   0x080002e8   0x0000004a   Code   RO         3532    .text               c_w.l(sys_stackheap_outer.o)
    0x08000332   0x08000332   0x00000012   Code   RO         3534    .text               c_w.l(exit.o)
    0x08000344   0x08000344   0x0000000c   Code   RO         3606    .text               c_w.l(sys_exit.o)
    0x08000350   0x08000350   0x00000002   Code   RO         3617    .text               c_w.l(use_no_semi.o)
    0x08000352   0x08000352   0x00000000   Code   RO         3619    .text               c_w.l(indicate_semi.o)
    0x08000352   0x08000352   0x00000004   Code   RO          511    i.BusFault_Handler  stm32f1xx_it.o
    0x08000356   0x08000356   0x00000002   PAD
    0x08000358   0x08000358   0x00000010   Code   RO          512    i.DMA1_Channel3_IRQHandler  stm32f1xx_it.o
    0x08000368   0x08000368   0x00000010   Code   RO          513    i.DMA1_Channel4_IRQHandler  stm32f1xx_it.o
    0x08000378   0x08000378   0x00000010   Code   RO          514    i.DMA1_Channel5_IRQHandler  stm32f1xx_it.o
    0x08000388   0x08000388   0x00000002   Code   RO          515    i.DebugMon_Handler  stm32f1xx_it.o
    0x0800038a   0x0800038a   0x0000000c   Code   RO          516    i.EXTI15_10_IRQHandler  stm32f1xx_it.o
    0x08000396   0x08000396   0x0000000c   Code   RO          517    i.EXTI9_5_IRQHandler  stm32f1xx_it.o
    0x080003a2   0x080003a2   0x00000006   Code   RO           13    i.Error_Handler     main.o
    0x080003a8   0x080003a8   0x00000056   Code   RO         1407    i.HAL_DMA_Abort     stm32f1xx_hal_dma.o
    0x080003fe   0x080003fe   0x00000002   PAD
    0x08000400   0x08000400   0x000000b0   Code   RO         1408    i.HAL_DMA_Abort_IT  stm32f1xx_hal_dma.o
    0x080004b0   0x080004b0   0x0000019c   Code   RO         1412    i.HAL_DMA_IRQHandler  stm32f1xx_hal_dma.o
    0x0800064c   0x0800064c   0x00000068   Code   RO         1413    i.HAL_DMA_Init      stm32f1xx_hal_dma.o
    0x080006b4   0x080006b4   0x00000028   Code   RO         1028    i.HAL_Delay         stm32f1xx_hal.o
    0x080006dc   0x080006dc   0x000000b4   Code   RO           14    i.HAL_GPIO_EXTI_Callback  main.o
    0x08000790   0x08000790   0x0000001c   Code   RO         1342    i.HAL_GPIO_EXTI_IRQHandler  stm32f1xx_hal_gpio.o
    0x080007ac   0x080007ac   0x00000320   Code   RO         1343    i.HAL_GPIO_Init     stm32f1xx_hal_gpio.o
    0x08000acc   0x08000acc   0x0000000c   Code   RO         1347    i.HAL_GPIO_WritePin  stm32f1xx_hal_gpio.o
    0x08000ad8   0x08000ad8   0x0000000c   Code   RO         1032    i.HAL_GetTick       stm32f1xx_hal.o
    0x08000ae4   0x08000ae4   0x00000018   Code   RO         1038    i.HAL_IncTick       stm32f1xx_hal.o
    0x08000afc   0x08000afc   0x00000028   Code   RO         1039    i.HAL_Init          stm32f1xx_hal.o
    0x08000b24   0x08000b24   0x0000004c   Code   RO         1040    i.HAL_InitTick      stm32f1xx_hal.o
    0x08000b70   0x08000b70   0x00000054   Code   RO          639    i.HAL_MspInit       stm32f1xx_hal_msp.o
    0x08000bc4   0x08000bc4   0x00000020   Code   RO         1503    i.HAL_NVIC_EnableIRQ  stm32f1xx_hal_cortex.o
    0x08000be4   0x08000be4   0x0000007c   Code   RO         1509    i.HAL_NVIC_SetPriority  stm32f1xx_hal_cortex.o
    0x08000c60   0x08000c60   0x00000028   Code   RO         1510    i.HAL_NVIC_SetPriorityGrouping  stm32f1xx_hal_cortex.o
    0x08000c88   0x08000c88   0x0000018c   Code   RO         1196    i.HAL_RCC_ClockConfig  stm32f1xx_hal_rcc.o
    0x08000e14   0x08000e14   0x0000000c   Code   RO         1201    i.HAL_RCC_GetHCLKFreq  stm32f1xx_hal_rcc.o
    0x08000e20   0x08000e20   0x00000020   Code   RO         1203    i.HAL_RCC_GetPCLK1Freq  stm32f1xx_hal_rcc.o
    0x08000e40   0x08000e40   0x00000020   Code   RO         1204    i.HAL_RCC_GetPCLK2Freq  stm32f1xx_hal_rcc.o
    0x08000e60   0x08000e60   0x00000070   Code   RO         1205    i.HAL_RCC_GetSysClockFreq  stm32f1xx_hal_rcc.o
    0x08000ed0   0x08000ed0   0x00000464   Code   RO         1208    i.HAL_RCC_OscConfig  stm32f1xx_hal_rcc.o
    0x08001334   0x08001334   0x00000002   Code   RO          706    i.HAL_SPI_ErrorCallback  stm32f1xx_hal_spi.o
    0x08001336   0x08001336   0x00000002   PAD
    0x08001338   0x08001338   0x00000134   Code   RO          709    i.HAL_SPI_IRQHandler  stm32f1xx_hal_spi.o
    0x0800146c   0x0800146c   0x000000be   Code   RO          710    i.HAL_SPI_Init      stm32f1xx_hal_spi.o
    0x0800152a   0x0800152a   0x00000002   PAD
    0x0800152c   0x0800152c   0x000000d4   Code   RO          356    i.HAL_SPI_MspInit   spi.o
    0x08001600   0x08001600   0x00000182   Code   RO          713    i.HAL_SPI_Receive   stm32f1xx_hal_spi.o
    0x08001782   0x08001782   0x000001be   Code   RO          718    i.HAL_SPI_Transmit  stm32f1xx_hal_spi.o
    0x08001940   0x08001940   0x00000248   Code   RO          719    i.HAL_SPI_TransmitReceive  stm32f1xx_hal_spi.o
    0x08001b88   0x08001b88   0x00000034   Code   RO         1514    i.HAL_SYSTICK_Config  stm32f1xx_hal_cortex.o
    0x08001bbc   0x08001bbc   0x00000002   Code   RO         2746    i.HAL_TIMEx_BreakCallback  stm32f1xx_hal_tim_ex.o
    0x08001bbe   0x08001bbe   0x00000002   Code   RO         2747    i.HAL_TIMEx_CommutCallback  stm32f1xx_hal_tim_ex.o
    0x08001bc0   0x08001bc0   0x00000084   Code   RO         2765    i.HAL_TIMEx_MasterConfigSynchronization  stm32f1xx_hal_tim_ex.o
    0x08001c44   0x08001c44   0x00000066   Code   RO         2031    i.HAL_TIM_Base_Init  stm32f1xx_hal_tim.o
    0x08001caa   0x08001caa   0x00000002   PAD
    0x08001cac   0x08001cac   0x00000068   Code   RO          398    i.HAL_TIM_Base_MspInit  tim.o
    0x08001d14   0x08001d14   0x00000078   Code   RO         2036    i.HAL_TIM_Base_Start_IT  stm32f1xx_hal_tim.o
    0x08001d8c   0x08001d8c   0x0000010c   Code   RO         2040    i.HAL_TIM_ConfigClockSource  stm32f1xx_hal_tim.o
    0x08001e98   0x08001e98   0x000000c4   Code   RO         2052    i.HAL_TIM_Encoder_Init  stm32f1xx_hal_tim.o
    0x08001f5c   0x08001f5c   0x00000074   Code   RO          400    i.HAL_TIM_Encoder_MspInit  tim.o
    0x08001fd0   0x08001fd0   0x000000cc   Code   RO         2055    i.HAL_TIM_Encoder_Start  stm32f1xx_hal_tim.o
    0x0800209c   0x0800209c   0x00000002   Code   RO         2065    i.HAL_TIM_IC_CaptureCallback  stm32f1xx_hal_tim.o
    0x0800209e   0x0800209e   0x0000016c   Code   RO         2079    i.HAL_TIM_IRQHandler  stm32f1xx_hal_tim.o
    0x0800220a   0x0800220a   0x00000002   PAD
    0x0800220c   0x0800220c   0x00000054   Code   RO          401    i.HAL_TIM_MspPostInit  tim.o
    0x08002260   0x08002260   0x00000002   Code   RO         2082    i.HAL_TIM_OC_DelayElapsedCallback  stm32f1xx_hal_tim.o
    0x08002262   0x08002262   0x00000104   Code   RO         2103    i.HAL_TIM_PWM_ConfigChannel  stm32f1xx_hal_tim.o
    0x08002366   0x08002366   0x00000066   Code   RO         2106    i.HAL_TIM_PWM_Init  stm32f1xx_hal_tim.o
    0x080023cc   0x080023cc   0x00000002   Code   RO         2108    i.HAL_TIM_PWM_MspInit  stm32f1xx_hal_tim.o
    0x080023ce   0x080023ce   0x00000002   Code   RO         2109    i.HAL_TIM_PWM_PulseFinishedCallback  stm32f1xx_hal_tim.o
    0x080023d0   0x080023d0   0x000000d4   Code   RO         2111    i.HAL_TIM_PWM_Start  stm32f1xx_hal_tim.o
    0x080024a4   0x080024a4   0x0000009c   Code   RO         2114    i.HAL_TIM_PWM_Stop  stm32f1xx_hal_tim.o
    0x08002540   0x08002540   0x00000070   Code   RO           15    i.HAL_TIM_PeriodElapsedCallback  main.o
    0x080025b0   0x080025b0   0x00000002   Code   RO         2122    i.HAL_TIM_TriggerCallback  stm32f1xx_hal_tim.o
    0x080025b2   0x080025b2   0x00000002   Code   RO         3025    i.HAL_UARTEx_RxEventCallback  stm32f1xx_hal_uart.o
    0x080025b4   0x080025b4   0x00000002   Code   RO         3039    i.HAL_UART_ErrorCallback  stm32f1xx_hal_uart.o
    0x080025b6   0x080025b6   0x00000002   PAD
    0x080025b8   0x080025b8   0x000002e4   Code   RO         3042    i.HAL_UART_IRQHandler  stm32f1xx_hal_uart.o
    0x0800289c   0x0800289c   0x00000076   Code   RO         3043    i.HAL_UART_Init     stm32f1xx_hal_uart.o
    0x08002912   0x08002912   0x00000002   PAD
    0x08002914   0x08002914   0x00000110   Code   RO          470    i.HAL_UART_MspInit  usart.o
    0x08002a24   0x08002a24   0x00000002   Code   RO         3049    i.HAL_UART_RxCpltCallback  stm32f1xx_hal_uart.o
    0x08002a26   0x08002a26   0x00000002   Code   RO         3054    i.HAL_UART_TxCpltCallback  stm32f1xx_hal_uart.o
    0x08002a28   0x08002a28   0x00000004   Code   RO          518    i.HardFault_Handler  stm32f1xx_it.o
    0x08002a2c   0x08002a2c   0x00000054   Code   RO          328    i.MX_DMA_Init       dma.o
    0x08002a80   0x08002a80   0x00000170   Code   RO          217    i.MX_GPIO_Init      gpio.o
    0x08002bf0   0x08002bf0   0x00000044   Code   RO          357    i.MX_SPI1_Init      spi.o
    0x08002c34   0x08002c34   0x000000c8   Code   RO          402    i.MX_TIM2_Init      tim.o
    0x08002cfc   0x08002cfc   0x0000006c   Code   RO          403    i.MX_TIM3_Init      tim.o
    0x08002d68   0x08002d68   0x00000080   Code   RO          404    i.MX_TIM4_Init      tim.o
    0x08002de8   0x08002de8   0x00000038   Code   RO          471    i.MX_USART1_UART_Init  usart.o
    0x08002e20   0x08002e20   0x00000004   Code   RO          519    i.MemManage_Handler  stm32f1xx_it.o
    0x08002e24   0x08002e24   0x00000004   Code   RO          520    i.NMI_Handler       stm32f1xx_it.o
    0x08002e28   0x08002e28   0x00000002   Code   RO          521    i.PendSV_Handler    stm32f1xx_it.o
    0x08002e2a   0x08002e2a   0x00000002   PAD
    0x08002e2c   0x08002e2c   0x00000028   Code   RO         1209    i.RCC_Delay         stm32f1xx_hal_rcc.o
    0x08002e54   0x08002e54   0x00000010   Code   RO          522    i.SPI1_IRQHandler   stm32f1xx_it.o
    0x08002e64   0x08002e64   0x00000014   Code   RO          737    i.SPI_DMAAbortOnError  stm32f1xx_hal_spi.o
    0x08002e78   0x08002e78   0x00000078   Code   RO          747    i.SPI_EndRxTransaction  stm32f1xx_hal_spi.o
    0x08002ef0   0x08002ef0   0x00000044   Code   RO          748    i.SPI_EndRxTxTransaction  stm32f1xx_hal_spi.o
    0x08002f34   0x08002f34   0x00000068   Code   RO           16    i.SPI_Flash_PageWrite  main.o
    0x08002f9c   0x08002f9c   0x00000060   Code   RO           17    i.SPI_Flash_ReadData  main.o
    0x08002ffc   0x08002ffc   0x00000054   Code   RO           18    i.SPI_Flash_SectorErase  main.o
    0x08003050   0x08003050   0x00000054   Code   RO           19    i.SPI_Flash_WaitForWriteEnd  main.o
    0x080030a4   0x080030a4   0x00000038   Code   RO           21    i.SPI_Flash_WriteEnable  main.o
    0x080030dc   0x080030dc   0x000000d8   Code   RO          753    i.SPI_WaitFlagStateUntilTimeout  stm32f1xx_hal_spi.o
    0x080031b4   0x080031b4   0x00000002   Code   RO          523    i.SVC_Handler       stm32f1xx_it.o
    0x080031b6   0x080031b6   0x00000008   Code   RO          524    i.SysTick_Handler   stm32f1xx_it.o
    0x080031be   0x080031be   0x00000066   Code   RO           22    i.SystemClock_Config  main.o
    0x08003224   0x08003224   0x00000002   Code   RO         3387    i.SystemInit        system_stm32f1xx.o
    0x08003226   0x08003226   0x00000002   PAD
    0x08003228   0x08003228   0x00000010   Code   RO          525    i.TIM3_IRQHandler   stm32f1xx_it.o
    0x08003238   0x08003238   0x00000084   Code   RO         2124    i.TIM_Base_SetConfig  stm32f1xx_hal_tim.o
    0x080032bc   0x080032bc   0x00000022   Code   RO         2125    i.TIM_CCxChannelCmd  stm32f1xx_hal_tim.o
    0x080032de   0x080032de   0x00000016   Code   RO         2135    i.TIM_ETR_SetConfig  stm32f1xx_hal_tim.o
    0x080032f4   0x080032f4   0x00000012   Code   RO         2136    i.TIM_ITRx_SetConfig  stm32f1xx_hal_tim.o
    0x08003306   0x08003306   0x00000002   PAD
    0x08003308   0x08003308   0x00000060   Code   RO         2137    i.TIM_OC1_SetConfig  stm32f1xx_hal_tim.o
    0x08003368   0x08003368   0x00000068   Code   RO         2138    i.TIM_OC2_SetConfig  stm32f1xx_hal_tim.o
    0x080033d0   0x080033d0   0x00000068   Code   RO         2139    i.TIM_OC3_SetConfig  stm32f1xx_hal_tim.o
    0x08003438   0x08003438   0x00000048   Code   RO         2140    i.TIM_OC4_SetConfig  stm32f1xx_hal_tim.o
    0x08003480   0x08003480   0x00000026   Code   RO         2142    i.TIM_TI1_ConfigInputStage  stm32f1xx_hal_tim.o
    0x080034a6   0x080034a6   0x00000028   Code   RO         2144    i.TIM_TI2_ConfigInputStage  stm32f1xx_hal_tim.o
    0x080034ce   0x080034ce   0x00000014   Code   RO         3056    i.UART_DMAAbortOnError  stm32f1xx_hal_uart.o
    0x080034e2   0x080034e2   0x0000006c   Code   RO         3066    i.UART_EndRxTransfer  stm32f1xx_hal_uart.o
    0x0800354e   0x0800354e   0x00000020   Code   RO         3067    i.UART_EndTransmit_IT  stm32f1xx_hal_uart.o
    0x0800356e   0x0800356e   0x000000fc   Code   RO         3069    i.UART_Receive_IT   stm32f1xx_hal_uart.o
    0x0800366a   0x0800366a   0x00000002   PAD
    0x0800366c   0x0800366c   0x000000fc   Code   RO         3070    i.UART_SetConfig    stm32f1xx_hal_uart.o
    0x08003768   0x08003768   0x00000060   Code   RO         3073    i.UART_Transmit_IT  stm32f1xx_hal_uart.o
    0x080037c8   0x080037c8   0x00000010   Code   RO          526    i.USART1_IRQHandler  stm32f1xx_it.o
    0x080037d8   0x080037d8   0x00000004   Code   RO          527    i.UsageFault_Handler  stm32f1xx_it.o
    0x080037dc   0x080037dc   0x00000028   Code   RO         3490    i.__ARM_fpclassify  m_ws.l(fpclassify.o)
    0x08003804   0x08003804   0x00000010   Code   RO         1516    i.__NVIC_GetPriorityGrouping  stm32f1xx_hal_cortex.o
    0x08003814   0x08003814   0x00000028   Code   RO         1517    i.__NVIC_SetPriority  stm32f1xx_hal_cortex.o
    0x0800383c   0x0800383c   0x000000aa   Code   RO         3492    i.__kernel_poly     m_ws.l(poly.o)
    0x080038e6   0x080038e6   0x00000002   PAD
    0x080038e8   0x080038e8   0x00000010   Code   RO         3476    i.__mathlib_dbl_divzero  m_ws.l(dunder.o)
    0x080038f8   0x080038f8   0x00000004   Code   RO         3478    i.__mathlib_dbl_infnan2  m_ws.l(dunder.o)
    0x080038fc   0x080038fc   0x0000000c   Code   RO         3479    i.__mathlib_dbl_invalid  m_ws.l(dunder.o)
    0x08003908   0x08003908   0x0000000e   Code   RO         3480    i.__mathlib_dbl_overflow  m_ws.l(dunder.o)
    0x08003916   0x08003916   0x00000002   PAD
    0x08003918   0x08003918   0x00000010   Code   RO         3482    i.__mathlib_dbl_underflow  m_ws.l(dunder.o)
    0x08003928   0x08003928   0x00000264   Code   RO           23    i.main              main.o
    0x08003b8c   0x08003b8c   0x000009d8   Code   RO         3455    i.pow               m_ws.l(pow.o)
    0x08004564   0x08004564   0x0000004c   Code   RO         3496    i.sqrt              m_ws.l(sqrt.o)
    0x080045b0   0x080045b0   0x00000150   Code   RO         3432    x$fpl$dadd          fz_ws.l(daddsub_clz.o)
    0x08004700   0x08004700   0x00000010   Code   RO         3523    x$fpl$dcheck1       fz_ws.l(dcheck1.o)
    0x08004710   0x08004710   0x00000018   Code   RO         3542    x$fpl$dcmpinf       fz_ws.l(dcmpi.o)
    0x08004728   0x08004728   0x000002b0   Code   RO         3439    x$fpl$ddiv          fz_ws.l(ddiv.o)
    0x080049d8   0x080049d8   0x0000005e   Code   RO         3442    x$fpl$dfix          fz_ws.l(dfix.o)
    0x08004a36   0x08004a36   0x0000002e   Code   RO         3447    x$fpl$dflt          fz_ws.l(dflt_clz.o)
    0x08004a64   0x08004a64   0x00000078   Code   RO         3525    x$fpl$dleqf         fz_ws.l(dleqf.o)
    0x08004adc   0x08004adc   0x00000154   Code   RO         3452    x$fpl$dmul          fz_ws.l(dmul.o)
    0x08004c30   0x08004c30   0x0000009c   Code   RO         3467    x$fpl$dnaninf       fz_ws.l(dnaninf.o)
    0x08004ccc   0x08004ccc   0x0000000c   Code   RO         3469    x$fpl$dretinf       fz_ws.l(dretinf.o)
    0x08004cd8   0x08004cd8   0x0000006c   Code   RO         3471    x$fpl$drleqf        fz_ws.l(drleqf.o)
    0x08004d44   0x08004d44   0x00000016   Code   RO         3433    x$fpl$drsb          fz_ws.l(daddsub_clz.o)
    0x08004d5a   0x08004d5a   0x00000002   PAD
    0x08004d5c   0x08004d5c   0x000001cc   Code   RO         3527    x$fpl$dsqrt         fz_ws.l(dsqrt_noumaal.o)
    0x08004f28   0x08004f28   0x000001d4   Code   RO         3434    x$fpl$dsub          fz_ws.l(daddsub_clz.o)
    0x080050fc   0x080050fc   0x00000064   Code   RO         3544    x$fpl$retnan        fz_ws.l(retnan.o)
    0x08005160   0x08005160   0x0000005c   Code   RO         3473    x$fpl$scalbn        fz_ws.l(scalbn.o)
    0x080051bc   0x080051bc   0x00000030   Code   RO         3593    x$fpl$trapveneer    fz_ws.l(trapv.o)
    0x080051ec   0x080051ec   0x00000000   Code   RO         3475    x$fpl$usenofp       fz_ws.l(usenofp.o)
    0x080051ec   0x080051ec   0x00000012   Data   RO         1210    .constdata          stm32f1xx_hal_rcc.o
    0x080051fe   0x080051fe   0x00000018   Data   RO         3388    .constdata          system_stm32f1xx.o
    0x08005216   0x08005216   0x00000002   PAD
    0x08005218   0x08005218   0x00000088   Data   RO         3456    .constdata          m_ws.l(pow.o)
    0x080052a0   0x080052a0   0x00000008   Data   RO         3494    .constdata          m_ws.l(qnan.o)
    0x080052a8   0x080052a8   0x00000020   Data   RO         3672    Region$$Table       anon$$obj.o


    Execution Region RW_IRAM1 (Exec base: 0x20000000, Load base: 0x080052c8, Size: 0x00000b68, Max: 0x00005000, ABSOLUTE, COMPRESSED[0x000000cc])

    Exec Addr    Load Addr    Size         Type   Attr      Idx    E Section Name        Object

    0x20000000   COMPRESSED   0x00000296   Data   RW           25    .data               main.o
    0x20000296   COMPRESSED   0x00000002   PAD
    0x20000298   COMPRESSED   0x00000009   Data   RW         1046    .data               stm32f1xx_hal.o
    0x200002a1   COMPRESSED   0x00000003   PAD
    0x200002a4   COMPRESSED   0x00000004   Data   RW         3389    .data               system_stm32f1xx.o
    0x200002a8        -       0x0000001c   Zero   RW           24    .bss                main.o
    0x200002c4        -       0x0000009c   Zero   RW          358    .bss                spi.o
    0x20000360        -       0x000000d8   Zero   RW          405    .bss                tim.o
    0x20000438        -       0x000000d0   Zero   RW          472    .bss                usart.o
    0x20000508        -       0x00000060   Zero   RW         3530    .bss                c_w.l(libspace.o)
    0x20000568        -       0x00000200   Zero   RW            2    HEAP                startup_stm32f103xb.o
    0x20000768        -       0x00000400   Zero   RW            1    STACK               startup_stm32f103xb.o


==============================================================================

Image component sizes


      Code (inc. data)   RO Data    RW Data    ZI Data      Debug   Object Name

        84          4          0          0          0        726   dma.o
       368         20          0          0          0     428543   gpio.o
      1436        204          0        662         28     418480   main.o
       280         30          0          0        156       1662   spi.o
        64         26        236          0       1536        796   startup_stm32f103xb.o
       192         36          0          9          0       5757   stm32f1xx_hal.o
       304         22          0          0          0      29311   stm32f1xx_hal_cortex.o
       778         12          0          0          0       3227   stm32f1xx_hal_dma.o
       840         38          0          0          0       3211   stm32f1xx_hal_gpio.o
        84          8          0          0          0        862   stm32f1xx_hal_msp.o
      1748         98         18          0          0       5836   stm32f1xx_hal_rcc.o
      2340         10          0          0          0       9383   stm32f1xx_hal_spi.o
      2654         64          0          0          0      17982   stm32f1xx_hal_tim.o
       136         14          0          0          0       2357   stm32f1xx_hal_tim_ex.o
      1626          8          0          0          0       8920   stm32f1xx_hal_uart.o
       154         36          0          0          0       7379   stm32f1xx_it.o
         2          0         24          4          0       1071   system_stm32f1xx.o
       740         56          0          0        216       4220   tim.o
       328         34          0          0        208       1780   usart.o

    ----------------------------------------------------------------------
     14182        720        312        680       2144     951503   Object Totals
         0          0         32          0          0          0   (incl. Generated)
        24          0          2          5          0          0   (incl. Padding)

    ----------------------------------------------------------------------

      Code (inc. data)   RO Data    RW Data    ZI Data      Debug   Library Member Name

        90          0          0          0          0          0   __dczerorl2.o
         8          0          0          0          0         68   __main.o
         0          0          0          0          0          0   __rtentry.o
        12          0          0          0          0          0   __rtentry2.o
         6          0          0          0          0          0   __rtentry4.o
        52          8          0          0          0          0   __scatter.o
        28          0          0          0          0          0   __scatter_zi.o
        22          0          0          0          0        100   _rserrno.o
        18          0          0          0          0         80   exit.o
         6          0          0          0          0        152   heapauxi.o
         0          0          0          0          0          0   indicate_semi.o
         2          0          0          0          0          0   libinit.o
         2          0          0          0          0          0   libinit2.o
         2          0          0          0          0          0   libshutdown.o
         2          0          0          0          0          0   libshutdown2.o
         8          4          0          0         96         68   libspace.o
         8          4          0          0          0         68   rt_errno_addr_intlibspace.o
        78          0          0          0          0         80   rt_memclr_w.o
       100          0          0          0          0         80   rt_memcpy_w.o
         2          0          0          0          0          0   rtexit.o
        10          0          0          0          0          0   rtexit2.o
        12          4          0          0          0         68   sys_exit.o
        74          0          0          0          0         80   sys_stackheap_outer.o
         2          0          0          0          0         68   use_no_semi.o
       826         16          0          0          0        348   daddsub_clz.o
        16          4          0          0          0         68   dcheck1.o
        24          0          0          0          0         68   dcmpi.o
       688        140          0          0          0        208   ddiv.o
        94          4          0          0          0         92   dfix.o
        46          0          0          0          0         68   dflt_clz.o
       120          4          0          0          0         92   dleqf.o
       340         12          0          0          0        104   dmul.o
       156          4          0          0          0         92   dnaninf.o
        12          0          0          0          0         68   dretinf.o
       108          0          0          0          0         80   drleqf.o
       460         56          0          0          0        120   dsqrt_noumaal.o
       100          0          0          0          0         68   retnan.o
        92          0          0          0          0         68   scalbn.o
        48          0          0          0          0         68   trapv.o
         0          0          0          0          0          0   usenofp.o
        62         10          0          0          0        340   dunder.o
        40          0          0          0          0         68   fpclassify.o
       170          0          0          0          0         96   poly.o
      2520        190        136          0          0        324   pow.o
         0          0          8          0          0          0   qnan.o
        76          0          0          0          0         84   sqrt.o

    ----------------------------------------------------------------------
      6554        460        144          0         96       3436   Library Totals
        12          0          0          0          0          0   (incl. Padding)

    ----------------------------------------------------------------------

      Code (inc. data)   RO Data    RW Data    ZI Data      Debug   Library Name

       544         20          0          0         96        912   c_w.l
      3130        240          0          0          0       1612   fz_ws.l
      2868        200        144          0          0        912   m_ws.l

    ----------------------------------------------------------------------
      6554        460        144          0         96       3436   Library Totals

    ----------------------------------------------------------------------

==============================================================================


      Code (inc. data)   RO Data    RW Data    ZI Data      Debug   

     20736       1180        456        680       2240     947447   Grand Totals
     20736       1180        456        204       2240     947447   ELF Image Totals (compressed)
     20736       1180        456        204          0          0   ROM Totals

==============================================================================

    Total RO  Size (Code + RO Data)                21192 (  20.70kB)
    Total RW  Size (RW Data + ZI Data)              2920 (   2.85kB)
    Total ROM Size (Code + RO Data + RW Data)      21396 (  20.89kB)

==============================================================================

