Component: ARM Compiler 5.06 update 6 (build 750) Tool: armlink [4d35ed]

==============================================================================

Section Cross References

    startup_stm32f407xx.o(STACK) refers (Special) to heapauxi.o(.text) for __use_two_region_memory
    startup_stm32f407xx.o(HEAP) refers (Special) to heapauxi.o(.text) for __use_two_region_memory
    startup_stm32f407xx.o(RESET) refers (Special) to heapauxi.o(.text) for __use_two_region_memory
    startup_stm32f407xx.o(RESET) refers to startup_stm32f407xx.o(STACK) for __initial_sp
    startup_stm32f407xx.o(RESET) refers to startup_stm32f407xx.o(.text) for Reset_Handler
    startup_stm32f407xx.o(RESET) refers to stm32f4xx_it.o(i.NMI_Handler) for NMI_Handler
    startup_stm32f407xx.o(RESET) refers to stm32f4xx_it.o(i.HardFault_Handler) for HardFault_Handler
    startup_stm32f407xx.o(RESET) refers to stm32f4xx_it.o(i.MemManage_Handler) for MemManage_Handler
    startup_stm32f407xx.o(RESET) refers to stm32f4xx_it.o(i.BusFault_Handler) for BusFault_Handler
    startup_stm32f407xx.o(RESET) refers to stm32f4xx_it.o(i.UsageFault_Handler) for UsageFault_Handler
    startup_stm32f407xx.o(RESET) refers to port.o(.emb_text) for SVC_Handler
    startup_stm32f407xx.o(RESET) refers to stm32f4xx_it.o(i.DebugMon_Handler) for DebugMon_Handler
    startup_stm32f407xx.o(RESET) refers to port.o(i.SysTick_Handler) for SysTick_Handler
    startup_stm32f407xx.o(RESET) refers to stm32f4xx_it.o(i.EXTI2_IRQHandler) for EXTI2_IRQHandler
    startup_stm32f407xx.o(RESET) refers to stm32f4xx_it.o(i.EXTI3_IRQHandler) for EXTI3_IRQHandler
    startup_stm32f407xx.o(RESET) refers to stm32f4xx_it.o(i.EXTI4_IRQHandler) for EXTI4_IRQHandler
    startup_stm32f407xx.o(RESET) refers to stm32f4xx_it.o(i.DMA1_Stream5_IRQHandler) for DMA1_Stream5_IRQHandler
    startup_stm32f407xx.o(RESET) refers to stm32f4xx_it.o(i.DMA1_Stream6_IRQHandler) for DMA1_Stream6_IRQHandler
    startup_stm32f407xx.o(RESET) refers to stm32f4xx_it.o(i.EXTI9_5_IRQHandler) for EXTI9_5_IRQHandler
    startup_stm32f407xx.o(RESET) refers to stm32f4xx_it.o(i.TIM3_IRQHandler) for TIM3_IRQHandler
    startup_stm32f407xx.o(RESET) refers to stm32f4xx_it.o(i.EXTI15_10_IRQHandler) for EXTI15_10_IRQHandler
    startup_stm32f407xx.o(RESET) refers to stm32f4xx_it.o(i.TIM8_TRG_COM_TIM14_IRQHandler) for TIM8_TRG_COM_TIM14_IRQHandler
    startup_stm32f407xx.o(RESET) refers to stm32f4xx_it.o(i.SDIO_IRQHandler) for SDIO_IRQHandler
    startup_stm32f407xx.o(RESET) refers to stm32f4xx_it.o(i.TIM7_IRQHandler) for TIM7_IRQHandler
    startup_stm32f407xx.o(RESET) refers to stm32f4xx_it.o(i.DMA2_Stream3_IRQHandler) for DMA2_Stream3_IRQHandler
    startup_stm32f407xx.o(RESET) refers to stm32f4xx_it.o(i.DMA2_Stream6_IRQHandler) for DMA2_Stream6_IRQHandler
    startup_stm32f407xx.o(.text) refers (Special) to heapauxi.o(.text) for __use_two_region_memory
    startup_stm32f407xx.o(.text) refers to system_stm32f4xx.o(i.SystemInit) for SystemInit
    startup_stm32f407xx.o(.text) refers to __main.o(!!!main) for __main
    startup_stm32f407xx.o(.text) refers to startup_stm32f407xx.o(HEAP) for Heap_Mem
    startup_stm32f407xx.o(.text) refers to startup_stm32f407xx.o(STACK) for Stack_Mem
    main.o(i.Error_Handler) refers to stm32f4xx_hal_gpio.o(i.HAL_GPIO_TogglePin) for HAL_GPIO_TogglePin
    main.o(i.Error_Handler) refers to stm32f4xx_hal.o(i.HAL_Delay) for HAL_Delay
    main.o(i.HAL_GPIO_EXTI_Callback) refers to stm32f4xx_hal.o(i.HAL_GetTick) for HAL_GetTick
    main.o(i.HAL_GPIO_EXTI_Callback) refers to main.o(.data) for last_interrupt_time
    main.o(i.HAL_TIM_PeriodElapsedCallback) refers to stm32f4xx_hal.o(i.HAL_IncTick) for HAL_IncTick
    main.o(i.HAL_TIM_PeriodElapsedCallback) refers to stm32f4xx_hal_dac.o(i.HAL_DAC_SetValue) for HAL_DAC_SetValue
    main.o(i.HAL_TIM_PeriodElapsedCallback) refers to main.o(.data) for SD_Wave_Loaded
    main.o(i.HAL_TIM_PeriodElapsedCallback) refers to tim.o(.bss) for htim2
    main.o(i.HAL_TIM_PeriodElapsedCallback) refers to dac.o(.bss) for hdac
    main.o(i.SystemClock_Config) refers to rt_memclr_w.o(.text) for __aeabi_memclr4
    main.o(i.SystemClock_Config) refers to stm32f4xx_hal_rcc.o(i.HAL_RCC_OscConfig) for HAL_RCC_OscConfig
    main.o(i.SystemClock_Config) refers to main.o(i.Error_Handler) for Error_Handler
    main.o(i.SystemClock_Config) refers to stm32f4xx_hal_rcc.o(i.HAL_RCC_ClockConfig) for HAL_RCC_ClockConfig
    main.o(i.main) refers to stm32f4xx_hal.o(i.HAL_Init) for HAL_Init
    main.o(i.main) refers to main.o(i.SystemClock_Config) for SystemClock_Config
    main.o(i.main) refers to gpio.o(i.MX_GPIO_Init) for MX_GPIO_Init
    main.o(i.main) refers to dma.o(i.MX_DMA_Init) for MX_DMA_Init
    main.o(i.main) refers to can.o(i.MX_CAN1_Init) for MX_CAN1_Init
    main.o(i.main) refers to dac.o(i.MX_DAC_Init) for MX_DAC_Init
    main.o(i.main) refers to i2c.o(i.MX_I2C1_Init) for MX_I2C1_Init
    main.o(i.main) refers to spi.o(i.MX_SPI1_Init) for MX_SPI1_Init
[...]
    HAL_TIM_PWM_ConfigChannel                0x0800559f   Thumb Code   260  stm32f4xx_hal_tim.o(i.HAL_TIM_PWM_ConfigChannel)
    HAL_TIM_PWM_Init                         0x080056a3   Thumb Code   102  stm32f4xx_hal_tim.o(i.HAL_TIM_PWM_Init)
    HAL_TIM_PWM_MspInit                      0x08005709   Thumb Code    44  tim.o(i.HAL_TIM_PWM_MspInit)
    HAL_TIM_PWM_PulseFinishedCallback        0x08005739   Thumb Code     2  stm32f4xx_hal_tim.o(i.HAL_TIM_PWM_PulseFinishedCallback)
    HAL_TIM_PWM_Start                        0x0800573d   Thumb Code   238  stm32f4xx_hal_tim.o(i.HAL_TIM_PWM_Start)
    HAL_TIM_PeriodElapsedCallback            0x08005849   Thumb Code   410  main.o(i.HAL_TIM_PeriodElapsedCallback)
    HAL_TIM_TriggerCallback                  0x08005a0d   Thumb Code     2  stm32f4xx_hal_tim.o(i.HAL_TIM_TriggerCallback)
    HAL_UART_Init                            0x08005a0f   Thumb Code   118  stm32f4xx_hal_uart.o(i.HAL_UART_Init)
    HAL_UART_MspInit                         0x08005a85   Thumb Code   124  usart.o(i.HAL_UART_MspInit)
    HardFault_Handler                        0x08005b0d   Thumb Code     4  stm32f4xx_it.o(i.HardFault_Handler)
    Init_Breakout_Game                       0x08005b11   Thumb Code    94  freertos.o(i.Init_Breakout_Game)
    Init_Flappy_Game                         0x08005b8d   Thumb Code   106  freertos.o(i.Init_Flappy_Game)
    Init_Racing_Game                         0x08005c09   Thumb Code    98  freertos.o(i.Init_Racing_Game)
    Init_RunTiny_Game                        0x08005c7d   Thumb Code   106  freertos.o(i.Init_RunTiny_Game)
    Init_Snake_Game                          0x08005cf9   Thumb Code   106  freertos.o(i.Init_Snake_Game)
    MX_CAN1_Init                             0x08005d85   Thumb Code    48  can.o(i.MX_CAN1_Init)
    MX_DAC_Init                              0x08005dbd   Thumb Code    68  dac.o(i.MX_DAC_Init)
    MX_DMA_Init                              0x08005e09   Thumb Code   130  dma.o(i.MX_DMA_Init)
    MX_FATFS_Init                            0x08005e91   Thumb Code    16  fatfs.o(i.MX_FATFS_Init)
    MX_FREERTOS_Init                         0x08005ead   Thumb Code    78  freertos.o(i.MX_FREERTOS_Init)
    MX_GPIO_Init                             0x08005f0d   Thumb Code   366  gpio.o(i.MX_GPIO_Init)
    MX_I2C1_Init                             0x0800608d   Thumb Code    48  i2c.o(i.MX_I2C1_Init)
    MX_SDIO_SD_Init                          0x080060c9   Thumb Code    40  sdio.o(i.MX_SDIO_SD_Init)
    MX_SPI1_Init                             0x080060f9   Thumb Code    58  spi.o(i.MX_SPI1_Init)
    MX_TIM14_Init                            0x0800613d   Thumb Code    40  tim.o(i.MX_TIM14_Init)
    MX_TIM2_Init                             0x0800616d   Thumb Code   132  tim.o(i.MX_TIM2_Init)
    MX_TIM3_Init                             0x080061f5   Thumb Code   100  tim.o(i.MX_TIM3_Init)
    MX_TIM6_Init                             0x08006261   Thumb Code    66  tim.o(i.MX_TIM6_Init)
    MX_TIM8_Init                             0x080062ad   Thumb Code   122  tim.o(i.MX_TIM8_Init)
    MX_USART1_UART_Init                      0x08006331   Thumb Code    46  usart.o(i.MX_USART1_UART_Init)
    MemManage_Handler                        0x08006369   Thumb Code     4  stm32f4xx_it.o(i.MemManage_Handler)
    NMI_Handler                              0x0800636d   Thumb Code     4  stm32f4xx_it.o(i.NMI_Handler)
    Open_Text_File                           0x08006371   Thumb Code   284  freertos.o(i.Open_Text_File)
    Play_Music                               0x080064ad   Thumb Code   258  freertos.o(i.Play_Music)
    Play_Video                               0x080065f1   Thumb Code   392  freertos.o(i.Play_Video)
    SDIO_ConfigData                          0x08006829   Thumb Code    44  stm32f4xx_ll_sdmmc.o(i.SDIO_ConfigData)
    SDIO_GetCommandResponse                  0x08006855   Thumb Code     8  stm32f4xx_ll_sdmmc.o(i.SDIO_GetCommandResponse)
    SDIO_GetPowerState                       0x0800685d   Thumb Code    10  stm32f4xx_ll_sdmmc.o(i.SDIO_GetPowerState)
    SDIO_GetResponse                         0x08006867   Thumb Code    12  stm32f4xx_ll_sdmmc.o(i.SDIO_GetResponse)
    SDIO_IRQHandler                          0x08006875   Thumb Code    10  stm32f4xx_it.o(i.SDIO_IRQHandler)
    SDIO_Init                                0x08006885   Thumb Code    52  stm32f4xx_ll_sdmmc.o(i.SDIO_Init)
    SDIO_PowerState_ON                       0x080068b9   Thumb Code    10  stm32f4xx_ll_sdmmc.o(i.SDIO_PowerState_ON)
    SDIO_ReadFIFO                            0x080068c3   Thumb Code     8  stm32f4xx_ll_sdmmc.o(i.SDIO_ReadFIFO)
    SDIO_SendCommand                         0x080068cb   Thumb Code    40  stm32f4xx_ll_sdmmc.o(i.SDIO_SendCommand)
    SDIO_WriteFIFO                           0x080068f3   Thumb Code    12  stm32f4xx_ll_sdmmc.o(i.SDIO_WriteFIFO)
    SDMMC_CmdAppCommand                      0x080068ff   Thumb Code    56  stm32f4xx_ll_sdmmc.o(i.SDMMC_CmdAppCommand)
    SDMMC_CmdAppOperCommand                  0x08006939   Thumb Code    54  stm32f4xx_ll_sdmmc.o(i.SDMMC_CmdAppOperCommand)
    SDMMC_CmdBlockLength                     0x08006975   Thumb Code    56  stm32f4xx_ll_sdmmc.o(i.SDMMC_CmdBlockLength)
    SDMMC_CmdGoIdleState                     0x080069ad   Thumb Code    44  stm32f4xx_ll_sdmmc.o(i.SDMMC_CmdGoIdleState)
    SDMMC_CmdOperCond                        0x080069d9   Thumb Code    52  stm32f4xx_ll_sdmmc.o(i.SDMMC_CmdOperCond)
    SDMMC_CmdReadMultiBlock                  0x08006a0d   Thumb Code    56  stm32f4xx_ll_sdmmc.o(i.SDMMC_CmdReadMultiBlock)
    SDMMC_CmdReadSingleBlock                 0x08006a45   Thumb Code    56  stm32f4xx_ll_sdmmc.o(i.SDMMC_CmdReadSingleBlock)
    SDMMC_CmdSelDesel                        0x08006a7d   Thumb Code    58  stm32f4xx_ll_sdmmc.o(i.SDMMC_CmdSelDesel)
    SDMMC_CmdSendCID                         0x08006ab7   Thumb Code    50  stm32f4xx_ll_sdmmc.o(i.SDMMC_CmdSendCID)
    SDMMC_CmdSendCSD                         0x08006ae9   Thumb Code    50  stm32f4xx_ll_sdmmc.o(i.SDMMC_CmdSendCSD)
    SDMMC_CmdSendStatus                      0x08006b1b   Thumb Code    56  stm32f4xx_ll_sdmmc.o(i.SDMMC_CmdSendStatus)
    SDMMC_CmdSetRelAdd                       0x08006b53   Thumb Code    56  stm32f4xx_ll_sdmmc.o(i.SDMMC_CmdSetRelAdd)
    SDMMC_CmdStopTransfer                    0x08006b8d   Thumb Code    54  stm32f4xx_ll_sdmmc.o(i.SDMMC_CmdStopTransfer)
    SDMMC_CmdWriteMultiBlock                 0x08006bc9   Thumb Code    56  stm32f4xx_ll_sdmmc.o(i.SDMMC_CmdWriteMultiBlock)
    SDMMC_CmdWriteSingleBlock                0x08006c01   Thumb Code    56  stm32f4xx_ll_sdmmc.o(i.SDMMC_CmdWriteSingleBlock)
    SDMMC_GetCmdResp1                        0x08006c79   Thumb Code   418  stm32f4xx_ll_sdmmc.o(i.SDMMC_GetCmdResp1)
    SDMMC_GetCmdResp2                        0x08006e25   Thumb Code    96  stm32f4xx_ll_sdmmc.o(i.SDMMC_GetCmdResp2)
    SDMMC_GetCmdResp3                        0x08006e89   Thumb Code    82  stm32f4xx_ll_sdmmc.o(i.SDMMC_GetCmdResp3)
    SDMMC_GetCmdResp6                        0x08006ee1   Thumb Code   180  stm32f4xx_ll_sdmmc.o(i.SDMMC_GetCmdResp6)
    SDMMC_GetCmdResp7                        0x08006f99   Thumb Code   104  stm32f4xx_ll_sdmmc.o(i.SDMMC_GetCmdResp7)
    SD_initialize                            0x08007451   Thumb Code    94  sd_diskio.o(i.SD_initialize)
    SD_ioctl                                 0x080074bd   Thumb Code   102  sd_diskio.o(i.SD_ioctl)
    SD_read                                  0x08007529   Thumb Code   126  sd_diskio.o(i.SD_read)
    SD_status                                0x080075ad   Thumb Code    12  sd_diskio.o(i.SD_status)
    SD_write                                 0x080075b9   Thumb Code   124  sd_diskio.o(i.SD_write)
    Scan_Music_Files                         0x080076a1   Thumb Code   178  freertos.o(i.Scan_Music_Files)
    Scan_Text_Files                          0x08007775   Thumb Code   178  freertos.o(i.Scan_Text_Files)
    Show_Boot_Sequence                       0x08007849   Thumb Code   162  freertos.o(i.Show_Boot_Sequence)
    Show_Loading_Sequence                    0x080079c1   Thumb Code    78  freertos.o(i.Show_Loading_Sequence)
    StartDefaultTask                         0x08007a61   Thumb Code    48  freertos.o(i.StartDefaultTask)
    Stop_Music                               0x08007a9d   Thumb Code   100  freertos.o(i.Stop_Music)
    SysTick_Handler                          0x08007b15   Thumb Code    46  port.o(i.SysTick_Handler)
    SystemClock_Config                       0x08007b49   Thumb Code   174  main.o(i.SystemClock_Config)
    SystemInit                               0x08007c01   Thumb Code    14  system_stm32f4xx.o(i.SystemInit)
    TIM3_IRQHandler                          0x08007c15   Thumb Code    10  stm32f4xx_it.o(i.TIM3_IRQHandler)
    TIM7_IRQHandler                          0x08007c25   Thumb Code    10  stm32f4xx_it.o(i.TIM7_IRQHandler)
    TIM8_TRG_COM_TIM14_IRQHandler            0x08007c35   Thumb Code    16  stm32f4xx_it.o(i.TIM8_TRG_COM_TIM14_IRQHandler)
    TIM_Base_SetConfig                       0x08007c4d   Thumb Code   178  stm32f4xx_hal_tim.o(i.TIM_Base_SetConfig)
    TIM_CCxChannelCmd                        0x08007d2d   Thumb Code    34  stm32f4xx_hal_tim.o(i.TIM_CCxChannelCmd)
    TIM_ETR_SetConfig                        0x08007d4f   Thumb Code    22  stm32f4xx_hal_tim.o(i.TIM_ETR_SetConfig)
    TIM_OC2_SetConfig                        0x08007de9   Thumb Code   114  stm32f4xx_hal_tim.o(i.TIM_OC2_SetConfig)
    Update_Breakout_Game                     0x080081ad   Thumb Code   472  freertos.o(i.Update_Breakout_Game)
    Update_Flappy_Game                       0x080083a1   Thumb Code   374  freertos.o(i.Update_Flappy_Game)
    Update_Racing_Game                       0x08008529   Thumb Code   378  freertos.o(i.Update_Racing_Game)
    Update_RunTiny_Game                      0x080086c5   Thumb Code   380  freertos.o(i.Update_RunTiny_Game)
    Update_Snake_Game                        0x08008861   Thumb Code   440  freertos.o(i.Update_Snake_Game)
    UsageFault_Handler                       0x08008a39   Thumb Code     4  stm32f4xx_it.o(i.UsageFault_Handler)
    disk_initialize                          0x080094f9   Thumb Code    42  diskio.o(i.disk_initialize)
    disk_ioctl                               0x08009529   Thumb Code    36  diskio.o(i.disk_ioctl)
    disk_read                                0x08009551   Thumb Code    42  diskio.o(i.disk_read)
    disk_status                              0x08009581   Thumb Code    24  diskio.o(i.disk_status)
    disk_write                               0x0800959d   Thumb Code    42  diskio.o(i.disk_write)
    f_close                                  0x080095f5   Thumb Code    52  ff.o(i.f_close)
    f_closedir                               0x08009629   Thumb Code    46  ff.o(i.f_closedir)
    f_mount                                  0x08009659   Thumb Code   128  ff.o(i.f_mount)
    f_open                                   0x080096dd   Thumb Code   578  ff.o(i.f_open)
    f_opendir                                0x0800991f   Thumb Code   160  ff.o(i.f_opendir)
    f_read                                   0x080099bf   Thumb Code   512  ff.o(i.f_read)
    f_readdir                                0x08009bbf   Thumb Code   100  ff.o(i.f_readdir)
    f_sync                                   0x08009c23   Thumb Code   176  ff.o(i.f_sync)
    ff_convert                               0x08009cd5   Thumb Code    70  ccsbcs.o(i.ff_convert)
    ff_cre_syncobj                           0x08009d21   Thumb Code    38  syscall.o(i.ff_cre_syncobj)
    ff_del_syncobj                           0x08009d47   Thumb Code    14  syscall.o(i.ff_del_syncobj)
    ff_rel_grant                             0x08009d55   Thumb Code    12  syscall.o(i.ff_rel_grant)
    ff_req_grant                             0x08009d61   Thumb Code    24  syscall.o(i.ff_req_grant)
    ff_wtoupper                              0x08009d79   Thumb Code   156  ccsbcs.o(i.ff_wtoupper)
    get_fattime                              0x0800a361   Thumb Code     4  fatfs.o(i.get_fattime)
    main                                     0x0800a61d   Thumb Code   166  main.o(i.main)
    osDelay                                  0x0800a79b   Thumb Code    24  cmsis_os.o(i.osDelay)
    osKernelRunning                          0x0800a7b3   Thumb Code    18  cmsis_os.o(i.osKernelRunning)
    osKernelStart                            0x0800a7c5   Thumb Code    10  cmsis_os.o(i.osKernelStart)
    osKernelSysTick                          0x0800a7cf   Thumb Code    20  cmsis_os.o(i.osKernelSysTick)
    osMessageCreate                          0x0800a7e3   Thumb Code    40  cmsis_os.o(i.osMessageCreate)
    osMessageGet                             0x0800a80d   Thumb Code   150  cmsis_os.o(i.osMessageGet)
    osMessagePut                             0x0800a8a9   Thumb Code    92  cmsis_os.o(i.osMessagePut)
    osSemaphoreCreate                        0x0800a909   Thumb Code    74  cmsis_os.o(i.osSemaphoreCreate)
    osSemaphoreDelete                        0x0800a953   Thumb Code    24  cmsis_os.o(i.osSemaphoreDelete)
    osSemaphoreRelease                       0x0800a96d   Thumb Code    76  cmsis_os.o(i.osSemaphoreRelease)
    osSemaphoreWait                          0x0800a9bd   Thumb Code   100  cmsis_os.o(i.osSemaphoreWait)
    osThreadCreate                           0x0800aa25   Thumb Code    94  cmsis_os.o(i.osThreadCreate)
    pvPortMalloc                             0x0800b2e1   Thumb Code   306  heap_4.o(i.pvPortMalloc)
    pvTaskIncrementMutexHeldCount            0x0800b42d   Thumb Code    26  tasks.o(i.pvTaskIncrementMutexHeldCount)
    pxPortInitialiseStack                    0x0800b44d   Thumb Code    38  port.o(i.pxPortInitialiseStack)
    uxListRemove                             0x0800b67b   Thumb Code    40  list.o(i.uxListRemove)
    vApplicationGetIdleTaskMemory            0x0800b6a5   Thumb Code    14  freertos.o(i.vApplicationGetIdleTaskMemory)
    vListInitialise                          0x0800b6bd   Thumb Code    26  list.o(i.vListInitialise)
    vListInitialiseItem                      0x0800b6d7   Thumb Code     6  list.o(i.vListInitialiseItem)
    vListInsert                              0x0800b6dd   Thumb Code    52  list.o(i.vListInsert)
    vListInsertEnd                           0x0800b711   Thumb Code    24  list.o(i.vListInsertEnd)
    vPortEnterCritical                       0x0800b729   Thumb Code    76  port.o(i.vPortEnterCritical)
    vPortExitCritical                        0x0800b77d   Thumb Code    56  port.o(i.vPortExitCritical)
    vPortFree                                0x0800b7b9   Thumb Code   150  heap_4.o(i.vPortFree)
    vPortSetupTimerInterrupt                 0x0800b85d   Thumb Code    36  port.o(i.vPortSetupTimerInterrupt)
    vPortValidateInterruptPriority           0x0800b885   Thumb Code   106  port.o(i.vPortValidateInterruptPriority)
    vQueueDelete                             0x0800b8fd   Thumb Code    50  queue.o(i.vQueueDelete)
    vQueueUnregisterQueue                    0x0800b931   Thumb Code    44  queue.o(i.vQueueUnregisterQueue)
    vTaskDelay                               0x0800b961   Thumb Code    82  tasks.o(i.vTaskDelay)
    vTaskInternalSetTimeOutState             0x0800b9bd   Thumb Code    14  tasks.o(i.vTaskInternalSetTimeOutState)
    vTaskMissedYield                         0x0800b9d5   Thumb Code     8  tasks.o(i.vTaskMissedYield)
    vTaskPlaceOnEventList                    0x0800b9e1   Thumb Code    52  tasks.o(i.vTaskPlaceOnEventList)
    vTaskPriorityDisinheritAfterTimeout      0x0800ba19   Thumb Code   216  tasks.o(i.vTaskPriorityDisinheritAfterTimeout)
    vTaskStartScheduler                      0x0800bafd   Thumb Code   146  tasks.o(i.vTaskStartScheduler)
    vTaskSuspendAll                          0x0800bbad   Thumb Code    12  tasks.o(i.vTaskSuspendAll)
    vTaskSwitchContext                       0x0800bbbd   Thumb Code   118  tasks.o(i.vTaskSwitchContext)
    xPortStartScheduler                      0x0800bc9d   Thumb Code   330  port.o(i.xPortStartScheduler)
    xQueueGenericCreate                      0x0800be05   Thumb Code    90  queue.o(i.xQueueGenericCreate)
    xQueueGenericCreateStatic                0x0800be5f   Thumb Code   224  queue.o(i.xQueueGenericCreateStatic)
    xQueueGenericReset                       0x0800bf41   Thumb Code   146  queue.o(i.xQueueGenericReset)
    xQueueGenericSend                        0x0800bfd9   Thumb Code   420  queue.o(i.xQueueGenericSend)
    xQueueGenericSendFromISR                 0x0800c181   Thumb Code   252  queue.o(i.xQueueGenericSendFromISR)
    xQueueGiveFromISR                        0x0800c27d   Thumb Code   224  queue.o(i.xQueueGiveFromISR)
    xQueueReceive                            0x0800c35d   Thumb Code   356  queue.o(i.xQueueReceive)
    xQueueReceiveFromISR                     0x0800c4c5   Thumb Code   202  queue.o(i.xQueueReceiveFromISR)
    xQueueSemaphoreTake                      0x0800c591   Thumb Code   434  queue.o(i.xQueueSemaphoreTake)
    xTaskCheckForTimeOut                     0x0800c749   Thumb Code   132  tasks.o(i.xTaskCheckForTimeOut)
    xTaskCreate                              0x0800c7d5   Thumb Code   100  tasks.o(i.xTaskCreate)
    xTaskCreateStatic                        0x0800c839   Thumb Code   186  tasks.o(i.xTaskCreateStatic)
    xTaskGetSchedulerState                   0x0800c8f5   Thumb Code    24  tasks.o(i.xTaskGetSchedulerState)
    xTaskGetTickCount                        0x0800c915   Thumb Code     6  tasks.o(i.xTaskGetTickCount)
    xTaskGetTickCountFromISR                 0x0800c921   Thumb Code    16  tasks.o(i.xTaskGetTickCountFromISR)
    xTaskIncrementTick                       0x0800c935   Thumb Code   282  tasks.o(i.xTaskIncrementTick)
    xTaskPriorityDisinherit                  0x0800ca7d   Thumb Code   188  tasks.o(i.xTaskPriorityDisinherit)
    xTaskPriorityInherit                     0x0800cb45   Thumb Code   172  tasks.o(i.xTaskPriorityInherit)
    xTaskRemoveFromEventList                 0x0800cbfd   Thumb Code   128  tasks.o(i.xTaskRemoveFromEventList)
    xTaskResumeAll                           0x0800cc95   Thumb Code   224  tasks.o(i.xTaskResumeAll)
    __aeabi_dadd                             0x0800cd99   Thumb Code     0  daddsub_clz.o(x$fpl$dadd)
    _dadd                                    0x0800cd99   Thumb Code   332  daddsub_clz.o(x$fpl$dadd)
    __aeabi_d2iz                             0x0800cee9   Thumb Code     0  dfix.o(x$fpl$dfix)
    _dfix                                    0x0800cee9   Thumb Code    94  dfix.o(x$fpl$dfix)
    __aeabi_i2d                              0x0800cf47   Thumb Code     0  dflt_clz.o(x$fpl$dflt)
    _dflt                                    0x0800cf47   Thumb Code    46  dflt_clz.o(x$fpl$dflt)
    __aeabi_dmul                             0x0800cf75   Thumb Code     0  dmul.o(x$fpl$dmul)
    _dmul                                    0x0800cf75   Thumb Code   332  dmul.o(x$fpl$dmul)
    __fpl_dnaninf                            0x0800d0c9   Thumb Code   156  dnaninf.o(x$fpl$dnaninf)
    __fpl_dretinf                            0x0800d165   Thumb Code    12  dretinf.o(x$fpl$dretinf)
    __aeabi_dsub                             0x0800d171   Thumb Code     0  daddsub_clz.o(x$fpl$dsub)
    _dsub                                    0x0800d171   Thumb Code   464  daddsub_clz.o(x$fpl$dsub)
    _fp_init                                 0x0800d345   Thumb Code    10  fpinit.o(x$fpl$fpinit)
    __fplib_config_fpu_vfp                   0x0800d34d   Thumb Code     0  fpinit.o(x$fpl$fpinit)
    __fplib_config_pureend_doubles           0x0800d34d   Thumb Code     0  fpinit.o(x$fpl$fpinit)
    __I$use$fp                               0x0800d34e   Number         0  usenofp.o(x$fpl$usenofp)
    AHBPrescTable                            0x0800d404   Data          16  system_stm32f4xx.o(.constdata)
    APBPrescTable                            0x0800d414   Data           8  system_stm32f4xx.o(.constdata)
    SD_Driver                                0x0800d41c   Data          20  sd_diskio.o(.constdata)
    Region$$Table$$Base                      0x0800d980   Number         0  anon$$obj.o(Region$$Table)
    Region$$Table$$Limit                     0x0800d9a0   Number         0  anon$$obj.o(Region$$Table)
    volume                                   0x20000000   Data           2  main.o(.data)
    pitch                                    0x20000002   Data           1  main.o(.data)
    last_interrupt_time                      0x20000004   Data           4  main.o(.data)
    current_time                             0x20000008   Data           4  main.o(.data)
    func                                     0x2000000c   Data           1  main.o(.data)
    percentage                               0x20000018   Data           1  main.o(.data)
    Game_Input_Dir                           0x20000019   Data           1  main.o(.data)
    SD_Wave_Buffer                           0x2000001c   Data           4  main.o(.data)
    SD_Wave_Len                              0x20000020   Data           4  main.o(.data)
    SD_Wave_Idx                              0x20000024   Data           4  main.o(.data)
    SD_Wave_Write_Idx                        0x20000028   Data           4  main.o(.data)
    SD_Wave_Total_Data_Left                  0x2000002c   Data           4  main.o(.data)
    SD_Wave_Loaded                           0x20000030   Data           1  main.o(.data)
    Video_Mode                               0x20000031   Data           1  main.o(.data)
    scale                                    0x20000034   Data           4  main.o(.data)
    Music_Score                              0x20000038   Data         624  main.o(.data)
    Wave                                     0x200002a8   Data          10  main.o(.data)
    Playback_Finished                        0x200002b4   Data           1  freertos.o(.data)
    music_file_count                         0x200002b8   Data           4  freertos.o(.data)
    total_text_lines                         0x200002bc   Data           4  freertos.o(.data)
    current_text_line                        0x200002c0   Data           4  freertos.o(.data)
    snake_len                                0x200002c4   Data           4  freertos.o(.data)
    snake_food                               0x200002c8   Data           2  freertos.o(.data)
    snake_dir                                0x200002cc   Data           4  freertos.o(.data)
    game_over                                0x200002d0   Data           4  freertos.o(.data)
    last_game_tick                           0x200002d4   Data           4  freertos.o(.data)
    game_score                               0x200002d8   Data           4  freertos.o(.data)
    brk_paddle                               0x200002dc   Data           4  freertos.o(.data)
    brk_score                                0x200002e0   Data           4  freertos.o(.data)
    brk_lives                                0x200002e4   Data           4  freertos.o(.data)
    brk_game_over                            0x200002e8   Data           4  freertos.o(.data)
    brk_brick_count                          0x200002ec   Data           4  freertos.o(.data)
    flp_player                               0x200002f0   Data           8  freertos.o(.data)
    flp_score                                0x200002f8   Data           4  freertos.o(.data)
    flp_game_over                            0x200002fc   Data           4  freertos.o(.data)
    race_car                                 0x20000300   Data           4  freertos.o(.data)
    race_score                               0x20000304   Data           4  freertos.o(.data)
    race_game_over                           0x20000308   Data           4  freertos.o(.data)
    run_score                                0x2000030c   Data           4  freertos.o(.data)
    run_game_over                            0x20000310   Data           4  freertos.o(.data)
    SD_Status                                0x20000314   Data           4  freertos.o(.data)
    defaultTaskHandle                        0x20000318   Data           4  freertos.o(.data)
    myTask02Handle                           0x2000031c   Data           4  freertos.o(.data)
    myTask03Handle                           0x20000320   Data           4  freertos.o(.data)
    uwTick                                   0x20000344   Data           4  stm32f4xx_hal.o(.data)
    uwTickPrio                               0x20000348   Data           4  stm32f4xx_hal.o(.data)
    uwTickFreq                               0x2000034c   Data           1  stm32f4xx_hal.o(.data)
    SystemCoreClock                          0x20000350   Data           4  system_stm32f4xx.o(.data)
    retSD                                    0x2000035c   Data           1  fatfs.o(.data)
    SDPath                                   0x2000035d   Data           4  fatfs.o(.data)
    pxCurrentTCB                             0x2000036c   Data           4  tasks.o(.data)
    Audio_Buffer                             0x200003d4   Data       16384  main.o(.bss)
    fs                                       0x200043d4   Data         568  main.o(.bss)
    fil                                      0x2000460c   Data         560  main.o(.bss)
    test_buff                                0x2000483c   Data         512  main.o(.bss)
    datt                                     0x20004a3c   Data          18  main.o(.bss)
    music_files                              0x20004a50   Data         640  freertos.o(.bss)
    current_playing_file                     0x20004cd0   Data          32  freertos.o(.bss)
    text_lines                               0x20004cf0   Data        4000  freertos.o(.bss)
    snake_body                               0x20005c90   Data         200  freertos.o(.bss)
    brk_bricks                               0x20005d58   Data          40  freertos.o(.bss)
    brk_ball                                 0x20005d80   Data          16  freertos.o(.bss)
    flp_obstacles                            0x20005d90   Data          48  freertos.o(.bss)
    race_obstacles                           0x20005dc0   Data          80  freertos.o(.bss)
    run_player                               0x20005e10   Data          12  freertos.o(.bss)
    run_obstacles                            0x20005e1c   Data          36  freertos.o(.bss)
    hcan1                                    0x200064d4   Data          40  can.o(.bss)
    hdac                                     0x200064fc   Data          20  dac.o(.bss)
    hdma_dac1                                0x20006510   Data          96  dac.o(.bss)
    hdma_dac2                                0x20006570   Data          96  dac.o(.bss)
    hi2c1                                    0x200065d0   Data          84  i2c.o(.bss)
    hsd                                      0x20006624   Data         132  sdio.o(.bss)
    hdma_sdio_rx                             0x200066a8   Data          96  sdio.o(.bss)
    hdma_sdio_tx                             0x20006708   Data          96  sdio.o(.bss)
    hspi1                                    0x20006768   Data          88  spi.o(.bss)
    htim2                                    0x200067c0   Data          72  tim.o(.bss)
    htim3                                    0x20006808   Data          72  tim.o(.bss)
    htim6                                    0x20006850   Data          72  tim.o(.bss)
    htim8                                    0x20006898   Data          72  tim.o(.bss)
    htim14                                   0x200068e0   Data          72  tim.o(.bss)
    huart1                                   0x20006928   Data          72  usart.o(.bss)
    htim7                                    0x20006970   Data          72  stm32f4xx_hal_timebase_tim.o(.bss)
    disk                                     0x200069d8   Data          12  ff_gen_drv.o(.bss)
    xQueueRegistry                           0x200069e4   Data          64  queue.o(.bss)
    _random_number_data                      0x2000cb14   Data         228  rand.o(.bss)
    __libspace_start                         0x2000cbf8   Data          96  libspace.o(.bss)
    __temporary_stack_top$libspace           0x2000cc58   Data           0  libspace.o(.bss)



==============================================================================

Memory Map of the image

  Image Entry point : 0x08000189

  Load Region LR_IROM1 (Base: 0x08000000, Size: 0x0000dd74, Max: 0x00080000, ABSOLUTE, COMPRESSED[0x0000da90])

    Execution Region ER_IROM1 (Exec base: 0x08000000, Load base: 0x08000000, Size: 0x0000d9a0, Max: 0x00080000, ABSOLUTE)

    Exec Addr    Load Addr    Size         Type   Attr      Idx    E Section Name        Object

    0x08000000   0x08000000   0x00000188   Data   RO            3    RESET               startup_stm32f407xx.o
    0x08000188   0x08000188   0x00000008   Code   RO         7908  * !!!main             c_w.l(__main.o)
    0x08000190   0x08000190   0x00000034   Code   RO         8117    !!!scatter          c_w.l(__scatter.o)
    0x080001c4   0x080001c4   0x0000005a   Code   RO         8115    !!dczerorl2         c_w.l(__dczerorl2.o)
    0x0800021e   0x0800021e   0x00000002   PAD
    0x08000220   0x08000220   0x0000001c   Code   RO         8119    !!handler_zi        c_w.l(__scatter_zi.o)
    0x0800023c   0x0800023c   0x00000000   Code   RO         7882    .ARM.Collect$$_printf_percent$$00000000  c_w.l(_printf_percent.o)
    0x0800023c   0x0800023c   0x00000006   Code   RO         7881    .ARM.Collect$$_printf_percent$$00000009  c_w.l(_printf_d.o)
    0x08000242   0x08000242   0x00000006   Code   RO         7880    .ARM.Collect$$_printf_percent$$00000014  c_w.l(_printf_s.o)
    0x08000248   0x08000248   0x00000004   Code   RO         7943    .ARM.Collect$$_printf_percent$$00000017  c_w.l(_printf_percent_end.o)
    0x0800024c   0x0800024c   0x00000002   Code   RO         8038    .ARM.Collect$$libinit$$00000000  c_w.l(libinit.o)
    0x0800024e   0x0800024e   0x00000004   Code   RO         7948    .ARM.Collect$$libinit$$00000001  c_w.l(libinit2.o)
    0x08000252   0x08000252   0x00000000   Code   RO         7951    .ARM.Collect$$libinit$$00000004  c_w.l(libinit2.o)
    0x08000252   0x08000252   0x00000000   Code   RO         7954    .ARM.Collect$$libinit$$0000000A  c_w.l(libinit2.o)
    0x08000252   0x08000252   0x00000000   Code   RO         7956    .ARM.Collect$$libinit$$0000000C  c_w.l(libinit2.o)
    0x08000252   0x08000252   0x00000004   Code   RO         7957    .ARM.Collect$$libinit$$0000000D  c_w.l(libinit2.o)
    0x08000256   0x08000256   0x00000000   Code   RO         7958    .ARM.Collect$$libinit$$0000000E  c_w.l(libinit2.o)
    0x08000256   0x08000256   0x00000000   Code   RO         7961    .ARM.Collect$$libinit$$00000011  c_w.l(libinit2.o)
    0x08000256   0x08000256   0x00000000   Code   RO         7963    .ARM.Collect$$libinit$$00000013  c_w.l(libinit2.o)
    0x08000256   0x08000256   0x00000000   Code   RO         7965    .ARM.Collect$$libinit$$00000015  c_w.l(libinit2.o)
    0x08000256   0x08000256   0x00000000   Code   RO         7967    .ARM.Collect$$libinit$$00000017  c_w.l(libinit2.o)
    0x08000256   0x08000256   0x00000000   Code   RO         7969    .ARM.Collect$$libinit$$00000019  c_w.l(libinit2.o)
    0x08000256   0x08000256   0x00000000   Code   RO         7971    .ARM.Collect$$libinit$$0000001B  c_w.l(libinit2.o)
    0x08000256   0x08000256   0x00000000   Code   RO         7973    .ARM.Collect$$libinit$$0000001D  c_w.l(libinit2.o)
    0x08000256   0x08000256   0x00000000   Code   RO         7975    .ARM.Collect$$libinit$$0000001F  c_w.l(libinit2.o)
    0x08000256   0x08000256   0x00000000   Code   RO         7977    .ARM.Collect$$libinit$$00000021  c_w.l(libinit2.o)
    0x08000256   0x08000256   0x00000000   Code   RO         7979    .ARM.Collect$$libinit$$00000023  c_w.l(libinit2.o)
    0x08000256   0x08000256   0x00000000   Code   RO         7981    .ARM.Collect$$libinit$$00000025  c_w.l(libinit2.o)
    0x08000256   0x08000256   0x00000000   Code   RO         7985    .ARM.Collect$$libinit$$0000002C  c_w.l(libinit2.o)
    0x08000256   0x08000256   0x00000000   Code   RO         7987    .ARM.Collect$$libinit$$0000002E  c_w.l(libinit2.o)
    0x08000256   0x08000256   0x00000000   Code   RO         7989    .ARM.Collect$$libinit$$00000030  c_w.l(libinit2.o)
    0x08000256   0x08000256   0x00000000   Code   RO         7991    .ARM.Collect$$libinit$$00000032  c_w.l(libinit2.o)
    0x08000256   0x08000256   0x00000002   Code   RO         7992    .ARM.Collect$$libinit$$00000033  c_w.l(libinit2.o)
    0x08000258   0x08000258   0x00000002   Code   RO         8082    .ARM.Collect$$libshutdown$$00000000  c_w.l(libshutdown.o)
    0x0800025a   0x0800025a   0x00000000   Code   RO         8098    .ARM.Collect$$libshutdown$$00000002  c_w.l(libshutdown2.o)
    0x0800025a   0x0800025a   0x00000000   Code   RO         8100    .ARM.Collect$$libshutdown$$00000004  c_w.l(libshutdown2.o)
    0x0800025a   0x0800025a   0x00000000   Code   RO         8103    .ARM.Collect$$libshutdown$$00000007  c_w.l(libshutdown2.o)
    0x0800025a   0x0800025a   0x00000000   Code   RO         8106    .ARM.Collect$$libshutdown$$0000000A  c_w.l(libshutdown2.o)
    0x0800025a   0x0800025a   0x00000000   Code   RO         8108    .ARM.Collect$$libshutdown$$0000000C  c_w.l(libshutdown2.o)
    0x0800025a   0x0800025a   0x00000000   Code   RO         8111    .ARM.Collect$$libshutdown$$0000000F  c_w.l(libshutdown2.o)
    0x0800025a   0x0800025a   0x00000002   Code   RO         8112    .ARM.Collect$$libshutdown$$00000010  c_w.l(libshutdown2.o)
    0x0800025c   0x0800025c   0x00000000   Code   RO         7928    .ARM.Collect$$rtentry$$00000000  c_w.l(__rtentry.o)
    0x0800025c   0x0800025c   0x00000000   Code   RO         7999    .ARM.Collect$$rtentry$$00000002  c_w.l(__rtentry2.o)
    0x0800025c   0x0800025c   0x00000006   Code   RO         8011    .ARM.Collect$$rtentry$$00000004  c_w.l(__rtentry4.o)
    0x08000262   0x08000262   0x00000000   Code   RO         8001    .ARM.Collect$$rtentry$$00000009  c_w.l(__rtentry2.o)
    0x08000262   0x08000262   0x00000004   Code   RO         8002    .ARM.Collect$$rtentry$$0000000A  c_w.l(__rtentry2.o)
    0x08000266   0x08000266   0x00000000   Code   RO         8004    .ARM.Collect$$rtentry$$0000000C  c_w.l(__rtentry2.o)
    0x08000266   0x08000266   0x00000008   Code   RO         8005    .ARM.Collect$$rtentry$$0000000D  c_w.l(__rtentry2.o)
    0x0800026e   0x0800026e   0x00000002   Code   RO         8044    .ARM.Collect$$rtexit$$00000000  c_w.l(rtexit.o)
    0x08000270   0x08000270   0x00000000   Code   RO         8064    .ARM.Collect$$rtexit$$00000002  c_w.l(rtexit2.o)
    0x08000270   0x08000270   0x00000004   Code   RO         8065    .ARM.Collect$$rtexit$$00000003  c_w.l(rtexit2.o)
    0x08000274   0x08000274   0x00000006   Code   RO         8066    .ARM.Collect$$rtexit$$00000004  c_w.l(rtexit2.o)
    0x0800027a   0x0800027a   0x00000002   PAD
    0x0800027c   0x0800027c   0x000000be   Code   RO         7765    .emb_text           port.o
    0x0800033a   0x0800033a   0x00000002   PAD
    0x0800033c   0x0800033c   0x00000034   Code   RO         7883    .emb_text           c_w.l(rand.o)
    0x08000370   0x08000370   0x00000040   Code   RO            4    .text               startup_stm32f407xx.o
    0x080003b0   0x080003b0   0x000000ee   Code   RO         7844    .text               c_w.l(lludivv7m.o)
    0x0800049e   0x0800049e   0x00000002   PAD
    0x080004a0   0x080004a0   0x00000028   Code   RO         7850    .text               c_w.l(noretval__2sprintf.o)
    0x080004c8   0x080004c8   0x00000034   Code   RO         7852    .text               c_w.l(noretval__2snprintf.o)
    0x080004fc   0x080004fc   0x00000068   Code   RO         7854    .text               c_w.l(__printf.o)
    0x08000564   0x08000564   0x00000052   Code   RO         7856    .text               c_w.l(_printf_str.o)
    0x080005b6   0x080005b6   0x00000002   PAD
    0x080005b8   0x080005b8   0x00000078   Code   RO         7858    .text               c_w.l(_printf_dec.o)
    0x08000630   0x08000630   0x0000003c   Code   RO         7884    .text               c_w.l(rand.o)
    0x0800066c   0x0800066c   0x00000024   Code   RO         7888    .text               c_w.l(strstr.o)
    0x08000690   0x08000690   0x00000048   Code   RO         7890    .text               c_w.l(strcpy.o)
    0x080006d8   0x080006d8   0x00000096   Code   RO         7892    .text               c_w.l(strncmp.o)
    0x0800076e   0x0800076e   0x0000008a   Code   RO         7894    .text               c_w.l(rt_memcpy_v6.o)
    0x080007f8   0x080007f8   0x00000084   Code   RO         7896    .text               c_w.l(rt_memmove_v6.o)
    0x0800087c   0x0800087c   0x00000064   Code   RO         7898    .text               c_w.l(rt_memcpy_w.o)
    0x080008e0   0x080008e0   0x0000004e   Code   RO         7902    .text               c_w.l(rt_memclr_w.o)
    0x0800092e   0x0800092e   0x00000056   Code   RO         7904    .text               c_w.l(strncpy.o)
    0x08000984   0x08000984   0x00000006   Code   RO         7906    .text               c_w.l(heapauxi.o)
    0x0800098a   0x0800098a   0x000000b2   Code   RO         7933    .text               c_w.l(_printf_intcommon.o)
    0x08000a3c   0x08000a3c   0x00000030   Code   RO         7935    .text               c_w.l(_printf_char_common.o)
    0x08000a6c   0x08000a6c   0x0000000a   Code   RO         7937    .text               c_w.l(_sputc.o)
    0x08000a76   0x08000a76   0x00000010   Code   RO         7939    .text               c_w.l(_snputc.o)
    0x08000a86   0x08000a86   0x0000002c   Code   RO         7941    .text               c_w.l(_printf_char.o)
    0x08000ab2   0x08000ab2   0x0000007a   Code   RO         7944    .text               c_w.l(rt_memmove_w.o)
    0x08000b2c   0x08000b2c   0x00000044   Code   RO         7946    .text               c_w.l(rt_memclr.o)
    0x08000b70   0x08000b70   0x0000004a   Code   RO         8021    .text               c_w.l(sys_stackheap_outer.o)
    0x08000bba   0x08000bba   0x00000012   Code   RO         8023    .text               c_w.l(exit.o)
    0x08000bcc   0x08000bcc   0x00000008   Code   RO         8041    .text               c_w.l(libspace.o)
    0x08000bd4   0x08000bd4   0x0000000c   Code   RO         8058    .text               c_w.l(sys_exit.o)
    0x08000be0   0x08000be0   0x00000002   Code   RO         8060    .text               c_w.l(use_no_semi.o)
    0x08000be2   0x08000be2   0x00000000   Code   RO         8062    .text               c_w.l(indicate_semi.o)
    0x08000be2   0x08000be2   0x00000002   PAD
    0x08000be4   0x08000be4   0x00000104   Code   RO          503    i.AudioTask         freertos.o
    0x08000ce8   0x08000ce8   0x00000002   Code   RO         5709    i.BSP_SD_AbortCallback  bsp_driver_sd.o
    0x08000cea   0x08000cea   0x00000002   PAD
    0x08000cec   0x08000cec   0x00000014   Code   RO         5712    i.BSP_SD_GetCardInfo  bsp_driver_sd.o
    0x08000d00   0x08000d00   0x00000018   Code   RO         5713    i.BSP_SD_GetCardState  bsp_driver_sd.o
    0x08000d18   0x08000d18   0x00000020   Code   RO         5715    i.BSP_SD_Init       bsp_driver_sd.o
    0x08000d38   0x08000d38   0x0000000c   Code   RO         5716    i.BSP_SD_IsDetected  bsp_driver_sd.o
    0x08000d44   0x08000d44   0x00000028   Code   RO         5718    i.BSP_SD_ReadBlocks_DMA  bsp_driver_sd.o
    0x08000d6c   0x08000d6c   0x00000014   Code   RO         5830    i.BSP_SD_ReadCpltCallback  sd_diskio.o
    0x08000d80   0x08000d80   0x00000028   Code   RO         5721    i.BSP_SD_WriteBlocks_DMA  bsp_driver_sd.o
    0x08000da8   0x08000da8   0x00000014   Code   RO         5831    i.BSP_SD_WriteCpltCallback  sd_diskio.o
    0x08000dbc   0x08000dbc   0x00000004   Code   RO         1059    i.BusFault_Handler  stm32f4xx_it.o
    0x08000dc0   0x08000dc0   0x00000010   Code   RO         1060    i.DMA1_Stream5_IRQHandler  stm32f4xx_it.o
    0x08000dd0   0x08000dd0   0x00000010   Code   RO         1061    i.DMA1_Stream6_IRQHandler  stm32f4xx_it.o
    0x08000de0   0x08000de0   0x00000010   Code   RO         1062    i.DMA2_Stream3_IRQHandler  stm32f4xx_it.o
    0x08000df0   0x08000df0   0x00000010   Code   RO         1063    i.DMA2_Stream6_IRQHandler  stm32f4xx_it.o
    0x08000e00   0x08000e00   0x00000034   Code   RO         2980    i.DMA_CalcBaseAndBitshift  stm32f4xx_hal_dma.o
    0x08000e34   0x08000e34   0x000000aa   Code   RO         2981    i.DMA_CheckFifoParam  stm32f4xx_hal_dma.o
    0x08000ede   0x08000ede   0x0000002c   Code   RO         2982    i.DMA_SetConfig     stm32f4xx_hal_dma.o
    0x08000f0a   0x08000f0a   0x00000006   Code   RO           13    i.DRAW_AddCircle    draw.o
    0x08000f10   0x08000f10   0x00000008   Code   RO           14    i.DRAW_AddLine      draw.o
    0x08000f18   0x08000f18   0x00000008   Code   RO           15    i.DRAW_AddRect      draw.o
    0x08000f20   0x08000f20   0x0000000e   Code   RO           16    i.DRAW_AddString    draw.o
    0x08000f2e   0x08000f2e   0x00000002   Code   RO           17    i.DRAW_Clear        draw.o
    0x08000f30   0x08000f30   0x00000004   Code   RO           18    i.DRAW_GetCPUDelay  draw.o
    0x08000f34   0x08000f34   0x00000004   Code   RO           19    i.DRAW_GetCPUJumpDwell  draw.o
    0x08000f38   0x08000f38   0x00000004   Code   RO           20    i.DRAW_GetDrawDensity  draw.o
    0x08000f3c   0x08000f3c   0x00000006   Code   RO           21    i.DRAW_GetTextScroll  draw.o
    0x08000f42   0x08000f42   0x00000002   Code   RO           22    i.DRAW_Init         draw.o
    0x08000f44   0x08000f44   0x00000002   Code   RO           23    i.DRAW_Render       draw.o
    0x08000f46   0x08000f46   0x00000002   Code   RO           25    i.DRAW_SetCPUDelay  draw.o
    0x08000f48   0x08000f48   0x00000002   Code   RO           26    i.DRAW_SetCPUJumpDwell  draw.o
    0x08000f4a   0x08000f4a   0x00000002   Code   RO           27    i.DRAW_SetDrawDensity  draw.o
    0x08000f4c   0x08000f4c   0x00000002   Code   RO           29    i.DRAW_SetMode      draw.o
    0x08000f4e   0x08000f4e   0x00000002   Code   RO           32    i.DRAW_SetTextScroll  draw.o
    0x08000f50   0x08000f50   0x00000002   Code   RO           33    i.DRAW_Terminal_Init  draw.o
    0x08000f52   0x08000f52   0x00000002   Code   RO           34    i.DRAW_Terminal_Print  draw.o
    0x08000f54   0x08000f54   0x00000002   Code   RO           36    i.DRAW_Update       draw.o
    0x08000f56   0x08000f56   0x00000002   Code   RO         1064    i.DebugMon_Handler  stm32f4xx_it.o
    0x08000f58   0x08000f58   0x0000000c   Code   RO         1065    i.EXTI15_10_IRQHandler  stm32f4xx_it.o
    0x08000f64   0x08000f64   0x0000000a   Code   RO         1066    i.EXTI2_IRQHandler  stm32f4xx_it.o
    0x08000f6e   0x08000f6e   0x0000000a   Code   RO         1067    i.EXTI3_IRQHandler  stm32f4xx_it.o
    0x08000f78   0x08000f78   0x0000000a   Code   RO         1068    i.EXTI4_IRQHandler  stm32f4xx_it.o
    0x08000f82   0x08000f82   0x0000000a   Code   RO         1069    i.EXTI9_5_IRQHandler  stm32f4xx_it.o
    0x08000f8c   0x08000f8c   0x00000018   Code   RO          328    i.Error_Handler     main.o
    0x08000fa4   0x08000fa4   0x00000012   Code   RO         6397    i.FATFS_LinkDriver  ff_gen_drv.o
    0x08000fb6   0x08000fb6   0x00000002   PAD
    0x08000fb8   0x08000fb8   0x00000054   Code   RO         6398    i.FATFS_LinkDriverEx  ff_gen_drv.o
    0x0800100c   0x0800100c   0x000019f0   Code   RO          504    i.GuiTask           freertos.o
    0x080029fc   0x080029fc   0x00000174   Code   RO         2256    i.HAL_CAN_Init      stm32f4xx_hal_can.o
    0x08002b70   0x08002b70   0x00000088   Code   RO          688    i.HAL_CAN_MspInit   can.o
    0x08002bf8   0x08002bf8   0x0000006e   Code   RO         3679    i.HAL_DAC_ConfigChannel  stm32f4xx_hal_dac.o
    0x08002c66   0x08002c66   0x00000028   Code   RO         3689    i.HAL_DAC_Init      stm32f4xx_hal_dac.o
    0x08002c8e   0x08002c8e   0x00000002   PAD
    0x08002c90   0x08002c90   0x00000114   Code   RO          730    i.HAL_DAC_MspInit   dac.o
    0x08002da4   0x08002da4   0x00000032   Code   RO         3692    i.HAL_DAC_SetValue  stm32f4xx_hal_dac.o
    0x08002dd6   0x08002dd6   0x0000007e   Code   RO         3693    i.HAL_DAC_Start     stm32f4xx_hal_dac.o
    0x08002e54   0x08002e54   0x00000024   Code   RO         3695    i.HAL_DAC_Stop      stm32f4xx_hal_dac.o
    0x08002e78   0x08002e78   0x00000062   Code   RO         3696    i.HAL_DAC_Stop_DMA  stm32f4xx_hal_dac.o
    0x08002eda   0x08002eda   0x000000ac   Code   RO         2983    i.HAL_DMA_Abort     stm32f4xx_hal_dma.o
    0x08002f86   0x08002f86   0x00000028   Code   RO         2984    i.HAL_DMA_Abort_IT  stm32f4xx_hal_dma.o
    0x08002fae   0x08002fae   0x00000006   Code   RO         2986    i.HAL_DMA_GetError  stm32f4xx_hal_dma.o
    0x08002fb4   0x08002fb4   0x00000240   Code   RO         2988    i.HAL_DMA_IRQHandler  stm32f4xx_hal_dma.o
    0x080031f4   0x080031f4   0x000000ec   Code   RO         2989    i.HAL_DMA_Init      stm32f4xx_hal_dma.o
    0x080032e0   0x080032e0   0x00000092   Code   RO         2993    i.HAL_DMA_Start_IT  stm32f4xx_hal_dma.o
    0x08003372   0x08003372   0x00000002   PAD
    0x08003374   0x08003374   0x00000028   Code   RO         3425    i.HAL_Delay         stm32f4xx_hal.o
    0x0800339c   0x0800339c   0x000000cc   Code   RO          329    i.HAL_GPIO_EXTI_Callback  main.o
    0x08003468   0x08003468   0x0000001c   Code   RO         2875    i.HAL_GPIO_EXTI_IRQHandler  stm32f4xx_hal_gpio.o
    0x08003484   0x08003484   0x000001f4   Code   RO         2876    i.HAL_GPIO_Init     stm32f4xx_hal_gpio.o
    0x08003678   0x08003678   0x00000010   Code   RO         2878    i.HAL_GPIO_ReadPin  stm32f4xx_hal_gpio.o
    0x08003688   0x08003688   0x00000014   Code   RO         2879    i.HAL_GPIO_TogglePin  stm32f4xx_hal_gpio.o
    0x0800369c   0x0800369c   0x0000000c   Code   RO         2880    i.HAL_GPIO_WritePin  stm32f4xx_hal_gpio.o
    0x080036a8   0x080036a8   0x0000000c   Code   RO         3431    i.HAL_GetTick       stm32f4xx_hal.o
    0x080036b4   0x080036b4   0x000001d0   Code   RO         3927    i.HAL_I2C_Init      stm32f4xx_hal_i2c.o
    0x08003884   0x08003884   0x00000088   Code   RO          796    i.HAL_I2C_MspInit   i2c.o
    0x0800390c   0x0800390c   0x00000018   Code   RO         3437    i.HAL_IncTick       stm32f4xx_hal.o
    0x08003924   0x08003924   0x0000003c   Code   RO         3438    i.HAL_Init          stm32f4xx_hal.o
    0x08003960   0x08003960   0x000000b4   Code   RO         1219    i.HAL_InitTick      stm32f4xx_hal_timebase_tim.o
    0x08003a14   0x08003a14   0x00000054   Code   RO         1195    i.HAL_MspInit       stm32f4xx_hal_msp.o
    0x08003a68   0x08003a68   0x00000028   Code   RO         3268    i.HAL_NVIC_EnableIRQ  stm32f4xx_hal_cortex.o
    0x08003a90   0x08003a90   0x0000007c   Code   RO         3274    i.HAL_NVIC_SetPriority  stm32f4xx_hal_cortex.o
    0x08003b0c   0x08003b0c   0x00000028   Code   RO         3275    i.HAL_NVIC_SetPriorityGrouping  stm32f4xx_hal_cortex.o
    0x08003b34   0x08003b34   0x00000184   Code   RO         2477    i.HAL_RCC_ClockConfig  stm32f4xx_hal_rcc.o
    0x08003cb8   0x08003cb8   0x00000044   Code   RO         2481    i.HAL_RCC_GetClockConfig  stm32f4xx_hal_rcc.o
    0x08003cfc   0x08003cfc   0x0000000c   Code   RO         2482    i.HAL_RCC_GetHCLKFreq  stm32f4xx_hal_rcc.o
    0x08003d08   0x08003d08   0x00000020   Code   RO         2484    i.HAL_RCC_GetPCLK1Freq  stm32f4xx_hal_rcc.o
    0x08003d28   0x08003d28   0x00000020   Code   RO         2485    i.HAL_RCC_GetPCLK2Freq  stm32f4xx_hal_rcc.o
    0x08003d48   0x08003d48   0x000000b0   Code   RO         2486    i.HAL_RCC_GetSysClockFreq  stm32f4xx_hal_rcc.o
    0x08003df8   0x08003df8   0x0000049c   Code   RO         2489    i.HAL_RCC_OscConfig  stm32f4xx_hal_rcc.o
    0x08004294   0x08004294   0x0000000a   Code   RO         5723    i.HAL_SD_AbortCallback  bsp_driver_sd.o
    0x0800429e   0x0800429e   0x00000002   Code   RO         4710    i.HAL_SD_ErrorCallback  stm32f4xx_hal_sd.o
    0x080042a0   0x080042a0   0x000001c8   Code   RO         4712    i.HAL_SD_GetCardCSD  stm32f4xx_hal_sd.o
    0x08004468   0x08004468   0x00000026   Code   RO         4713    i.HAL_SD_GetCardInfo  stm32f4xx_hal_sd.o
    0x0800448e   0x0800448e   0x00000024   Code   RO         4714    i.HAL_SD_GetCardState  stm32f4xx_hal_sd.o
    0x080044b2   0x080044b2   0x00000002   PAD
    0x080044b4   0x080044b4   0x0000021c   Code   RO         4718    i.HAL_SD_IRQHandler  stm32f4xx_hal_sd.o
    0x080046d0   0x080046d0   0x0000003c   Code   RO         4719    i.HAL_SD_Init       stm32f4xx_hal_sd.o
    0x0800470c   0x0800470c   0x000000a8   Code   RO         4720    i.HAL_SD_InitCard   stm32f4xx_hal_sd.o
    0x080047b4   0x080047b4   0x0000018c   Code   RO          838    i.HAL_SD_MspInit    sdio.o
    0x08004940   0x08004940   0x00000150   Code   RO         4724    i.HAL_SD_ReadBlocks_DMA  stm32f4xx_hal_sd.o
    0x08004a90   0x08004a90   0x0000000a   Code   RO         5724    i.HAL_SD_RxCpltCallback  bsp_driver_sd.o
    0x08004a9a   0x08004a9a   0x0000000a   Code   RO         5725    i.HAL_SD_TxCpltCallback  bsp_driver_sd.o
    0x08004aa4   0x08004aa4   0x00000154   Code   RO         4729    i.HAL_SD_WriteBlocks_DMA  stm32f4xx_hal_sd.o
    0x08004bf8   0x08004bf8   0x000000c8   Code   RO         4988    i.HAL_SPI_Init      stm32f4xx_hal_spi.o
    0x08004cc0   0x08004cc0   0x000000c4   Code   RO          880    i.HAL_SPI_MspInit   spi.o
    0x08004d84   0x08004d84   0x00000002   Code   RO         1975    i.HAL_TIMEx_BreakCallback  stm32f4xx_hal_tim_ex.o
    0x08004d86   0x08004d86   0x00000002   Code   RO         1976    i.HAL_TIMEx_CommutCallback  stm32f4xx_hal_tim_ex.o
    0x08004d88   0x08004d88   0x000000b4   Code   RO         1994    i.HAL_TIMEx_MasterConfigSynchronization  stm32f4xx_hal_tim_ex.o
    0x08004e3c   0x08004e3c   0x00000066   Code   RO         1260    i.HAL_TIM_Base_Init  stm32f4xx_hal_tim.o
    0x08004ea2   0x08004ea2   0x00000002   PAD
    0x08004ea4   0x08004ea4   0x000000b0   Code   RO          922    i.HAL_TIM_Base_MspInit  tim.o
    0x08004f54   0x08004f54   0x0000009c   Code   RO         1263    i.HAL_TIM_Base_Start  stm32f4xx_hal_tim.o
    0x08004ff0   0x08004ff0   0x000000a8   Code   RO         1265    i.HAL_TIM_Base_Start_IT  stm32f4xx_hal_tim.o
    0x08005098   0x08005098   0x0000010c   Code   RO         1269    i.HAL_TIM_ConfigClockSource  stm32f4xx_hal_tim.o
    0x080051a4   0x080051a4   0x000000c8   Code   RO         1281    i.HAL_TIM_Encoder_Init  stm32f4xx_hal_tim.o
    0x0800526c   0x0800526c   0x00000098   Code   RO          924    i.HAL_TIM_Encoder_MspInit  tim.o
    0x08005304   0x08005304   0x000000cc   Code   RO         1284    i.HAL_TIM_Encoder_Start  stm32f4xx_hal_tim.o
    0x080053d0   0x080053d0   0x00000002   Code   RO         1294    i.HAL_TIM_IC_CaptureCallback  stm32f4xx_hal_tim.o
    0x080053d2   0x080053d2   0x0000016c   Code   RO         1308    i.HAL_TIM_IRQHandler  stm32f4xx_hal_tim.o
    0x0800553e   0x0800553e   0x00000002   PAD
    0x08005540   0x08005540   0x0000005c   Code   RO          925    i.HAL_TIM_MspPostInit  tim.o
    0x0800559c   0x0800559c   0x00000002   Code   RO         1311    i.HAL_TIM_OC_DelayElapsedCallback  stm32f4xx_hal_tim.o
    0x0800559e   0x0800559e   0x00000104   Code   RO         1332    i.HAL_TIM_PWM_ConfigChannel  stm32f4xx_hal_tim.o
    0x080056a2   0x080056a2   0x00000066   Code   RO         1335    i.HAL_TIM_PWM_Init  stm32f4xx_hal_tim.o
    0x08005708   0x08005708   0x00000030   Code   RO          927    i.HAL_TIM_PWM_MspInit  tim.o
    0x08005738   0x08005738   0x00000002   Code   RO         1338    i.HAL_TIM_PWM_PulseFinishedCallback  stm32f4xx_hal_tim.o
    0x0800573a   0x0800573a   0x00000002   PAD
    0x0800573c   0x0800573c   0x0000010c   Code   RO         1340    i.HAL_TIM_PWM_Start  stm32f4xx_hal_tim.o
    0x08005848   0x08005848   0x000001c4   Code   RO          330    i.HAL_TIM_PeriodElapsedCallback  main.o
    0x08005a0c   0x08005a0c   0x00000002   Code   RO         1351    i.HAL_TIM_TriggerCallback  stm32f4xx_hal_tim.o
    0x08005a0e   0x08005a0e   0x00000076   Code   RO         5329    i.HAL_UART_Init     stm32f4xx_hal_uart.o
    0x08005a84   0x08005a84   0x00000088   Code   RO         1018    i.HAL_UART_MspInit  usart.o
    0x08005b0c   0x08005b0c   0x00000004   Code   RO         1070    i.HardFault_Handler  stm32f4xx_it.o
    0x08005b10   0x08005b10   0x0000007c   Code   RO          505    i.Init_Breakout_Game  freertos.o
    0x08005b8c   0x08005b8c   0x0000007c   Code   RO          506    i.Init_Flappy_Game  freertos.o
    0x08005c08   0x08005c08   0x00000074   Code   RO          507    i.Init_Racing_Game  freertos.o
    0x08005c7c   0x08005c7c   0x0000007c   Code   RO          508    i.Init_RunTiny_Game  freertos.o
    0x08005cf8   0x08005cf8   0x0000008c   Code   RO          509    i.Init_Snake_Game   freertos.o
    0x08005d84   0x08005d84   0x00000038   Code   RO          689    i.MX_CAN1_Init      can.o
    0x08005dbc   0x08005dbc   0x0000004c   Code   RO          731    i.MX_DAC_Init       dac.o
    0x08005e08   0x08005e08   0x00000088   Code   RO          771    i.MX_DMA_Init       dma.o
    0x08005e90   0x08005e90   0x0000001c   Code   RO         5913    i.MX_FATFS_Init     fatfs.o
    0x08005eac   0x08005eac   0x00000060   Code   RO          510    i.MX_FREERTOS_Init  freertos.o
    0x08005f0c   0x08005f0c   0x00000180   Code   RO          479    i.MX_GPIO_Init      gpio.o
    0x0800608c   0x0800608c   0x0000003c   Code   RO          797    i.MX_I2C1_Init      i2c.o
    0x080060c8   0x080060c8   0x00000030   Code   RO          839    i.MX_SDIO_SD_Init   sdio.o
    0x080060f8   0x080060f8   0x00000044   Code   RO          881    i.MX_SPI1_Init      spi.o
    0x0800613c   0x0800613c   0x00000030   Code   RO          928    i.MX_TIM14_Init     tim.o
    0x0800616c   0x0800616c   0x00000088   Code   RO          929    i.MX_TIM2_Init      tim.o
    0x080061f4   0x080061f4   0x0000006c   Code   RO          930    i.MX_TIM3_Init      tim.o
    0x08006260   0x08006260   0x0000004c   Code   RO          931    i.MX_TIM6_Init      tim.o
    0x080062ac   0x080062ac   0x00000084   Code   RO          932    i.MX_TIM8_Init      tim.o
    0x08006330   0x08006330   0x00000038   Code   RO         1019    i.MX_USART1_UART_Init  usart.o
    0x08006368   0x08006368   0x00000004   Code   RO         1071    i.MemManage_Handler  stm32f4xx_it.o
    0x0800636c   0x0800636c   0x00000004   Code   RO         1072    i.NMI_Handler       stm32f4xx_it.o
    0x08006370   0x08006370   0x0000013c   Code   RO          511    i.Open_Text_File    freertos.o
    0x080064ac   0x080064ac   0x00000144   Code   RO          512    i.Play_Music        freertos.o
    0x080065f0   0x080065f0   0x000001f0   Code   RO          513    i.Play_Video        freertos.o
    0x080067e0   0x080067e0   0x00000048   Code   RO          514    i.RestoreScroll     freertos.o
    0x08006828   0x08006828   0x0000002c   Code   RO         4411    i.SDIO_ConfigData   stm32f4xx_ll_sdmmc.o
    0x08006854   0x08006854   0x00000008   Code   RO         4412    i.SDIO_GetCommandResponse  stm32f4xx_ll_sdmmc.o
    0x0800685c   0x0800685c   0x0000000a   Code   RO         4415    i.SDIO_GetPowerState  stm32f4xx_ll_sdmmc.o
    0x08006866   0x08006866   0x0000000c   Code   RO         4416    i.SDIO_GetResponse  stm32f4xx_ll_sdmmc.o
    0x08006872   0x08006872   0x00000002   PAD
    0x08006874   0x08006874   0x00000010   Code   RO         1073    i.SDIO_IRQHandler   stm32f4xx_it.o
    0x08006884   0x08006884   0x00000034   Code   RO         4417    i.SDIO_Init         stm32f4xx_ll_sdmmc.o
    0x080068b8   0x080068b8   0x0000000a   Code   RO         4419    i.SDIO_PowerState_ON  stm32f4xx_ll_sdmmc.o
    0x080068c2   0x080068c2   0x00000008   Code   RO         4420    i.SDIO_ReadFIFO     stm32f4xx_ll_sdmmc.o
    0x080068ca   0x080068ca   0x00000028   Code   RO         4421    i.SDIO_SendCommand  stm32f4xx_ll_sdmmc.o
    0x080068f2   0x080068f2   0x0000000c   Code   RO         4423    i.SDIO_WriteFIFO    stm32f4xx_ll_sdmmc.o
    0x080068fe   0x080068fe   0x00000038   Code   RO         4424    i.SDMMC_CmdAppCommand  stm32f4xx_ll_sdmmc.o
    0x08006936   0x08006936   0x00000002   PAD
    0x08006938   0x08006938   0x0000003c   Code   RO         4425    i.SDMMC_CmdAppOperCommand  stm32f4xx_ll_sdmmc.o
    0x08006974   0x08006974   0x00000038   Code   RO         4426    i.SDMMC_CmdBlockLength  stm32f4xx_ll_sdmmc.o
    0x080069ac   0x080069ac   0x0000002c   Code   RO         4431    i.SDMMC_CmdGoIdleState  stm32f4xx_ll_sdmmc.o
    0x080069d8   0x080069d8   0x00000034   Code   RO         4433    i.SDMMC_CmdOperCond  stm32f4xx_ll_sdmmc.o
    0x08006a0c   0x08006a0c   0x00000038   Code   RO         4434    i.SDMMC_CmdReadMultiBlock  stm32f4xx_ll_sdmmc.o
    0x08006a44   0x08006a44   0x00000038   Code   RO         4435    i.SDMMC_CmdReadSingleBlock  stm32f4xx_ll_sdmmc.o
    0x08006a7c   0x08006a7c   0x0000003a   Code   RO         4438    i.SDMMC_CmdSelDesel  stm32f4xx_ll_sdmmc.o
    0x08006ab6   0x08006ab6   0x00000032   Code   RO         4439    i.SDMMC_CmdSendCID  stm32f4xx_ll_sdmmc.o
    0x08006ae8   0x08006ae8   0x00000032   Code   RO         4440    i.SDMMC_CmdSendCSD  stm32f4xx_ll_sdmmc.o
    0x08006b1a   0x08006b1a   0x00000038   Code   RO         4443    i.SDMMC_CmdSendStatus  stm32f4xx_ll_sdmmc.o
    0x08006b52   0x08006b52   0x00000038   Code   RO         4444    i.SDMMC_CmdSetRelAdd  stm32f4xx_ll_sdmmc.o
    0x08006b8a   0x08006b8a   0x00000002   PAD
    0x08006b8c   0x08006b8c   0x0000003c   Code   RO         4447    i.SDMMC_CmdStopTransfer  stm32f4xx_ll_sdmmc.o
    0x08006bc8   0x08006bc8   0x00000038   Code   RO         4449    i.SDMMC_CmdWriteMultiBlock  stm32f4xx_ll_sdmmc.o
    0x08006c00   0x08006c00   0x00000038   Code   RO         4450    i.SDMMC_CmdWriteSingleBlock  stm32f4xx_ll_sdmmc.o
    0x08006c38   0x08006c38   0x00000040   Code   RO         4451    i.SDMMC_GetCmdError  stm32f4xx_ll_sdmmc.o
    0x08006c78   0x08006c78   0x000001ac   Code   RO         4452    i.SDMMC_GetCmdResp1  stm32f4xx_ll_sdmmc.o
    0x08006e24   0x08006e24   0x00000064   Code   RO         4453    i.SDMMC_GetCmdResp2  stm32f4xx_ll_sdmmc.o
    0x08006e88   0x08006e88   0x00000058   Code   RO         4454    i.SDMMC_GetCmdResp3  stm32f4xx_ll_sdmmc.o
    0x08006ee0   0x08006ee0   0x000000b8   Code   RO         4455    i.SDMMC_GetCmdResp6  stm32f4xx_ll_sdmmc.o
    0x08006f98   0x08006f98   0x0000006c   Code   RO         4456    i.SDMMC_GetCmdResp7  stm32f4xx_ll_sdmmc.o
    0x08007004   0x08007004   0x00000028   Code   RO         5832    i.SD_CheckStatus    sd_diskio.o
    0x0800702c   0x0800702c   0x00000026   Code   RO         5833    i.SD_CheckStatusWithTimeout  sd_diskio.o
    0x08007052   0x08007052   0x00000002   PAD
    0x08007054   0x08007054   0x00000074   Code   RO         4731    i.SD_DMAError       stm32f4xx_hal_sd.o
    0x080070c8   0x080070c8   0x00000048   Code   RO         4732    i.SD_DMAReceiveCplt  stm32f4xx_hal_sd.o
    0x08007110   0x08007110   0x00000048   Code   RO         4733    i.SD_DMARxAbort     stm32f4xx_hal_sd.o
    0x08007158   0x08007158   0x00000012   Code   RO         4734    i.SD_DMATransmitCplt  stm32f4xx_hal_sd.o
    0x0800716a   0x0800716a   0x00000048   Code   RO         4735    i.SD_DMATxAbort     stm32f4xx_hal_sd.o
    0x080071b2   0x080071b2   0x00000102   Code   RO         4737    i.SD_InitCard       stm32f4xx_hal_sd.o
    0x080072b4   0x080072b4   0x000000cc   Code   RO         4739    i.SD_PowerON        stm32f4xx_hal_sd.o
    0x08007380   0x08007380   0x0000004a   Code   RO         4740    i.SD_Read_IT        stm32f4xx_hal_sd.o
    0x080073ca   0x080073ca   0x00000030   Code   RO         4742    i.SD_SendStatus     stm32f4xx_hal_sd.o
    0x080073fa   0x080073fa   0x00000054   Code   RO         4745    i.SD_Write_IT       stm32f4xx_hal_sd.o
    0x0800744e   0x0800744e   0x00000002   PAD
    0x08007450   0x08007450   0x0000006c   Code   RO         5834    i.SD_initialize     sd_diskio.o
    0x080074bc   0x080074bc   0x0000006c   Code   RO         5835    i.SD_ioctl          sd_diskio.o
    0x08007528   0x08007528   0x00000084   Code   RO         5836    i.SD_read           sd_diskio.o
    0x080075ac   0x080075ac   0x0000000c   Code   RO         5837    i.SD_status         sd_diskio.o
    0x080075b8   0x080075b8   0x00000080   Code   RO         5838    i.SD_write          sd_diskio.o
    0x08007638   0x08007638   0x00000068   Code   RO          515    i.SaveScroll        freertos.o
    0x080076a0   0x080076a0   0x000000d4   Code   RO          516    i.Scan_Music_Files  freertos.o
    0x08007774   0x08007774   0x000000d4   Code   RO          517    i.Scan_Text_Files   freertos.o
    0x08007848   0x08007848   0x00000178   Code   RO          518    i.Show_Boot_Sequence  freertos.o
    0x080079c0   0x080079c0   0x000000a0   Code   RO          519    i.Show_Loading_Sequence  freertos.o
    0x08007a60   0x08007a60   0x0000003c   Code   RO          520    i.StartDefaultTask  freertos.o
    0x08007a9c   0x08007a9c   0x00000078   Code   RO          521    i.Stop_Music        freertos.o
    0x08007b14   0x08007b14   0x00000034   Code   RO         7766    i.SysTick_Handler   port.o
    0x08007b48   0x08007b48   0x000000b8   Code   RO          331    i.SystemClock_Config  main.o
    0x08007c00   0x08007c00   0x00000014   Code   RO         5673    i.SystemInit        system_stm32f4xx.o
    0x08007c14   0x08007c14   0x00000010   Code   RO         1074    i.TIM3_IRQHandler   stm32f4xx_it.o
    0x08007c24   0x08007c24   0x00000010   Code   RO         1075    i.TIM7_IRQHandler   stm32f4xx_it.o
    0x08007c34   0x08007c34   0x00000018   Code   RO         1076    i.TIM8_TRG_COM_TIM14_IRQHandler  stm32f4xx_it.o
    0x08007c4c   0x08007c4c   0x000000e0   Code   RO         1353    i.TIM_Base_SetConfig  stm32f4xx_hal_tim.o
    0x08007d2c   0x08007d2c   0x00000022   Code   RO         1354    i.TIM_CCxChannelCmd  stm32f4xx_hal_tim.o
    0x08007d4e   0x08007d4e   0x00000016   Code   RO         1364    i.TIM_ETR_SetConfig  stm32f4xx_hal_tim.o
    0x08007d64   0x08007d64   0x00000012   Code   RO         1365    i.TIM_ITRx_SetConfig  stm32f4xx_hal_tim.o
    0x08007d76   0x08007d76   0x00000002   PAD
    0x08007d78   0x08007d78   0x00000070   Code   RO         1366    i.TIM_OC1_SetConfig  stm32f4xx_hal_tim.o
    0x08007de8   0x08007de8   0x0000007c   Code   RO         1367    i.TIM_OC2_SetConfig  stm32f4xx_hal_tim.o
    0x08007e64   0x08007e64   0x00000078   Code   RO         1368    i.TIM_OC3_SetConfig  stm32f4xx_hal_tim.o
    0x08007edc   0x08007edc   0x00000054   Code   RO         1369    i.TIM_OC4_SetConfig  stm32f4xx_hal_tim.o
    0x08007f30   0x08007f30   0x00000026   Code   RO         1371    i.TIM_TI1_ConfigInputStage  stm32f4xx_hal_tim.o
    0x08007f56   0x08007f56   0x00000028   Code   RO         1373    i.TIM_TI2_ConfigInputStage  stm32f4xx_hal_tim.o
    0x08007f7e   0x08007f7e   0x00000002   PAD
    0x08007f80   0x08007f80   0x0000022c   Code   RO         5356    i.UART_SetConfig    stm32f4xx_hal_uart.o
    0x080081ac   0x080081ac   0x000001f4   Code   RO          522    i.Update_Breakout_Game  freertos.o
    0x080083a0   0x080083a0   0x00000188   Code   RO          523    i.Update_Flappy_Game  freertos.o
    0x08008528   0x08008528   0x0000019c   Code   RO          524    i.Update_Racing_Game  freertos.o
    0x080086c4   0x080086c4   0x0000019c   Code   RO          525    i.Update_RunTiny_Game  freertos.o
    0x08008860   0x08008860   0x000001d8   Code   RO          526    i.Update_Snake_Game  freertos.o
    0x08008a38   0x08008a38   0x00000004   Code   RO         1077    i.UsageFault_Handler  stm32f4xx_it.o
    0x08008a3c   0x08008a3c   0x00000010   Code   RO         3281    i.__NVIC_GetPriorityGrouping  stm32f4xx_hal_cortex.o
    0x08008a4c   0x08008a4c   0x00000028   Code   RO         3282    i.__NVIC_SetPriority  stm32f4xx_hal_cortex.o
    0x08008a74   0x08008a74   0x0000007c   Code   RO         6005    i.check_fs          ff.o
    0x08008af0   0x08008af0   0x00000014   Code   RO         6006    i.chk_chr           ff.o
    0x08008b04   0x08008b04   0x0000007c   Code   RO         6007    i.chk_lock          ff.o
    0x08008b80   0x08008b80   0x00000028   Code   RO         6008    i.clear_lock        ff.o
    0x08008ba8   0x08008ba8   0x00000032   Code   RO         6009    i.clmt_clust        ff.o
    0x08008bda   0x08008bda   0x0000001a   Code   RO         6010    i.clust2sect        ff.o
    0x08008bf4   0x08008bf4   0x00000098   Code   RO         6011    i.cmp_lfn           ff.o
    0x08008c8c   0x08008c8c   0x000000de   Code   RO         6012    i.create_chain      ff.o
    0x08008d6a   0x08008d6a   0x00000002   PAD
    0x08008d6c   0x08008d6c   0x00000230   Code   RO         6013    i.create_name       ff.o
    0x08008f9c   0x08008f9c   0x00000044   Code   RO         6014    i.dec_lock          ff.o
    0x08008fe0   0x08008fe0   0x00000060   Code   RO         6015    i.dir_alloc         ff.o
    0x08009040   0x08009040   0x000000fc   Code   RO         6016    i.dir_find          ff.o
    0x0800913c   0x0800913c   0x0000010c   Code   RO         6017    i.dir_next          ff.o
    0x08009248   0x08009248   0x000000d2   Code   RO         6018    i.dir_read          ff.o
    0x0800931a   0x0800931a   0x00000142   Code   RO         6019    i.dir_register      ff.o
    0x0800945c   0x0800945c   0x0000009a   Code   RO         6021    i.dir_sdi           ff.o
    0x080094f6   0x080094f6   0x00000002   PAD
    0x080094f8   0x080094f8   0x00000030   Code   RO         5950    i.disk_initialize   diskio.o
    0x08009528   0x08009528   0x00000028   Code   RO         5951    i.disk_ioctl        diskio.o
    0x08009550   0x08009550   0x00000030   Code   RO         5952    i.disk_read         diskio.o
    0x08009580   0x08009580   0x0000001c   Code   RO         5953    i.disk_status       diskio.o
    0x0800959c   0x0800959c   0x00000030   Code   RO         5954    i.disk_write        diskio.o
    0x080095cc   0x080095cc   0x00000028   Code   RO         6022    i.enq_lock          ff.o
    0x080095f4   0x080095f4   0x00000034   Code   RO         6023    i.f_close           ff.o
    0x08009628   0x08009628   0x0000002e   Code   RO         6024    i.f_closedir        ff.o
    0x08009656   0x08009656   0x00000002   PAD
    0x08009658   0x08009658   0x00000084   Code   RO         6030    i.f_mount           ff.o
    0x080096dc   0x080096dc   0x00000242   Code   RO         6031    i.f_open            ff.o
    0x0800991e   0x0800991e   0x000000a0   Code   RO         6032    i.f_opendir         ff.o
    0x080099be   0x080099be   0x00000200   Code   RO         6036    i.f_read            ff.o
    0x08009bbe   0x08009bbe   0x00000064   Code   RO         6037    i.f_readdir         ff.o
    0x08009c22   0x08009c22   0x000000b0   Code   RO         6040    i.f_sync            ff.o
    0x08009cd2   0x08009cd2   0x00000002   PAD
    0x08009cd4   0x08009cd4   0x0000004c   Code   RO         6495    i.ff_convert        ccsbcs.o
    0x08009d20   0x08009d20   0x00000026   Code   RO         6447    i.ff_cre_syncobj    syscall.o
    0x08009d46   0x08009d46   0x0000000e   Code   RO         6448    i.ff_del_syncobj    syscall.o
    0x08009d54   0x08009d54   0x0000000c   Code   RO         6449    i.ff_rel_grant      syscall.o
    0x08009d60   0x08009d60   0x00000018   Code   RO         6450    i.ff_req_grant      syscall.o
    0x08009d78   0x08009d78   0x000000a4   Code   RO         6496    i.ff_wtoupper       ccsbcs.o
    0x08009e1c   0x08009e1c   0x0000030c   Code   RO         6044    i.find_volume       ff.o
    0x0800a128   0x0800a128   0x000000a2   Code   RO         6045    i.follow_path       ff.o
    0x0800a1ca   0x0800a1ca   0x00000002   PAD
    0x0800a1cc   0x0800a1cc   0x000000b4   Code   RO         6046    i.gen_numname       ff.o
    0x0800a280   0x0800a280   0x000000e0   Code   RO         6047    i.get_fat           ff.o
    0x0800a360   0x0800a360   0x00000004   Code   RO         5914    i.get_fattime       fatfs.o
    0x0800a364   0x0800a364   0x00000142   Code   RO         6048    i.get_fileinfo      ff.o
    0x0800a4a6   0x0800a4a6   0x00000048   Code   RO         6049    i.get_ldnumber      ff.o
    0x0800a4ee   0x0800a4ee   0x00000010   Code   RO         7329    i.inHandlerMode     cmsis_os.o
    0x0800a4fe   0x0800a4fe   0x00000002   PAD
    0x0800a500   0x0800a500   0x000000bc   Code   RO         6050    i.inc_lock          ff.o
    0x0800a5bc   0x0800a5bc   0x00000026   Code   RO         6051    i.ld_clust          ff.o
    0x0800a5e2   0x0800a5e2   0x00000018   Code   RO         6052    i.ld_dword          ff.o
    0x0800a5fa   0x0800a5fa   0x0000000c   Code   RO         6053    i.ld_word           ff.o
    0x0800a606   0x0800a606   0x00000016   Code   RO         6054    i.lock_fs           ff.o
    0x0800a61c   0x0800a61c   0x000000ec   Code   RO          332    i.main              main.o
    0x0800a708   0x0800a708   0x0000000e   Code   RO         7331    i.makeFreeRtosPriority  cmsis_os.o
    0x0800a716   0x0800a716   0x00000024   Code   RO         6055    i.mem_cmp           ff.o
    0x0800a73a   0x0800a73a   0x0000001a   Code   RO         6056    i.mem_cpy           ff.o
    0x0800a754   0x0800a754   0x00000012   Code   RO         6057    i.mem_set           ff.o
    0x0800a766   0x0800a766   0x00000034   Code   RO         6058    i.move_window       ff.o
    0x0800a79a   0x0800a79a   0x00000018   Code   RO         7333    i.osDelay           cmsis_os.o
    0x0800a7b2   0x0800a7b2   0x00000012   Code   RO         7335    i.osKernelRunning   cmsis_os.o
    0x0800a7c4   0x0800a7c4   0x0000000a   Code   RO         7336    i.osKernelStart     cmsis_os.o
    0x0800a7ce   0x0800a7ce   0x00000014   Code   RO         7337    i.osKernelSysTick   cmsis_os.o
    0x0800a7e2   0x0800a7e2   0x00000028   Code   RO         7345    i.osMessageCreate   cmsis_os.o
    0x0800a80a   0x0800a80a   0x00000002   PAD
    0x0800a80c   0x0800a80c   0x0000009c   Code   RO         7347    i.osMessageGet      cmsis_os.o
    0x0800a8a8   0x0800a8a8   0x00000060   Code   RO         7349    i.osMessagePut      cmsis_os.o
    0x0800a908   0x0800a908   0x0000004a   Code   RO         7362    i.osSemaphoreCreate  cmsis_os.o
    0x0800a952   0x0800a952   0x00000018   Code   RO         7363    i.osSemaphoreDelete  cmsis_os.o
    0x0800a96a   0x0800a96a   0x00000002   PAD
    0x0800a96c   0x0800a96c   0x00000050   Code   RO         7365    i.osSemaphoreRelease  cmsis_os.o
    0x0800a9bc   0x0800a9bc   0x00000068   Code   RO         7366    i.osSemaphoreWait   cmsis_os.o
    0x0800aa24   0x0800aa24   0x0000005e   Code   RO         7370    i.osThreadCreate    cmsis_os.o
    0x0800aa82   0x0800aa82   0x00000002   PAD
    0x0800aa84   0x0800aa84   0x00000088   Code   RO         6059    i.pick_lfn          ff.o
    0x0800ab0c   0x0800ab0c   0x00000098   Code   RO         7002    i.prvAddCurrentTaskToDelayedList  tasks.o
    0x0800aba4   0x0800aba4   0x000000b4   Code   RO         7003    i.prvAddNewTaskToReadyList  tasks.o
    0x0800ac58   0x0800ac58   0x00000048   Code   RO         7004    i.prvCheckTasksWaitingTermination  tasks.o
    0x0800aca0   0x0800aca0   0x0000002a   Code   RO         6668    i.prvCopyDataFromQueue  queue.o
    0x0800acca   0x0800acca   0x0000007e   Code   RO         6669    i.prvCopyDataToQueue  queue.o
    0x0800ad48   0x0800ad48   0x00000050   Code   RO         7005    i.prvDeleteTCB      tasks.o
    0x0800ad98   0x0800ad98   0x00000014   Code   RO         6670    i.prvGetDisinheritPriorityAfterTimeout  queue.o
    0x0800adac   0x0800adac   0x0000007c   Code   RO         7698    i.prvHeapInit       heap_4.o
    0x0800ae28   0x0800ae28   0x00000028   Code   RO         7006    i.prvIdleTask       tasks.o
    0x0800ae50   0x0800ae50   0x00000026   Code   RO         6672    i.prvInitialiseNewQueue  queue.o
    0x0800ae76   0x0800ae76   0x000000b4   Code   RO         7007    i.prvInitialiseNewTask  tasks.o
    0x0800af2a   0x0800af2a   0x00000002   PAD
    0x0800af2c   0x0800af2c   0x00000068   Code   RO         7008    i.prvInitialiseTaskLists  tasks.o
    0x0800af94   0x0800af94   0x00000068   Code   RO         7699    i.prvInsertBlockIntoFreeList  heap_4.o
    0x0800affc   0x0800affc   0x0000001a   Code   RO         6673    i.prvIsQueueEmpty   queue.o
    0x0800b016   0x0800b016   0x0000001e   Code   RO         6674    i.prvIsQueueFull    queue.o
    0x0800b034   0x0800b034   0x00000034   Code   RO         7009    i.prvResetNextTaskUnblockTime  tasks.o
    0x0800b068   0x0800b068   0x00000040   Code   RO         7767    i.prvTaskExitError  port.o
    0x0800b0a8   0x0800b0a8   0x0000007e   Code   RO         6675    i.prvUnlockQueue    queue.o
    0x0800b126   0x0800b126   0x00000138   Code   RO         6060    i.put_fat           ff.o
    0x0800b25e   0x0800b25e   0x00000002   PAD
    0x0800b260   0x0800b260   0x00000080   Code   RO         6061    i.put_lfn           ff.o
    0x0800b2e0   0x0800b2e0   0x0000014c   Code   RO         7700    i.pvPortMalloc      heap_4.o
    0x0800b42c   0x0800b42c   0x00000020   Code   RO         7011    i.pvTaskIncrementMutexHeldCount  tasks.o
    0x0800b44c   0x0800b44c   0x0000002c   Code   RO         7768    i.pxPortInitialiseStack  port.o
    0x0800b478   0x0800b478   0x0000009a   Code   RO         6065    i.remove_chain      ff.o
    0x0800b512   0x0800b512   0x00000024   Code   RO         6066    i.st_clust          ff.o
    0x0800b536   0x0800b536   0x00000018   Code   RO         6067    i.st_dword          ff.o
    0x0800b54e   0x0800b54e   0x0000000c   Code   RO         6068    i.st_word           ff.o
    0x0800b55a   0x0800b55a   0x00000020   Code   RO         6069    i.sum_sfn           ff.o
    0x0800b57a   0x0800b57a   0x00000002   PAD
    0x0800b57c   0x0800b57c   0x00000090   Code   RO         6070    i.sync_fs           ff.o
    0x0800b60c   0x0800b60c   0x00000052   Code   RO         6071    i.sync_window       ff.o
    0x0800b65e   0x0800b65e   0x0000001c   Code   RO         6072    i.unlock_fs         ff.o
    0x0800b67a   0x0800b67a   0x00000028   Code   RO         6628    i.uxListRemove      list.o
    0x0800b6a2   0x0800b6a2   0x00000002   PAD
    0x0800b6a4   0x0800b6a4   0x00000018   Code   RO          527    i.vApplicationGetIdleTaskMemory  freertos.o
    0x0800b6bc   0x0800b6bc   0x0000001a   Code   RO         6629    i.vListInitialise   list.o
    0x0800b6d6   0x0800b6d6   0x00000006   Code   RO         6630    i.vListInitialiseItem  list.o
    0x0800b6dc   0x0800b6dc   0x00000034   Code   RO         6631    i.vListInsert       list.o
    0x0800b710   0x0800b710   0x00000018   Code   RO         6632    i.vListInsertEnd    list.o
    0x0800b728   0x0800b728   0x00000054   Code   RO         7770    i.vPortEnterCritical  port.o
    0x0800b77c   0x0800b77c   0x0000003c   Code   RO         7771    i.vPortExitCritical  port.o
    0x0800b7b8   0x0800b7b8   0x000000a4   Code   RO         7701    i.vPortFree         heap_4.o
    0x0800b85c   0x0800b85c   0x00000028   Code   RO         7772    i.vPortSetupTimerInterrupt  port.o
    0x0800b884   0x0800b884   0x00000078   Code   RO         7773    i.vPortValidateInterruptPriority  port.o
    0x0800b8fc   0x0800b8fc   0x00000032   Code   RO         6680    i.vQueueDelete      queue.o
    0x0800b92e   0x0800b92e   0x00000002   PAD
    0x0800b930   0x0800b930   0x00000030   Code   RO         6681    i.vQueueUnregisterQueue  queue.o
    0x0800b960   0x0800b960   0x0000005c   Code   RO         7018    i.vTaskDelay        tasks.o
    0x0800b9bc   0x0800b9bc   0x00000018   Code   RO         7021    i.vTaskInternalSetTimeOutState  tasks.o
    0x0800b9d4   0x0800b9d4   0x0000000c   Code   RO         7022    i.vTaskMissedYield  tasks.o
    0x0800b9e0   0x0800b9e0   0x00000038   Code   RO         7024    i.vTaskPlaceOnEventList  tasks.o
    0x0800ba18   0x0800ba18   0x000000e4   Code   RO         7026    i.vTaskPriorityDisinheritAfterTimeout  tasks.o
    0x0800bafc   0x0800bafc   0x000000b0   Code   RO         7031    i.vTaskStartScheduler  tasks.o
    0x0800bbac   0x0800bbac   0x00000010   Code   RO         7033    i.vTaskSuspendAll   tasks.o
    0x0800bbbc   0x0800bbbc   0x0000008c   Code   RO         7034    i.vTaskSwitchContext  tasks.o
    0x0800bc48   0x0800bc48   0x00000052   Code   RO         6073    i.validate          ff.o
    0x0800bc9a   0x0800bc9a   0x00000002   PAD
    0x0800bc9c   0x0800bc9c   0x00000168   Code   RO         7774    i.xPortStartScheduler  port.o
    0x0800be04   0x0800be04   0x0000005a   Code   RO         6684    i.xQueueGenericCreate  queue.o
    0x0800be5e   0x0800be5e   0x000000e0   Code   RO         6685    i.xQueueGenericCreateStatic  queue.o
    0x0800bf3e   0x0800bf3e   0x00000002   PAD
    0x0800bf40   0x0800bf40   0x00000098   Code   RO         6686    i.xQueueGenericReset  queue.o
    0x0800bfd8   0x0800bfd8   0x000001a8   Code   RO         6687    i.xQueueGenericSend  queue.o
    0x0800c180   0x0800c180   0x000000fc   Code   RO         6688    i.xQueueGenericSendFromISR  queue.o
    0x0800c27c   0x0800c27c   0x000000e0   Code   RO         6689    i.xQueueGiveFromISR  queue.o
    0x0800c35c   0x0800c35c   0x00000168   Code   RO         6694    i.xQueueReceive     queue.o
    0x0800c4c4   0x0800c4c4   0x000000ca   Code   RO         6695    i.xQueueReceiveFromISR  queue.o
    0x0800c58e   0x0800c58e   0x00000002   PAD
    0x0800c590   0x0800c590   0x000001b8   Code   RO         6696    i.xQueueSemaphoreTake  queue.o
    0x0800c748   0x0800c748   0x0000008c   Code   RO         7036    i.xTaskCheckForTimeOut  tasks.o
    0x0800c7d4   0x0800c7d4   0x00000064   Code   RO         7037    i.xTaskCreate       tasks.o
    0x0800c838   0x0800c838   0x000000ba   Code   RO         7038    i.xTaskCreateStatic  tasks.o
    0x0800c8f2   0x0800c8f2   0x00000002   PAD
    0x0800c8f4   0x0800c8f4   0x00000020   Code   RO         7042    i.xTaskGetSchedulerState  tasks.o
    0x0800c914   0x0800c914   0x0000000c   Code   RO         7043    i.xTaskGetTickCount  tasks.o
    0x0800c920   0x0800c920   0x00000014   Code   RO         7044    i.xTaskGetTickCountFromISR  tasks.o
    0x0800c934   0x0800c934   0x00000148   Code   RO         7045    i.xTaskIncrementTick  tasks.o
    0x0800ca7c   0x0800ca7c   0x000000c8   Code   RO         7048    i.xTaskPriorityDisinherit  tasks.o
    0x0800cb44   0x0800cb44   0x000000b8   Code   RO         7049    i.xTaskPriorityInherit  tasks.o
    0x0800cbfc   0x0800cbfc   0x00000098   Code   RO         7050    i.xTaskRemoveFromEventList  tasks.o
    0x0800cc94   0x0800cc94   0x00000104   Code   RO         7051    i.xTaskResumeAll    tasks.o
    0x0800cd98   0x0800cd98   0x00000150   Code   RO         7910    x$fpl$dadd          fz_wm.l(daddsub_clz.o)
    0x0800cee8   0x0800cee8   0x0000005e   Code   RO         7916    x$fpl$dfix          fz_wm.l(dfix.o)
    0x0800cf46   0x0800cf46   0x0000002e   Code   RO         7921    x$fpl$dflt          fz_wm.l(dflt_clz.o)
    0x0800cf74   0x0800cf74   0x00000154   Code   RO         7926    x$fpl$dmul          fz_wm.l(dmul.o)
    0x0800d0c8   0x0800d0c8   0x0000009c   Code   RO         7993    x$fpl$dnaninf       fz_wm.l(dnaninf.o)
    0x0800d164   0x0800d164   0x0000000c   Code   RO         7995    x$fpl$dretinf       fz_wm.l(dretinf.o)
    0x0800d170   0x0800d170   0x000001d4   Code   RO         7912    x$fpl$dsub          fz_wm.l(daddsub_clz.o)
    0x0800d344   0x0800d344   0x0000000a   Code   RO         8019    x$fpl$fpinit        fz_wm.l(fpinit.o)
    0x0800d34e   0x0800d34e   0x00000000   Code   RO         7997    x$fpl$usenofp       fz_wm.l(usenofp.o)
    0x0800d34e   0x0800d34e   0x00000002   PAD
    0x0800d350   0x0800d350   0x000000ac   Data   RO          529    .constdata          freertos.o
    0x0800d3fc   0x0800d3fc   0x00000008   Data   RO         2995    .constdata          stm32f4xx_hal_dma.o
    0x0800d404   0x0800d404   0x00000018   Data   RO         5674    .constdata          system_stm32f4xx.o
    0x0800d41c   0x0800d41c   0x00000024   Data   RO         5839    .constdata          sd_diskio.o
    0x0800d440   0x0800d440   0x000000aa   Data   RO         6075    .constdata          ff.o
    0x0800d4ea   0x0800d4ea   0x000003ae   Data   RO         6497    .constdata          ccsbcs.o
    0x0800d898   0x0800d898   0x000000e8   Data   RO          530    .conststring        freertos.o
    0x0800d980   0x0800d980   0x00000020   Data   RO         8113    Region$$Table       anon$$obj.o


    Execution Region RW_IRAM1 (Exec base: 0x20000000, Load base: 0x0800d9a0, Size: 0x0000d258, Max: 0x0001c000, ABSOLUTE, COMPRESSED[0x000000f0])

    Exec Addr    Load Addr    Size         Type   Attr      Idx    E Section Name        Object

    0x20000000   COMPRESSED   0x000002b4   Data   RW          334    .data               main.o
    0x200002b4   COMPRESSED   0x00000090   Data   RW          531    .data               freertos.o
    0x20000344   COMPRESSED   0x00000009   Data   RW         3445    .data               stm32f4xx_hal.o
    0x2000034d   COMPRESSED   0x00000003   PAD
    0x20000350   COMPRESSED   0x00000004   Data   RW         5675    .data               system_stm32f4xx.o
    0x20000354   COMPRESSED   0x00000008   Data   RW         5840    .data               sd_diskio.o
    0x2000035c   COMPRESSED   0x00000005   Data   RW         5916    .data               fatfs.o
    0x20000361   COMPRESSED   0x00000003   PAD
    0x20000364   COMPRESSED   0x00000006   Data   RW         6076    .data               ff.o
    0x2000036a   COMPRESSED   0x00000002   PAD
    0x2000036c   COMPRESSED   0x0000003c   Data   RW         7054    .data               tasks.o
    0x200003a8   COMPRESSED   0x00000020   Data   RW         7707    .data               heap_4.o
    0x200003c8   COMPRESSED   0x0000000c   Data   RW         7775    .data               port.o
    0x200003d4        -       0x0000467a   Zero   RW          333    .bss                main.o
    0x20004a4e   COMPRESSED   0x00000002   PAD
    0x20004a50        -       0x00001a84   Zero   RW          528    .bss                freertos.o
    0x200064d4        -       0x00000028   Zero   RW          690    .bss                can.o
    0x200064fc        -       0x000000d4   Zero   RW          732    .bss                dac.o
    0x200065d0        -       0x00000054   Zero   RW          798    .bss                i2c.o
    0x20006624        -       0x00000144   Zero   RW          840    .bss                sdio.o
    0x20006768        -       0x00000058   Zero   RW          882    .bss                spi.o
    0x200067c0        -       0x00000168   Zero   RW          933    .bss                tim.o
    0x20006928        -       0x00000048   Zero   RW         1020    .bss                usart.o
    0x20006970        -       0x00000048   Zero   RW         1222    .bss                stm32f4xx_hal_timebase_tim.o
    0x200069b8        -       0x00000020   Zero   RW         6074    .bss                ff.o
    0x200069d8        -       0x0000000c   Zero   RW         6401    .bss                ff_gen_drv.o
    0x200069e4        -       0x00000040   Zero   RW         6697    .bss                queue.o
    0x20006a24        -       0x000000f0   Zero   RW         7053    .bss                tasks.o
    0x20006b14        -       0x00006000   Zero   RW         7706    .bss                heap_4.o
    0x2000cb14        -       0x000000e4   Zero   RW         7885    .bss                c_w.l(rand.o)
    0x2000cbf8        -       0x00000060   Zero   RW         8042    .bss                c_w.l(libspace.o)
    0x2000cc58        -       0x00000200   Zero   RW            2    HEAP                startup_stm32f407xx.o
    0x2000ce58        -       0x00000400   Zero   RW            1    STACK               startup_stm32f407xx.o


    Execution Region RW_IRAM2 (Exec base: 0x2001c000, Load base: 0x0800da90, Size: 0x00000000, Max: 0x00004000, ABSOLUTE)

    **** No section assigned to this execution region ****


==============================================================================

Image component sizes


      Code (inc. data)   RO Data    RW Data    ZI Data      Debug   Object Name

       200         26          0          0          0       6290   bsp_driver_sd.o
       192         20          0          0         40       1669   can.o
       240         24        942          0          0       2179   ccsbcs.o
       770         18          0          0          0      36002   cmsis_os.o
       352         32          0          0        212       1891   dac.o
       212         26          0          0          0       3901   diskio.o
       136          6          0          0          0        834   dma.o
        76          0          0          0          0     752941   draw.o
         0          0          0          0          0      20040   event_groups.o
        32         12          0          5          0       1528   fatfs.o
      7810        108        170          6         32      49473   ff.o
       102          6          0          0         12       1683   ff_gen_drv.o
     12288       1728        404        144       6788      30963   freertos.o
       384         18          0          0          0       1111   gpio.o
       724         74          0         32      24576       7447   heap_4.o
       196         26          0          0         84       1669   i2c.o
       148          0          0          0          0       3594   list.o
      1100        152          0        692      18042      41770   main.o
      1014         92          0         12          0      12073   port.o
      2874         24          0          0         64      23583   queue.o
       606         44         36          8          0      13885   sd_diskio.o
       444         38          0          0        324       1971   sdio.o
       264         26          0          0         88       1749   spi.o
        64         26        392          0       1536        848   startup_stm32f407xx.o
       136         24          0          9          0       8738   stm32f4xx_hal.o
       372          0          0          0          0       1399   stm32f4xx_hal_can.o
       260         22          0          0          0      33590   stm32f4xx_hal_cortex.o
       460          0          0          0          0       4996   stm32f4xx_hal_dac.o
      1442         16          8          0          0       7649   stm32f4xx_hal_dma.o
       576         50          0          0          0       4083   stm32f4xx_hal_gpio.o
       464         18          0          0          0       2151   stm32f4xx_hal_i2c.o
        84          6          0          0          0        866   stm32f4xx_hal_msp.o
      1888         94          0          0          0       6301   stm32f4xx_hal_rcc.o
      2994         70          0          0          0      15547   stm32f4xx_hal_sd.o
       200          0          0          0          0       1211   stm32f4xx_hal_spi.o
      2916        172          0          0          0      18814   stm32f4xx_hal_tim.o
       184         30          0          0          0       2533   stm32f4xx_hal_tim_ex.o
       180         20          0          0         72       1479   stm32f4xx_hal_timebase_tim.o
       674         10          0          0          0       1876   stm32f4xx_hal_uart.o
       210         50          0          0          0       9360   stm32f4xx_it.o
      1990         46          0          0          0      23096   stm32f4xx_ll_sdmmc.o
         0          0          0          0          0        416   stream_buffer.o
        88          0          0          0          0       3512   syscall.o
        20          6         24          4          0       1139   system_stm32f4xx.o
      3250        380          0         60        240      29788   tasks.o
       968         82          0          0        360       6242   tim.o
       192         22          0          0         72       1702   usart.o

    ----------------------------------------------------------------------
     49844       3644       2008        980      52544    1205582   Object Totals
         0          0         32          0          0          0   (incl. Generated)
        68          0          0          8          2          0   (incl. Padding)

    ----------------------------------------------------------------------

      Code (inc. data)   RO Data    RW Data    ZI Data      Debug   Library Member Name

        90          0          0          0          0          0   __dczerorl2.o
         8          0          0          0          0         68   __main.o
       104          0          0          0          0         84   __printf.o
         0          0          0          0          0          0   __rtentry.o
        12          0          0          0          0          0   __rtentry2.o
         6          0          0          0          0          0   __rtentry4.o
        52          8          0          0          0          0   __scatter.o
        28          0          0          0          0          0   __scatter_zi.o
        44          0          0          0          0        108   _printf_char.o
        48          6          0          0          0         96   _printf_char_common.o
         6          0          0          0          0          0   _printf_d.o
       120         16          0          0          0         92   _printf_dec.o
       178          0          0          0          0         88   _printf_intcommon.o
         0          0          0          0          0          0   _printf_percent.o
         4          0          0          0          0          0   _printf_percent_end.o
         6          0          0          0          0          0   _printf_s.o
        82          0          0          0          0         80   _printf_str.o
        16          0          0          0          0         68   _snputc.o
        10          0          0          0          0         68   _sputc.o
        18          0          0          0          0         80   exit.o
         6          0          0          0          0        152   heapauxi.o
         0          0          0          0          0          0   indicate_semi.o
         2          0          0          0          0          0   libinit.o
        10          0          0          0          0          0   libinit2.o
         2          0          0          0          0          0   libshutdown.o
         2          0          0          0          0          0   libshutdown2.o
         8          4          0          0         96         68   libspace.o
       238          0          0          0          0        100   lludivv7m.o
        52          4          0          0          0         84   noretval__2snprintf.o
        40          6          0          0          0         84   noretval__2sprintf.o
       112         18          0          0        228        160   rand.o
        68          0          0          0          0         68   rt_memclr.o
        78          0          0          0          0         80   rt_memclr_w.o
       138          0          0          0          0         68   rt_memcpy_v6.o
       100          0          0          0          0         80   rt_memcpy_w.o
       132          0          0          0          0         68   rt_memmove_v6.o
       122          0          0          0          0         80   rt_memmove_w.o
         2          0          0          0          0          0   rtexit.o
        10          0          0          0          0          0   rtexit2.o
        72          0          0          0          0         80   strcpy.o
       150          0          0          0          0         80   strncmp.o
        86          0          0          0          0         76   strncpy.o
        36          0          0          0          0         80   strstr.o
        12          4          0          0          0         68   sys_exit.o
        74          0          0          0          0         80   sys_stackheap_outer.o
         2          0          0          0          0         68   use_no_semi.o
       804         16          0          0          0        368   daddsub_clz.o
        94          4          0          0          0        140   dfix.o
        46          0          0          0          0        116   dflt_clz.o
       340         12          0          0          0        152   dmul.o
       156          4          0          0          0        140   dnaninf.o
        12          0          0          0          0        116   dretinf.o
        10          0          0          0          0        116   fpinit.o
         0          0          0          0          0          0   usenofp.o

    ----------------------------------------------------------------------
      3860        102          0          0        324       3604   Library Totals
        12          0          0          0          0          0   (incl. Padding)

    ----------------------------------------------------------------------

      Code (inc. data)   RO Data    RW Data    ZI Data      Debug   Library Name

      2386         66          0          0        324       2456   c_w.l
      1462         36          0          0          0       1148   fz_wm.l

    ----------------------------------------------------------------------
      3860        102          0          0        324       3604   Library Totals

    ----------------------------------------------------------------------

==============================================================================


      Code (inc. data)   RO Data    RW Data    ZI Data      Debug   

     53704       3746       2008        980      52868    1170234   Grand Totals
     53704       3746       2008        240      52868    1170234   ELF Image Totals (compressed)
     53704       3746       2008        240          0          0   ROM Totals

==============================================================================

    Total RO  Size (Code + RO Data)                55712 (  54.41kB)
    Total RW  Size (RW Data + ZI Data)             53848 (  52.59kB)
    Total ROM Size (Code + RO Data + RW Data)      55952 (  54.64kB)

==============================================================================

